=== Отчёт: прогностическая сила последовательных движений цены ===
Пар: 49
Период теста (UTC): 2024-04-01 .. 2026-05-31
Фильтр пар: первая свеча не позже 2023-01-01 (UTC)
Пары: 1000luncusdt, aaveusdt, adausdt, algousdt, aliceusdt, apeusdt, api3usdt, aptusdt, atomusdt, avaxusdt, axsusdt
      bchusdt, bnbusdt, btcusdt, chzusdt, crvusdt, dashusdt, dogeusdt, dotusdt, dydxusdt, egldusdt, enjusdt
      etcusdt, ethusdt, filusdt, galausdt, gmtusdt, hbarusdt, icpusdt, injusdt, ldousdt, linkusdt, ltcusdt
      nearusdt, ontusdt, opusdt, paxgusdt, sandusdt, shib1000usdt, solusdt, storjusdt, stxusdt, trxusdt, uniusdt
      xlmusdt, xmrusdt, xrpusdt, zecusdt, zenusdt

=== Таблица условных вероятностей, % ===
Условие по строке: до текущего дня шла серия роста/падения. Для 6д используется бакет >=6.
Колонки: пороги μ×0.5 / μ×1.5 от среднего **своей пары** (mean роста/падения считается отдельно по каждому символу).
Сценарий                   | Закрытие в плюсе | Рост close: сильный | Рост close: умеренный | Рост close: слабый | Закрытие в минусе | Падение close: слабое | Падение close: умеренное | Падение close: сильное | High ≥ порог роста | High > сильный рост | Low ≤ порог падения | Low < сильное падение
---------------------------------------------------------------------------------------------------------------------------------------------------------------------------------------------------------------------------------------------------------------------------------------------------------
После 6д падения (n=478)   |   57.7 (2/3) [5] |      20.1 (3/3) [6] |        27.6 (3/3) [4] |     10.0 (3/3) [7] |    42.1 (2/3) [5] |         7.5 (3/3) [7] |           16.9 (3/3) [5] |         17.6 (1/3) [5] |     73.2 (2/3) [5] |      39.1 (3/3) [7] |      60.9 (3/3) [5] |        32.6 (1/3) [5]
После 5д падения (n=599)   |   53.8 (3/3) [5] |      17.0 (2/3) [7] |        19.9 (1/3) [7] |     16.9 (2/3) [5] |    46.2 (3/3) [5] |        16.0 (2/3) [4] |           21.5 (2/3) [5] |          8.7 (3/3) [8] |     73.3 (3/3) [6] |      32.1 (2/3) [6] |      71.8 (2/3) [4] |        30.2 (2/3) [5]
После 4д падения (n=1338)  |  55.2 (3/3) [39] |     15.3 (3/3) [33] |       21.9 (2/3) [26] |    18.0 (1/3) [29] |   44.8 (3/3) [39] |       13.2 (3/3) [31] |          19.9 (3/3) [32] |        11.7 (2/3) [31] |    71.0 (3/3) [33] |     31.3 (3/3) [36] |     62.0 (3/3) [37] |       30.6 (1/3) [27]
После 3д падения (n=2793)  |  51.7 (3/3) [37] |     12.6 (2/3) [28] |       22.0 (3/3) [32] |    17.1 (2/3) [28] |   48.1 (3/3) [37] |       14.9 (2/3) [28] |          19.9 (2/3) [39] |        13.3 (2/3) [24] |    68.3 (2/3) [29] |     25.9 (2/3) [27] |     71.0 (1/3) [26] |       31.3 (3/3) [29]
После 2д падения (n=5213)  |  46.2 (2/3) [29] |     12.1 (3/3) [17] |       19.4 (2/3) [28] |    14.7 (2/3) [28] |   53.6 (2/3) [29] |       16.5 (2/3) [29] |          23.8 (2/3) [24] |        13.3 (2/3) [27] |    68.2 (2/3) [29] |     25.2 (1/3) [13] |     73.2 (2/3) [36] |       32.5 (3/3) [39]
После 1д падения (n=9621)  |  45.5 (3/3) [40] |     10.9 (3/3) [35] |       19.5 (2/3) [28] |    15.1 (3/3) [31] |   54.3 (3/3) [40] |       14.8 (3/3) [35] |          24.9 (2/3) [36] |        14.6 (3/3) [40] |    68.5 (2/3) [31] |     23.6 (3/3) [33] |     73.3 (3/3) [39] |       32.8 (3/3) [43]
После 6д роста (n=422)     |   46.9 (1/3) [1] |      16.8 (2/3) [1] |        17.1 (2/3) [1] |     13.0 (2/3) [1] |    52.8 (1/3) [1] |        12.1 (2/3) [1] |           24.9 (2/3) [1] |         15.9 (3/3) [1] |     68.2 (1/3) [1] |      32.7 (3/3) [0] |      78.0 (3/3) [1] |        36.5 (3/3) [0]
После 5д роста (n=471)     |   47.6 (2/3) [2] |      15.7 (2/3) [2] |        17.6 (3/3) [2] |     14.2 (2/3) [2] |    52.4 (2/3) [2] |        15.9 (0/3) [0] |           26.3 (2/3) [0] |         10.2 (3/3) [1] |     69.0 (3/3) [0] |      33.3 (2/3) [1] |      74.9 (3/3) [1] |        31.8 (2/3) [1]
После 4д роста (n=980)     |  48.1 (2/3) [26] |     12.8 (2/3) [27] |       18.1 (2/3) [30] |    17.2 (3/3) [27] |   51.6 (2/3) [26] |       18.9 (2/3) [29] |          21.9 (2/3) [31] |        10.8 (2/3) [32] |    68.5 (1/3) [25] |     27.7 (2/3) [30] |     75.8 (2/3) [37] |       25.5 (2/3) [33]
После 3д роста (n=2258)    |  43.4 (3/3) [37] |     11.5 (3/3) [24] |       17.4 (3/3) [35] |    14.6 (2/3) [29] |   56.4 (3/3) [36] |       16.2 (2/3) [22] |          24.5 (2/3) [27] |        15.7 (2/3) [36] |    64.0 (3/3) [33] |     24.3 (2/3) [27] |     73.2 (2/3) [35] |       31.7 (2/3) [30]
После 2д роста (n=4681)    |  48.3 (1/3) [23] |     12.6 (2/3) [25] |       19.2 (2/3) [31] |    16.5 (2/3) [28] |   51.5 (1/3) [24] |       16.8 (2/3) [29] |          23.9 (1/3) [23] |        10.8 (2/3) [38] |    64.9 (2/3) [38] |     25.7 (1/3) [28] |     70.4 (1/3) [28] |       24.1 (3/3) [47]
После 1д роста (n=9587)    |  48.8 (2/3) [31] |     11.0 (1/3) [36] |       21.8 (2/3) [38] |    16.0 (2/3) [23] |   51.0 (2/3) [32] |       17.1 (3/3) [30] |          22.8 (1/3) [31] |        11.1 (3/3) [40] |    65.8 (2/3) [31] |     23.9 (2/3) [37] |     67.5 (3/3) [44] |       25.3 (3/3) [48]
BASE без условий (n=38441) |             47.8 |                12.0 |                  20.2 |               15.6 |              52.0 |                  15.9 |                     23.3 |                   12.8 |               67.3 |                25.3 |                70.9 |                  29.4

=== Δ к BASE (п.п.) ===
Сценарий                   | Закрытие в плюсе | Рост close: сильный | Рост close: умеренный | Рост close: слабый | Закрытие в минусе | Падение close: слабое | Падение close: умеренное | Падение close: сильное | High ≥ порог роста | High > сильный рост | Low ≤ порог падения | Low < сильное падение
---------------------------------------------------------------------------------------------------------------------------------------------------------------------------------------------------------------------------------------------------------------------------------------------------------
После 6д падения (n=478)   |   +9.9 (2/3) [5] |      +8.1 (3/3) [6] |        +7.4 (3/3) [4] |     -5.6 (3/3) [7] |    -9.9 (2/3) [5] |        -8.3 (3/3) [7] |           -6.4 (3/3) [5] |         +4.8 (1/3) [5] |     +5.9 (2/3) [5] |     +13.9 (3/3) [7] |     -10.0 (3/3) [5] |        +3.2 (1/3) [5]
После 5д падения (n=599)   |   +5.9 (3/3) [5] |      +5.0 (2/3) [7] |        -0.3 (1/3) [7] |     +1.2 (2/3) [5] |    -5.7 (3/3) [5] |        +0.1 (2/3) [4] |           -1.8 (2/3) [5] |         -4.1 (3/3) [8] |     +6.0 (3/3) [6] |      +6.8 (2/3) [6] |      +0.9 (2/3) [4] |        +0.8 (2/3) [5]
После 4д падения (n=1338)  |  +7.4 (3/3) [39] |     +3.3 (3/3) [33] |       +1.7 (2/3) [26] |    +2.4 (1/3) [29] |   -7.2 (3/3) [39] |       -2.7 (3/3) [31] |          -3.5 (3/3) [32] |        -1.0 (2/3) [31] |    +3.7 (3/3) [33] |     +6.1 (3/3) [36] |     -8.9 (3/3) [37] |       +1.2 (1/3) [27]
После 3д падения (n=2793)  |  +3.8 (3/3) [37] |     +0.6 (2/3) [28] |       +1.8 (3/3) [32] |    +1.4 (2/3) [28] |   -3.9 (3/3) [37] |       -1.0 (2/3) [28] |          -3.4 (2/3) [39] |        +0.5 (2/3) [24] |    +1.1 (2/3) [29] |     +0.6 (2/3) [27] |     +0.1 (1/3) [26] |       +1.9 (3/3) [29]
После 2д падения (n=5213)  |  -1.6 (2/3) [29] |     +0.1 (3/3) [17] |       -0.7 (2/3) [28] |    -0.9 (2/3) [28] |   +1.6 (2/3) [29] |       +0.6 (2/3) [29] |          +0.4 (2/3) [24] |        +0.6 (2/3) [27] |    +0.9 (2/3) [29] |     -0.1 (1/3) [13] |     +2.3 (2/3) [36] |       +3.1 (3/3) [39]
После 1д падения (n=9621)  |  -2.3 (3/3) [40] |     -1.1 (3/3) [35] |       -0.7 (2/3) [28] |    -0.6 (3/3) [31] |   +2.3 (3/3) [40] |       -1.1 (3/3) [35] |          +1.6 (2/3) [36] |        +1.9 (3/3) [40] |    +1.2 (2/3) [31] |     -1.6 (3/3) [33] |     +2.4 (3/3) [39] |       +3.4 (3/3) [43]
После 6д роста (n=422)     |   -0.9 (1/3) [1] |      +4.8 (2/3) [1] |        -3.1 (2/3) [1] |     -2.6 (2/3) [1] |    +0.9 (1/3) [1] |        -3.8 (2/3) [1] |           +1.5 (2/3) [1] |         +3.1 (3/3) [1] |     +1.0 (1/3) [1] |      +7.4 (3/3) [0] |      +7.1 (3/3) [1] |        +7.1 (3/3) [0]
После 5д роста (n=471)     |   -0.3 (2/3) [2] |      +3.7 (2/3) [2] |        -2.6 (3/3) [2] |     -1.4 (2/3) [2] |    +0.5 (2/3) [2] |        +0.0 (0/3) [0] |           +3.0 (2/3) [0] |         -2.6 (3/3) [1] |     +1.7 (3/3) [0] |      +8.1 (2/3) [1] |      +4.1 (3/3) [1] |        +2.5 (2/3) [1]
После 4д роста (n=980)     |  +0.2 (2/3) [26] |     +0.7 (2/3) [27] |       -2.1 (2/3) [30] |    +1.6 (3/3) [27] |   -0.4 (2/3) [26] |       +3.0 (2/3) [29] |          -1.4 (2/3) [31] |        -2.0 (2/3) [32] |    +1.2 (1/3) [25] |     +2.4 (2/3) [30] |     +4.9 (2/3) [37] |       -3.9 (2/3) [33]
После 3д роста (n=2258)    |  -4.4 (3/3) [37] |     -0.5 (3/3) [24] |       -2.8 (3/3) [35] |    -1.1 (2/3) [29] |   +4.4 (3/3) [36] |       +0.3 (2/3) [22] |          +1.2 (2/3) [27] |        +2.9 (2/3) [36] |    -3.2 (3/3) [33] |     -1.0 (2/3) [27] |     +2.3 (2/3) [35] |       +2.3 (2/3) [30]
После 2д роста (n=4681)    |  +0.5 (1/3) [23] |     +0.6 (2/3) [25] |       -1.0 (2/3) [31] |    +0.9 (2/3) [28] |   -0.5 (1/3) [24] |       +0.9 (2/3) [29] |          +0.6 (1/3) [23] |        -2.0 (2/3) [38] |    -2.4 (2/3) [38] |     +0.4 (1/3) [28] |     -0.5 (1/3) [28] |       -5.3 (3/3) [47]
После 1д роста (n=9587)    |  +1.0 (2/3) [31] |     -1.0 (1/3) [36] |       +1.6 (2/3) [38] |    +0.3 (2/3) [23] |   -1.0 (2/3) [32] |       +1.2 (3/3) [30] |          -0.5 (1/3) [31] |        -1.7 (3/3) [40] |    -1.5 (2/3) [31] |     -1.4 (2/3) [37] |     -3.4 (3/3) [44] |       -4.0 (3/3) [48]

Примечание: n/a = в истории не было таких строковых условий.
BASE = безусловная вероятность по всем дням, где определён сценарий строки.

=== Пояснение к строкам таблицы ===

Строка, например «После 3д падения (n=4677)»:

  После Nд падения/роста — перед текущим днём была непрерывная серия дней с закрытием ниже/выше open; N=1…6 (для серий ≥6 дней используется бакет 6д).
  n=4677 — число дней в выборке (все пары × все такие эпизоды).

Пороги μ×0.5 / μ×1.5 в колонках — отдельно по каждой паре (среднее дней роста / падения после обрезки перцентилей 5–95%).

=== Пояснение к ячейкам таблиц ===

В ячейке, например 50.7 (2/5) [36]:

  50.7     — доля дней с условием колонки (%)
  (2/5)    — в Y годах с достаточной историей знак отклонения доли колонки от BASE совпал с общим; в X — совпал
  [36]     — 36 пар из отобранных, у которых на своих данных тот же знак Δ

Год в знаменатель (X/Y) попадает только если в этом году ≥ 40 дней для BASE и ≥ 15 дней для строки сценария.
Для [пар] аналогично: ≥ 40 / ≥ 15 дней по каждой паре.
