2026-06-17 16:27:34 INFO crypto_research.ml_research: [ml] log file: /home_admin/crypto_bot/crypto_research/research_outputs/combined/dow_ema_sp/ml/direction_dow_ema_20220101_20260531.log
2026-06-17 16:27:34 INFO crypto_research.ml_dataset: [ml] pair filter: first_candle <= 2023-01-01 → 49 pairs
2026-06-17 16:28:18 INFO crypto_research.load: [1] Загрузка данных: пар=49 строк=46567998 ~1243.5 MB
2026-06-17 16:28:18 INFO crypto_research.load:   1000luncusdt: rows=656821 2022-12-31 .. 2024-04-01
2026-06-17 16:28:18 INFO crypto_research.load:   aaveusdt: rows=1182241 2022-01-01 .. 2024-04-01
2026-06-17 16:28:18 INFO crypto_research.load:   adausdt: rows=1182241 2022-01-01 .. 2024-04-01
2026-06-17 16:28:18 INFO crypto_research.load:   algousdt: rows=1182241 2022-01-01 .. 2024-04-01
2026-06-17 16:28:18 INFO crypto_research.load:   aliceusdt: rows=1182241 2022-01-01 .. 2024-04-01
2026-06-17 16:28:18 INFO crypto_research.load:   apeusdt: rows=656821 2022-12-31 .. 2024-04-01
2026-06-17 16:28:18 INFO crypto_research.load:   api3usdt: rows=1098270 2022-02-28 .. 2024-04-01
2026-06-17 16:28:18 INFO crypto_research.load:   aptusdt: rows=763033 2022-10-19 .. 2024-04-01
2026-06-17 16:28:18 INFO crypto_research.load:   atomusdt: rows=1182241 2022-01-01 .. 2024-04-01
2026-06-17 16:28:18 INFO crypto_research.load:   avaxusdt: rows=1182241 2022-01-01 .. 2024-04-01
2026-06-17 16:28:18 INFO crypto_research.load:   axsusdt: rows=656821 2022-12-31 .. 2024-04-01
2026-06-17 16:28:18 INFO crypto_research.load:   bchusdt: rows=1182241 2022-01-01 .. 2024-04-01
2026-06-17 16:28:18 INFO crypto_research.load:   bnbusdt: rows=1182241 2022-01-01 .. 2024-04-01
2026-06-17 16:28:18 INFO crypto_research.load:   btcusdt: rows=1182241 2022-01-01 .. 2024-04-01
2026-06-17 16:28:18 INFO crypto_research.load:   chzusdt: rows=656821 2022-12-31 .. 2024-04-01
2026-06-17 16:28:18 INFO crypto_research.load:   crvusdt: rows=1182241 2022-01-01 .. 2024-04-01
2026-06-17 16:28:18 INFO crypto_research.load:   dashusdt: rows=656821 2022-12-31 .. 2024-04-01
2026-06-17 16:28:18 INFO crypto_research.load:   dogeusdt: rows=1182241 2022-01-01 .. 2024-04-01
2026-06-17 16:28:18 INFO crypto_research.load:   dotusdt: rows=1182241 2022-01-01 .. 2024-04-01
2026-06-17 16:28:18 INFO crypto_research.load:   dydxusdt: rows=1182241 2022-01-01 .. 2024-04-01
2026-06-17 16:28:18 INFO crypto_research.load:   egldusdt: rows=656821 2022-12-31 .. 2024-04-01
2026-06-17 16:28:18 INFO crypto_research.load:   enjusdt: rows=1182241 2022-01-01 .. 2024-04-01
2026-06-17 16:28:18 INFO crypto_research.load:   etcusdt: rows=656821 2022-12-31 .. 2024-04-01
2026-06-17 16:28:18 INFO crypto_research.load:   ethusdt: rows=1182241 2022-01-01 .. 2024-04-01
2026-06-17 16:28:18 INFO crypto_research.load:   filusdt: rows=1182241 2022-01-01 .. 2024-04-01
2026-06-17 16:28:18 INFO crypto_research.load:   galausdt: rows=1182241 2022-01-01 .. 2024-04-01
2026-06-17 16:28:18 INFO crypto_research.load:   gmtusdt: rows=656821 2022-12-31 .. 2024-04-01
2026-06-17 16:28:18 INFO crypto_research.load:   hbarusdt: rows=656821 2022-12-31 .. 2024-04-01
2026-06-17 16:28:18 INFO crypto_research.load:   icpusdt: rows=656821 2022-12-31 .. 2024-04-01
2026-06-17 16:28:18 INFO crypto_research.load:   injusdt: rows=656821 2022-12-31 .. 2024-04-01
2026-06-17 16:28:18 INFO crypto_research.load:   ldousdt: rows=656821 2022-12-31 .. 2024-04-01
2026-06-17 16:28:18 INFO crypto_research.load:   linkusdt: rows=1182241 2022-01-01 .. 2024-04-01
2026-06-17 16:28:18 INFO crypto_research.load:   ltcusdt: rows=1182241 2022-01-01 .. 2024-04-01
2026-06-17 16:28:18 INFO crypto_research.load:   nearusdt: rows=1182241 2022-01-01 .. 2024-04-01
2026-06-17 16:28:18 INFO crypto_research.load:   ontusdt: rows=957048 2022-06-06 .. 2024-04-01
2026-06-17 16:28:18 INFO crypto_research.load:   opusdt: rows=656821 2022-12-31 .. 2024-04-01
2026-06-17 16:28:18 INFO crypto_research.load:   paxgusdt: rows=1076619 2022-03-15 .. 2024-04-01
2026-06-17 16:28:18 INFO crypto_research.load:   sandusdt: rows=656821 2022-12-31 .. 2024-04-01
2026-06-17 16:28:18 INFO crypto_research.load:   shib1000usdt: rows=656821 2022-12-31 .. 2024-04-01
2026-06-17 16:28:18 INFO crypto_research.load:   solusdt: rows=1182241 2022-01-01 .. 2024-04-01
2026-06-17 16:28:18 INFO crypto_research.load:   storjusdt: rows=656821 2022-12-31 .. 2024-04-01
2026-06-17 16:28:18 INFO crypto_research.load:   stxusdt: rows=656821 2022-12-31 .. 2024-04-01
2026-06-17 16:28:18 INFO crypto_research.load:   trxusdt: rows=656821 2022-12-31 .. 2024-04-01
2026-06-17 16:28:18 INFO crypto_research.load:   uniusdt: rows=1182241 2022-01-01 .. 2024-04-01
2026-06-17 16:28:18 INFO crypto_research.load:   xlmusdt: rows=656821 2022-12-31 .. 2024-04-01
2026-06-17 16:28:18 INFO crypto_research.load:   xmrusdt: rows=1162824 2022-01-14 .. 2024-04-01
2026-06-17 16:28:18 INFO crypto_research.load:   xrpusdt: rows=1182241 2022-01-01 .. 2024-04-01
2026-06-17 16:28:18 INFO crypto_research.load:   zecusdt: rows=1182241 2022-01-01 .. 2024-04-01
2026-06-17 16:28:18 INFO crypto_research.load:   zenusdt: rows=656821 2022-12-31 .. 2024-04-01
2026-06-17 16:28:20 INFO crypto_research.ml_dataset: [ml] pooled daily: pairs=49 rows=32407 period=2022-01-01..2024-04-01
2026-06-17 16:28:20 INFO crypto_research.ml_dataset: [ml] pair filter: first_candle <= 2023-01-01 → 49 pairs
2026-06-17 16:28:42 INFO crypto_research.load: [1] Загрузка данных: пар=49 строк=55515524 ~1482.4 MB
2026-06-17 16:28:42 INFO crypto_research.load:   1000luncusdt: rows=1133280 2024-04-01 .. 2026-05-27
2026-06-17 16:28:42 INFO crypto_research.load:   aaveusdt: rows=1132756 2024-04-01 .. 2026-05-27
2026-06-17 16:28:42 INFO crypto_research.load:   adausdt: rows=1132756 2024-04-01 .. 2026-05-27
2026-06-17 16:28:42 INFO crypto_research.load:   algousdt: rows=1132756 2024-04-01 .. 2026-05-27
2026-06-17 16:28:42 INFO crypto_research.load:   aliceusdt: rows=1132756 2024-04-01 .. 2026-05-27
2026-06-17 16:28:42 INFO crypto_research.load:   apeusdt: rows=1133280 2024-04-01 .. 2026-05-27
2026-06-17 16:28:42 INFO crypto_research.load:   api3usdt: rows=1132756 2024-04-01 .. 2026-05-27
2026-06-17 16:28:42 INFO crypto_research.load:   aptusdt: rows=1132756 2024-04-01 .. 2026-05-27
2026-06-17 16:28:42 INFO crypto_research.load:   atomusdt: rows=1132756 2024-04-01 .. 2026-05-27
2026-06-17 16:28:42 INFO crypto_research.load:   avaxusdt: rows=1132756 2024-04-01 .. 2026-05-27
2026-06-17 16:28:42 INFO crypto_research.load:   axsusdt: rows=1133280 2024-04-01 .. 2026-05-27
2026-06-17 16:28:42 INFO crypto_research.load:   bchusdt: rows=1132756 2024-04-01 .. 2026-05-27
2026-06-17 16:28:42 INFO crypto_research.load:   bnbusdt: rows=1132756 2024-04-01 .. 2026-05-27
2026-06-17 16:28:42 INFO crypto_research.load:   btcusdt: rows=1132756 2024-04-01 .. 2026-05-27
2026-06-17 16:28:42 INFO crypto_research.load:   chzusdt: rows=1133280 2024-04-01 .. 2026-05-27
2026-06-17 16:28:42 INFO crypto_research.load:   crvusdt: rows=1132756 2024-04-01 .. 2026-05-27
2026-06-17 16:28:42 INFO crypto_research.load:   dashusdt: rows=1133280 2024-04-01 .. 2026-05-27
2026-06-17 16:28:42 INFO crypto_research.load:   dogeusdt: rows=1132756 2024-04-01 .. 2026-05-27
2026-06-17 16:28:42 INFO crypto_research.load:   dotusdt: rows=1132756 2024-04-01 .. 2026-05-27
2026-06-17 16:28:42 INFO crypto_research.load:   dydxusdt: rows=1132756 2024-04-01 .. 2026-05-27
2026-06-17 16:28:42 INFO crypto_research.load:   egldusdt: rows=1133280 2024-04-01 .. 2026-05-27
2026-06-17 16:28:42 INFO crypto_research.load:   enjusdt: rows=1132756 2024-04-01 .. 2026-05-27
2026-06-17 16:28:42 INFO crypto_research.load:   etcusdt: rows=1133280 2024-04-01 .. 2026-05-27
2026-06-17 16:28:42 INFO crypto_research.load:   ethusdt: rows=1132756 2024-04-01 .. 2026-05-27
2026-06-17 16:28:42 INFO crypto_research.load:   filusdt: rows=1132756 2024-04-01 .. 2026-05-27
2026-06-17 16:28:42 INFO crypto_research.load:   galausdt: rows=1132756 2024-04-01 .. 2026-05-27
2026-06-17 16:28:42 INFO crypto_research.load:   gmtusdt: rows=1133280 2024-04-01 .. 2026-05-27
2026-06-17 16:28:42 INFO crypto_research.load:   hbarusdt: rows=1133280 2024-04-01 .. 2026-05-27
2026-06-17 16:28:42 INFO crypto_research.load:   icpusdt: rows=1133280 2024-04-01 .. 2026-05-27
2026-06-17 16:28:42 INFO crypto_research.load:   injusdt: rows=1133280 2024-04-01 .. 2026-05-27
2026-06-17 16:28:42 INFO crypto_research.load:   ldousdt: rows=1133280 2024-04-01 .. 2026-05-27
2026-06-17 16:28:42 INFO crypto_research.load:   linkusdt: rows=1132756 2024-04-01 .. 2026-05-27
2026-06-17 16:28:42 INFO crypto_research.load:   ltcusdt: rows=1132756 2024-04-01 .. 2026-05-27
2026-06-17 16:28:42 INFO crypto_research.load:   nearusdt: rows=1132756 2024-04-01 .. 2026-05-27
2026-06-17 16:28:42 INFO crypto_research.load:   ontusdt: rows=1132756 2024-04-01 .. 2026-05-27
2026-06-17 16:28:42 INFO crypto_research.load:   opusdt: rows=1133280 2024-04-01 .. 2026-05-27
2026-06-17 16:28:42 INFO crypto_research.load:   paxgusdt: rows=1132756 2024-04-01 .. 2026-05-27
2026-06-17 16:28:42 INFO crypto_research.load:   sandusdt: rows=1133280 2024-04-01 .. 2026-05-27
2026-06-17 16:28:42 INFO crypto_research.load:   shib1000usdt: rows=1133280 2024-04-01 .. 2026-05-27
2026-06-17 16:28:42 INFO crypto_research.load:   solusdt: rows=1132756 2024-04-01 .. 2026-05-27
2026-06-17 16:28:42 INFO crypto_research.load:   storjusdt: rows=1133280 2024-04-01 .. 2026-05-27
2026-06-17 16:28:42 INFO crypto_research.load:   stxusdt: rows=1133280 2024-04-01 .. 2026-05-27
2026-06-17 16:28:42 INFO crypto_research.load:   trxusdt: rows=1133280 2024-04-01 .. 2026-05-27
2026-06-17 16:28:42 INFO crypto_research.load:   uniusdt: rows=1132756 2024-04-01 .. 2026-05-27
2026-06-17 16:28:42 INFO crypto_research.load:   xlmusdt: rows=1133280 2024-04-01 .. 2026-05-27
2026-06-17 16:28:42 INFO crypto_research.load:   xmrusdt: rows=1132756 2024-04-01 .. 2026-05-27
2026-06-17 16:28:42 INFO crypto_research.load:   xrpusdt: rows=1132756 2024-04-01 .. 2026-05-27
2026-06-17 16:28:42 INFO crypto_research.load:   zecusdt: rows=1132756 2024-04-01 .. 2026-05-27
2026-06-17 16:28:42 INFO crypto_research.load:   zenusdt: rows=1133280 2024-04-01 .. 2026-05-27
2026-06-17 16:28:44 INFO crypto_research.ml_dataset: [ml] pooled daily: pairs=49 rows=38563 period=2024-04-01..2026-05-31
2026-06-17 16:28:44 INFO crypto_research.ml_ema_dev_norm: [ml] ema_dev_pair_norm bounds: pairs=49
2026-06-17 16:28:44 INFO crypto_research.ml_dataset: [ml] ema_dev_pair_norm: min=-4.914 max=8.584 mean=-0.014
2026-06-17 16:28:44 INFO crypto_research.ml_dataset: [ml] dataset studies=['day_of_week_ml', 'ema_spreads_ml'] features=['pair_id', 'weekday_enc', 'ema_dev_pair_norm'] rows=31966 pairs=49 up_rate=0.503
2026-06-17 16:28:44 INFO crypto_research.ml_dataset: [ml] ema_dev_pair_norm: min=-4.918 max=15.840 mean=-0.087
2026-06-17 16:28:44 INFO crypto_research.ml_dataset: [ml] dataset studies=['day_of_week_ml', 'ema_spreads_ml'] features=['pair_id', 'weekday_enc', 'ema_dev_pair_norm'] rows=38122 pairs=49 up_rate=0.478
2026-06-17 16:28:44 INFO crypto_research.ml_research: Dataset columns (8): ['day_utc', 'pair', 'weekday', 'return_pct', 'direction_up', 'ema_dev_pair_norm', 'pair_id', 'weekday_enc']
2026-06-17 16:28:44 INFO crypto_research.ml_research: Dataset head (50 rows):
shape: (50, 8)
┌─────────────────────────┬───────────┬─────────┬──────────────────────┬──────────────┬───────────────────────┬─────────┬─────────────┐
│ day_utc                 ┆ pair      ┆ weekday ┆ return_pct           ┆ direction_up ┆ ema_dev_pair_norm     ┆ pair_id ┆ weekday_enc │
│ ---                     ┆ ---       ┆ ---     ┆ ---                  ┆ ---          ┆ ---                   ┆ ---     ┆ ---         │
│ datetime[μs, UTC]       ┆ str       ┆ i64     ┆ f64                  ┆ i8           ┆ f64                   ┆ cat     ┆ cat         │
╞═════════════════════════╪═══════════╪═════════╪══════════════════════╪══════════════╪═══════════════════════╪═════════╪═════════════╡
│ 2022-01-10 00:00:00 UTC ┆ aaveusdt  ┆ 0       ┆ -4.657272374369549   ┆ 0            ┆ -0.8542434686981671   ┆ 1       ┆ 0           │
│ 2022-01-10 00:00:00 UTC ┆ adausdt   ┆ 0       ┆ -4.017431722898864   ┆ 0            ┆ -0.7840112446502052   ┆ 2       ┆ 0           │
│ 2022-01-10 00:00:00 UTC ┆ algousdt  ┆ 0       ┆ -2.6776167267862796  ┆ 0            ┆ -0.8349215468129548   ┆ 3       ┆ 0           │
│ 2022-01-10 00:00:00 UTC ┆ aliceusdt ┆ 0       ┆ -7.272729006680575   ┆ 0            ┆ -0.6838896329838163   ┆ 4       ┆ 0           │
│ 2022-01-10 00:00:00 UTC ┆ atomusdt  ┆ 0       ┆ 8.310681239089563    ┆ 1            ┆ -0.6487464582417214   ┆ 8       ┆ 0           │
│ 2022-01-10 00:00:00 UTC ┆ avaxusdt  ┆ 0       ┆ -5.445989160343391   ┆ 0            ┆ -0.6975032396076098   ┆ 9       ┆ 0           │
│ 2022-01-10 00:00:00 UTC ┆ bchusdt   ┆ 0       ┆ -3.4652198882226863  ┆ 0            ┆ -0.8213259759214679   ┆ 11      ┆ 0           │
│ 2022-01-10 00:00:00 UTC ┆ bnbusdt   ┆ 0       ┆ -3.080433542498574   ┆ 0            ┆ -1.1626544687139857   ┆ 12      ┆ 0           │
│ 2022-01-10 00:00:00 UTC ┆ btcusdt   ┆ 0       ┆ -0.11228975535168195 ┆ 0            ┆ -0.7641166426945338   ┆ 13      ┆ 0           │
│ 2022-01-10 00:00:00 UTC ┆ crvusdt   ┆ 0       ┆ -4.217537234048184   ┆ 0            ┆ -1.127735914514241    ┆ 15      ┆ 0           │
│ 2022-01-10 00:00:00 UTC ┆ dogeusdt  ┆ 0       ┆ -4.920206955731364   ┆ 0            ┆ -0.6968399481881431   ┆ 17      ┆ 0           │
│ 2022-01-10 00:00:00 UTC ┆ dotusdt   ┆ 0       ┆ -3.738317974307449   ┆ 0            ┆ -0.8017731074925484   ┆ 18      ┆ 0           │
│ 2022-01-10 00:00:00 UTC ┆ dydxusdt  ┆ 0       ┆ -5.419454205190353   ┆ 0            ┆ -0.8204655005004265   ┆ 19      ┆ 0           │
│ 2022-01-10 00:00:00 UTC ┆ enjusdt   ┆ 0       ┆ -5.685039247405361   ┆ 0            ┆ -0.6529815516451838   ┆ 21      ┆ 0           │
│ 2022-01-10 00:00:00 UTC ┆ ethusdt   ┆ 0       ┆ -2.1214446072238116  ┆ 0            ┆ -0.9465515359863595   ┆ 23      ┆ 0           │
│ 2022-01-10 00:00:00 UTC ┆ filusdt   ┆ 0       ┆ -6.790331593722744   ┆ 0            ┆ -0.6644772446462502   ┆ 24      ┆ 0           │
│ 2022-01-10 00:00:00 UTC ┆ galausdt  ┆ 0       ┆ -6.385059398164817   ┆ 0            ┆ -1.10532953916923     ┆ 25      ┆ 0           │
│ 2022-01-10 00:00:00 UTC ┆ linkusdt  ┆ 0       ┆ 1.6763043224359022   ┆ 1            ┆ 1.2845715711700973    ┆ 31      ┆ 0           │
│ 2022-01-10 00:00:00 UTC ┆ ltcusdt   ┆ 0       ┆ -3.242337963322199   ┆ 0            ┆ -0.6019060797976725   ┆ 32      ┆ 0           │
│ 2022-01-10 00:00:00 UTC ┆ nearusdt  ┆ 0       ┆ 14.582872844905332   ┆ 1            ┆ -0.670495427511712    ┆ 33      ┆ 0           │
│ 2022-01-10 00:00:00 UTC ┆ solusdt   ┆ 0       ┆ -3.525900118459737   ┆ 0            ┆ -0.690192637990041    ┆ 39      ┆ 0           │
│ 2022-01-10 00:00:00 UTC ┆ uniusdt   ┆ 0       ┆ -4.366809670539044   ┆ 0            ┆ -0.47878977818099777  ┆ 43      ┆ 0           │
│ 2022-01-10 00:00:00 UTC ┆ xrpusdt   ┆ 0       ┆ -1.728265263963311   ┆ 0            ┆ -0.6476881576236718   ┆ 46      ┆ 0           │
│ 2022-01-10 00:00:00 UTC ┆ zecusdt   ┆ 0       ┆ -1.911713509432233   ┆ 0            ┆ -0.012838291057356321 ┆ 47      ┆ 0           │
│ 2022-01-11 00:00:00 UTC ┆ aaveusdt  ┆ 1       ┆ 6.788570830975585    ┆ 1            ┆ -1.0230104369461848   ┆ 1       ┆ 1           │
│ 2022-01-11 00:00:00 UTC ┆ adausdt   ┆ 1       ┆ 5.610469609646642    ┆ 1            ┆ -1                    ┆ 2       ┆ 1           │
│ 2022-01-11 00:00:00 UTC ┆ algousdt  ┆ 1       ┆ 6.162875219537939    ┆ 1            ┆ -0.8674341300673081   ┆ 3       ┆ 1           │
│ 2022-01-11 00:00:00 UTC ┆ aliceusdt ┆ 1       ┆ 6.372554748620328    ┆ 1            ┆ -1.027279727767651    ┆ 4       ┆ 1           │
│ 2022-01-11 00:00:00 UTC ┆ atomusdt  ┆ 1       ┆ 2.1658734326592084   ┆ 1            ┆ 0.13040448087863565   ┆ 8       ┆ 1           │
│ 2022-01-11 00:00:00 UTC ┆ avaxusdt  ┆ 1       ┆ 6.079645709640859    ┆ 1            ┆ -0.9616868083200584   ┆ 9       ┆ 1           │
│ 2022-01-11 00:00:00 UTC ┆ bchusdt   ┆ 1       ┆ 1.6503920235081473   ┆ 1            ┆ -1.0135060783051932   ┆ 11      ┆ 1           │
│ 2022-01-11 00:00:00 UTC ┆ bnbusdt   ┆ 1       ┆ 8.94643908181283     ┆ 1            ┆ -1.3330381459113234   ┆ 12      ┆ 1           │
│ 2022-01-11 00:00:00 UTC ┆ btcusdt   ┆ 1       ┆ 2.1347078380253057   ┆ 1            ┆ -0.6319884518503163   ┆ 13      ┆ 1           │
│ 2022-01-11 00:00:00 UTC ┆ crvusdt   ┆ 1       ┆ 6.604863120110692    ┆ 1            ┆ -1.1600089953543349   ┆ 15      ┆ 1           │
│ 2022-01-11 00:00:00 UTC ┆ dogeusdt  ┆ 1       ┆ 7.4825083300613295   ┆ 1            ┆ -1.0166984201353448   ┆ 17      ┆ 1           │
│ 2022-01-11 00:00:00 UTC ┆ dotusdt   ┆ 1       ┆ 7.7669907602688255   ┆ 1            ┆ -1                    ┆ 18      ┆ 1           │
│ 2022-01-11 00:00:00 UTC ┆ dydxusdt  ┆ 1       ┆ 11.616958575351276   ┆ 1            ┆ -0.9971051695789355   ┆ 19      ┆ 1           │
│ 2022-01-11 00:00:00 UTC ┆ enjusdt   ┆ 1       ┆ 6.766748877945984    ┆ 1            ┆ -0.921898597589335    ┆ 21      ┆ 1           │
│ 2022-01-11 00:00:00 UTC ┆ ethusdt   ┆ 1       ┆ 4.99675535366645     ┆ 1            ┆ -0.9713267847166703   ┆ 23      ┆ 1           │
│ 2022-01-11 00:00:00 UTC ┆ filusdt   ┆ 1       ┆ 2.558639787916926    ┆ 1            ┆ -1.0101559418583597   ┆ 24      ┆ 1           │
│ 2022-01-11 00:00:00 UTC ┆ galausdt  ┆ 1       ┆ 4.5285598312834034   ┆ 1            ┆ -1.3033013109448117   ┆ 25      ┆ 1           │
│ 2022-01-11 00:00:00 UTC ┆ linkusdt  ┆ 1       ┆ -4.8351308490143445  ┆ 0            ┆ 1.166937952472205     ┆ 31      ┆ 1           │
│ 2022-01-11 00:00:00 UTC ┆ ltcusdt   ┆ 1       ┆ 3.9121133296431494   ┆ 1            ┆ -0.7905404511078287   ┆ 32      ┆ 1           │
│ 2022-01-11 00:00:00 UTC ┆ nearusdt  ┆ 1       ┆ 16.609594484794073   ┆ 1            ┆ 0.292810580312173     ┆ 33      ┆ 1           │
│ 2022-01-11 00:00:00 UTC ┆ solusdt   ┆ 1       ┆ 3.238861758409968    ┆ 1            ┆ -0.7819217979769039   ┆ 39      ┆ 1           │
│ 2022-01-11 00:00:00 UTC ┆ uniusdt   ┆ 1       ┆ 5.5257761549487565   ┆ 1            ┆ -0.7360077620792981   ┆ 43      ┆ 1           │
│ 2022-01-11 00:00:00 UTC ┆ xrpusdt   ┆ 1       ┆ 4.099028860356283    ┆ 1            ┆ -0.7226242374373969   ┆ 46      ┆ 1           │
│ 2022-01-11 00:00:00 UTC ┆ zecusdt   ┆ 1       ┆ 0.14174127540112447  ┆ 1            ┆ -0.15228242430131114  ┆ 47      ┆ 1           │
│ 2022-01-12 00:00:00 UTC ┆ aaveusdt  ┆ 2       ┆ 2.4396023250916063   ┆ 1            ┆ -0.37655109630048034  ┆ 1       ┆ 2           │
│ 2022-01-12 00:00:00 UTC ┆ adausdt   ┆ 2       ┆ 10.607978448037555   ┆ 1            ┆ -0.320385133667936    ┆ 2       ┆ 2           │
└─────────────────────────┴───────────┴─────────┴──────────────────────┴──────────────┴───────────────────────┴─────────┴─────────────┘
2026-06-17 16:28:44 INFO crypto_research.ml_cpcv: [ml] X: shape=(31966, 3) columns=['pair_id', 'weekday_enc', 'ema_dev_pair_norm'] dtypes={'pair_id': 'category', 'weekday_enc': 'category', 'ema_dev_pair_norm': 'float64'}
2026-06-17 16:28:44 INFO crypto_research.ml_cpcv: [ml] X head (3 rows):
  pair_id weekday_enc  ema_dev_pair_norm
0       1           0          -0.854243
1       2           0          -0.784011
2       3           0          -0.834922
2026-06-17 16:28:44 INFO crypto_research.ml_cpcv: [ml] y (direction_up): shape=(31966,) dtype=int8 distribution={0: 15881, 1: 16085}
2026-06-17 16:28:44 INFO crypto_research.ml_cpcv: [ml] y head (3 values): [0, 0, 0]
2026-06-17 16:28:44 INFO crypto_research.ml_cpcv: [ml] CV: CombinatorialPurgedCV n_splits=7 n_test_groups=2 embargo_days=1 n_folds=C(7,2)=21 n_days=813
2026-06-17 16:28:44 INFO crypto_research.ml_cpcv: [ml] CV time range: 2022-01-10 00:00:00+00:00 .. 2024-04-01 00:00:00+00:00 (prediction_times=evaluation_times, purge=None)
2026-06-17 16:28:44 INFO crypto_research.ml_cpcv: [ml] CV day splits:
  fold1: train_days=579 test_days=233
  fold2: train_days=578 test_days=233
  fold3: train_days=578 test_days=233
  fold4: train_days=578 test_days=233
  fold5: train_days=578 test_days=233
  fold6: train_days=579 test_days=233
  fold7: train_days=580 test_days=232
  fold8: train_days=579 test_days=232
  fold9: train_days=579 test_days=232
  fold10: train_days=579 test_days=232
  fold11: train_days=580 test_days=232
  fold12: train_days=580 test_days=232
  fold13: train_days=579 test_days=232
  fold14: train_days=579 test_days=232
  fold15: train_days=580 test_days=232
  fold16: train_days=580 test_days=232
  fold17: train_days=579 test_days=232
  fold18: train_days=580 test_days=232
  fold19: train_days=580 test_days=232
  fold20: train_days=580 test_days=232
  fold21: train_days=581 test_days=232
2026-06-17 16:28:44 INFO crypto_research.ml_cpcv: [ml] fold 1/21 → model.fit: X_train=(25714, 3) y_train=(25714,) days=('2022-09-01 00:00:00+00:00', '2024-04-01 00:00:00+00:00') dist={0: 12651, 1: 13063}
2026-06-17 16:28:44 INFO crypto_research.ml_cpcv: [ml] fold 1/21 → model.predict: X_test=(6224, 3) y_test=(6224,) days=('2022-01-10 00:00:00+00:00', '2022-08-30 00:00:00+00:00') dist={0: 3218, 1: 3006}
2026-06-17 16:28:44 INFO crypto_research.ml_cpcv: [ml] fold 1 X_train head:
     pair_id weekday_enc  ema_dev_pair_norm
6252       1           3          -0.098971
6253       2           3          -0.187874
6254       3           3          -0.236484
2026-06-17 16:28:44 INFO crypto_research.ml_cpcv: [ml] fold 1 y_train head: [1, 1, 1]
2026-06-17 16:28:44 INFO crypto_research.ml_cpcv: [ml] fold 1 X_test head:
  pair_id weekday_enc  ema_dev_pair_norm
0       1           0          -0.854243
1       2           0          -0.784011
2       3           0          -0.834922
2026-06-17 16:28:44 INFO crypto_research.ml_cpcv: [ml] fold 1 y_test head: [0, 0, 0]
2026-06-17 16:28:44 INFO crypto_research.ml_cpcv: [ml] fold 1/21 train=25714 test=6224 acc=0.5255 auc=0.5459
2026-06-17 16:28:44 INFO crypto_research.ml_cpcv: [ml] fold 2/21 → model.fit: X_train=(25589, 3) y_train=(25589,) days=('2022-05-08 00:00:00+00:00', '2024-04-01 00:00:00+00:00') dist={0: 12563, 1: 13026}
2026-06-17 16:28:44 INFO crypto_research.ml_cpcv: [ml] fold 2/21 → model.predict: X_test=(6321, 3) y_test=(6321,) days=('2022-01-10 00:00:00+00:00', '2022-12-24 00:00:00+00:00') dist={0: 3273, 1: 3048}
2026-06-17 16:28:44 INFO crypto_research.ml_cpcv: [ml] fold 2/21 train=25589 test=6321 acc=0.5305 auc=0.5630
2026-06-17 16:28:45 INFO crypto_research.ml_cpcv: [ml] fold 3/21 → model.fit: X_train=(23491, 3) y_train=(23491,) days=('2022-05-08 00:00:00+00:00', '2024-04-01 00:00:00+00:00') dist={0: 11727, 1: 11764}
2026-06-17 16:28:45 INFO crypto_research.ml_cpcv: [ml] fold 3/21 → model.predict: X_test=(8399, 3) y_test=(8399,) days=('2022-01-10 00:00:00+00:00', '2023-04-19 00:00:00+00:00') dist={0: 4084, 1: 4315}
2026-06-17 16:28:45 INFO crypto_research.ml_cpcv: [ml] fold 3/21 train=23491 test=8399 acc=0.5328 auc=0.5286
2026-06-17 16:28:45 INFO crypto_research.ml_cpcv: [ml] fold 4/21 → model.fit: X_train=(23191, 3) y_train=(23191,) days=('2022-05-08 00:00:00+00:00', '2024-04-01 00:00:00+00:00') dist={0: 11302, 1: 11889}
2026-06-17 16:28:45 INFO crypto_research.ml_cpcv: [ml] fold 4/21 → model.predict: X_test=(8699, 3) y_test=(8699,) days=('2022-01-10 00:00:00+00:00', '2023-08-13 00:00:00+00:00') dist={0: 4533, 1: 4166}
2026-06-17 16:28:45 INFO crypto_research.ml_cpcv: [ml] fold 4/21 train=23191 test=8699 acc=0.4998 auc=0.5435
2026-06-17 16:28:45 INFO crypto_research.ml_cpcv: [ml] fold 5/21 → model.fit: X_train=(23191, 3) y_train=(23191,) days=('2022-05-08 00:00:00+00:00', '2024-04-01 00:00:00+00:00') dist={0: 11599, 1: 11592}
2026-06-17 16:28:45 INFO crypto_research.ml_cpcv: [ml] fold 5/21 → model.predict: X_test=(8699, 3) y_test=(8699,) days=('2022-01-10 00:00:00+00:00', '2023-12-07 00:00:00+00:00') dist={0: 4254, 1: 4445}
2026-06-17 16:28:45 INFO crypto_research.ml_cpcv: [ml] fold 5/21 train=23191 test=8699 acc=0.5270 auc=0.5358
2026-06-17 16:28:45 INFO crypto_research.ml_cpcv: [ml] fold 6/21 → model.fit: X_train=(23240, 3) y_train=(23240,) days=('2022-05-08 00:00:00+00:00', '2023-12-07 00:00:00+00:00') dist={0: 11592, 1: 11648}
2026-06-17 16:28:45 INFO crypto_research.ml_cpcv: [ml] fold 6/21 → model.predict: X_test=(8699, 3) y_test=(8699,) days=('2022-01-10 00:00:00+00:00', '2024-04-01 00:00:00+00:00') dist={0: 4264, 1: 4435}
2026-06-17 16:28:45 INFO crypto_research.ml_cpcv: [ml] fold 6/21 train=23240 test=8699 acc=0.5027 auc=0.4943
2026-06-17 16:28:45 INFO crypto_research.ml_cpcv: [ml] fold 7/21 → model.fit: X_train=(25422, 3) y_train=(25422,) days=('2022-01-10 00:00:00+00:00', '2024-04-01 00:00:00+00:00') dist={0: 12468, 1: 12954}
2026-06-17 16:28:45 INFO crypto_research.ml_cpcv: [ml] fold 7/21 → model.predict: X_test=(6515, 3) y_test=(6515,) days=('2022-05-07 00:00:00+00:00', '2022-12-24 00:00:00+00:00') dist={0: 3393, 1: 3122}
2026-06-17 16:28:45 INFO crypto_research.ml_cpcv: [ml] fold 7/21 train=25422 test=6515 acc=0.4939 auc=0.5224
2026-06-17 16:28:45 INFO crypto_research.ml_cpcv: [ml] fold 8/21 → model.fit: X_train=(23296, 3) y_train=(23296,) days=('2022-01-10 00:00:00+00:00', '2024-04-01 00:00:00+00:00') dist={0: 11620, 1: 11676}
2026-06-17 16:28:45 INFO crypto_research.ml_cpcv: [ml] fold 8/21 → model.predict: X_test=(8593, 3) y_test=(8593,) days=('2022-05-07 00:00:00+00:00', '2023-04-19 00:00:00+00:00') dist={0: 4204, 1: 4389}
2026-06-17 16:28:45 INFO crypto_research.ml_cpcv: [ml] fold 8/21 train=23296 test=8593 acc=0.5134 auc=0.5177
2026-06-17 16:28:45 INFO crypto_research.ml_cpcv: [ml] fold 9/21 → model.fit: X_train=(22996, 3) y_train=(22996,) days=('2022-01-10 00:00:00+00:00', '2024-04-01 00:00:00+00:00') dist={0: 11195, 1: 11801}
2026-06-17 16:28:45 INFO crypto_research.ml_cpcv: [ml] fold 9/21 → model.predict: X_test=(8893, 3) y_test=(8893,) days=('2022-05-07 00:00:00+00:00', '2023-08-13 00:00:00+00:00') dist={0: 4653, 1: 4240}
2026-06-17 16:28:45 INFO crypto_research.ml_cpcv: [ml] fold 9/21 train=22996 test=8893 acc=0.4996 auc=0.5512
2026-06-17 16:28:45 INFO crypto_research.ml_cpcv: [ml] fold 10/21 → model.fit: X_train=(22996, 3) y_train=(22996,) days=('2022-01-10 00:00:00+00:00', '2024-04-01 00:00:00+00:00') dist={0: 11492, 1: 11504}
2026-06-17 16:28:45 INFO crypto_research.ml_cpcv: [ml] fold 10/21 → model.predict: X_test=(8893, 3) y_test=(8893,) days=('2022-05-07 00:00:00+00:00', '2023-12-07 00:00:00+00:00') dist={0: 4374, 1: 4519}
2026-06-17 16:28:45 INFO crypto_research.ml_cpcv: [ml] fold 10/21 train=22996 test=8893 acc=0.5060 auc=0.5198
2026-06-17 16:28:45 INFO crypto_research.ml_cpcv: [ml] fold 11/21 → model.fit: X_train=(23045, 3) y_train=(23045,) days=('2022-01-10 00:00:00+00:00', '2023-12-07 00:00:00+00:00') dist={0: 11485, 1: 11560}
2026-06-17 16:28:45 INFO crypto_research.ml_cpcv: [ml] fold 11/21 → model.predict: X_test=(8893, 3) y_test=(8893,) days=('2022-05-07 00:00:00+00:00', '2024-04-01 00:00:00+00:00') dist={0: 4384, 1: 4509}
2026-06-17 16:28:45 INFO crypto_research.ml_cpcv: [ml] fold 11/21 train=23045 test=8893 acc=0.4786 auc=0.4626
2026-06-17 16:28:45 INFO crypto_research.ml_cpcv: [ml] fold 12/21 → model.fit: X_train=(23227, 3) y_train=(23227,) days=('2022-01-10 00:00:00+00:00', '2024-04-01 00:00:00+00:00') dist={0: 11577, 1: 11650}
2026-06-17 16:28:45 INFO crypto_research.ml_cpcv: [ml] fold 12/21 → model.predict: X_test=(8690, 3) y_test=(8690,) days=('2022-08-31 00:00:00+00:00', '2023-04-19 00:00:00+00:00') dist={0: 4259, 1: 4431}
2026-06-17 16:28:45 INFO crypto_research.ml_cpcv: [ml] fold 12/21 train=23227 test=8690 acc=0.5093 auc=0.5223
2026-06-17 16:28:45 INFO crypto_research.ml_cpcv: [ml] fold 13/21 → model.fit: X_train=(22898, 3) y_train=(22898,) days=('2022-01-10 00:00:00+00:00', '2024-04-01 00:00:00+00:00') dist={0: 11132, 1: 11766}
2026-06-17 16:28:45 INFO crypto_research.ml_cpcv: [ml] fold 13/21 → model.predict: X_test=(8990, 3) y_test=(8990,) days=('2022-08-31 00:00:00+00:00', '2023-08-13 00:00:00+00:00') dist={0: 4708, 1: 4282}
2026-06-17 16:28:45 INFO crypto_research.ml_cpcv: [ml] fold 13/21 train=22898 test=8990 acc=0.5003 auc=0.5152
2026-06-17 16:28:45 INFO crypto_research.ml_cpcv: [ml] fold 14/21 → model.fit: X_train=(22898, 3) y_train=(22898,) days=('2022-01-10 00:00:00+00:00', '2024-04-01 00:00:00+00:00') dist={0: 11429, 1: 11469}
2026-06-17 16:28:45 INFO crypto_research.ml_cpcv: [ml] fold 14/21 → model.predict: X_test=(8990, 3) y_test=(8990,) days=('2022-08-31 00:00:00+00:00', '2023-12-07 00:00:00+00:00') dist={0: 4429, 1: 4561}
2026-06-17 16:28:45 INFO crypto_research.ml_cpcv: [ml] fold 14/21 train=22898 test=8990 acc=0.5279 auc=0.5419
2026-06-17 16:28:45 INFO crypto_research.ml_cpcv: [ml] fold 15/21 → model.fit: X_train=(22947, 3) y_train=(22947,) days=('2022-01-10 00:00:00+00:00', '2023-12-07 00:00:00+00:00') dist={0: 11422, 1: 11525}
2026-06-17 16:28:45 INFO crypto_research.ml_cpcv: [ml] fold 15/21 → model.predict: X_test=(8990, 3) y_test=(8990,) days=('2022-08-31 00:00:00+00:00', '2024-04-01 00:00:00+00:00') dist={0: 4439, 1: 4551}
2026-06-17 16:28:45 INFO crypto_research.ml_cpcv: [ml] fold 15/21 train=22947 test=8990 acc=0.4858 auc=0.4819
2026-06-17 16:28:45 INFO crypto_research.ml_cpcv: [ml] fold 16/21 → model.fit: X_train=(20849, 3) y_train=(20849,) days=('2022-01-10 00:00:00+00:00', '2024-04-01 00:00:00+00:00') dist={0: 10341, 1: 10508}
2026-06-17 16:28:45 INFO crypto_research.ml_cpcv: [ml] fold 16/21 → model.predict: X_test=(11068, 3) y_test=(11068,) days=('2022-12-25 00:00:00+00:00', '2023-08-13 00:00:00+00:00') dist={0: 5519, 1: 5549}
2026-06-17 16:28:45 INFO crypto_research.ml_cpcv: [ml] fold 16/21 train=20849 test=11068 acc=0.4933 auc=0.4908
2026-06-17 16:28:45 INFO crypto_research.ml_cpcv: [ml] fold 17/21 → model.fit: X_train=(20800, 3) y_train=(20800,) days=('2022-01-10 00:00:00+00:00', '2024-04-01 00:00:00+00:00') dist={0: 10593, 1: 10207}
2026-06-17 16:28:45 INFO crypto_research.ml_cpcv: [ml] fold 17/21 → model.predict: X_test=(11068, 3) y_test=(11068,) days=('2022-12-25 00:00:00+00:00', '2023-12-07 00:00:00+00:00') dist={0: 5240, 1: 5828}
2026-06-17 16:28:45 INFO crypto_research.ml_cpcv: [ml] fold 17/21 train=20800 test=11068 acc=0.4954 auc=0.5214
2026-06-17 16:28:45 INFO crypto_research.ml_cpcv: [ml] fold 18/21 → model.fit: X_train=(20849, 3) y_train=(20849,) days=('2022-01-10 00:00:00+00:00', '2023-12-07 00:00:00+00:00') dist={0: 10586, 1: 10263}
2026-06-17 16:28:45 INFO crypto_research.ml_cpcv: [ml] fold 18/21 → model.predict: X_test=(11068, 3) y_test=(11068,) days=('2022-12-25 00:00:00+00:00', '2024-04-01 00:00:00+00:00') dist={0: 5250, 1: 5818}
2026-06-17 16:28:45 INFO crypto_research.ml_cpcv: [ml] fold 18/21 train=20849 test=11068 acc=0.4818 auc=0.5066
2026-06-17 16:28:45 INFO crypto_research.ml_cpcv: [ml] fold 19/21 → model.fit: X_train=(20549, 3) y_train=(20549,) days=('2022-01-10 00:00:00+00:00', '2024-04-01 00:00:00+00:00') dist={0: 10189, 1: 10360}
2026-06-17 16:28:45 INFO crypto_research.ml_cpcv: [ml] fold 19/21 → model.predict: X_test=(11368, 3) y_test=(11368,) days=('2023-04-20 00:00:00+00:00', '2023-12-07 00:00:00+00:00') dist={0: 5689, 1: 5679}
2026-06-17 16:28:45 INFO crypto_research.ml_cpcv: [ml] fold 19/21 train=20549 test=11368 acc=0.5084 auc=0.5152
2026-06-17 16:28:45 INFO crypto_research.ml_cpcv: [ml] fold 20/21 → model.fit: X_train=(20549, 3) y_train=(20549,) days=('2022-01-10 00:00:00+00:00', '2023-12-07 00:00:00+00:00') dist={0: 10161, 1: 10388}
2026-06-17 16:28:45 INFO crypto_research.ml_cpcv: [ml] fold 20/21 → model.predict: X_test=(11368, 3) y_test=(11368,) days=('2023-04-20 00:00:00+00:00', '2024-04-01 00:00:00+00:00') dist={0: 5699, 1: 5669}
2026-06-17 16:28:45 INFO crypto_research.ml_cpcv: [ml] fold 20/21 train=20549 test=11368 acc=0.5099 auc=0.5217
2026-06-17 16:28:45 INFO crypto_research.ml_cpcv: [ml] fold 21/21 → model.fit: X_train=(20598, 3) y_train=(20598,) days=('2022-01-10 00:00:00+00:00', '2023-08-13 00:00:00+00:00') dist={0: 10461, 1: 10137}
2026-06-17 16:28:45 INFO crypto_research.ml_cpcv: [ml] fold 21/21 → model.predict: X_test=(11368, 3) y_test=(11368,) days=('2023-08-14 00:00:00+00:00', '2024-04-01 00:00:00+00:00') dist={0: 5420, 1: 5948}
2026-06-17 16:28:45 INFO crypto_research.ml_cpcv: [ml] fold 21/21 train=20598 test=11368 acc=0.4785 auc=0.4862
2026-06-17 16:28:45 INFO crypto_research.ml_cpcv: [ml] CPCV mean: folds=21 acc=0.5048 logloss=0.6937 auc=0.5185
2026-06-17 16:28:46 INFO crypto_research.ml_cpcv: [ml] OOS paths: rows=31966 cols=[time_ns, y_prob, y_true] folds_merged=21
2026-06-17 16:28:46 INFO crypto_research.ml_cpcv: [ml] OOS calibration: brier=0.2501 ece=0.0126
2026-06-17 16:28:46 INFO crypto_research.ml_cpcv: [ml] OOS weekday Пн: n=4606 base_up=0.4902 pred_up=0.4531 acc=0.4470 logloss=0.6981 auc=0.4180
2026-06-17 16:28:46 INFO crypto_research.ml_cpcv: [ml] OOS weekday Вт: n=4557 base_up=0.5177 pred_up=0.6614 acc=0.5315 logloss=0.6894 auc=0.5497
2026-06-17 16:28:46 INFO crypto_research.ml_cpcv: [ml] OOS weekday Ср: n=4559 base_up=0.4957 pred_up=0.4733 acc=0.5069 logloss=0.6939 auc=0.5071
2026-06-17 16:28:46 INFO crypto_research.ml_cpcv: [ml] OOS weekday Чт: n=4560 base_up=0.4588 pred_up=0.1912 acc=0.5167 logloss=0.6930 auc=0.4834
2026-06-17 16:28:46 INFO crypto_research.ml_cpcv: [ml] OOS weekday Пт: n=4561 base_up=0.5608 pred_up=0.9443 acc=0.5508 logloss=0.6907 auc=0.4566
2026-06-17 16:28:46 INFO crypto_research.ml_cpcv: [ml] OOS weekday Сб: n=4561 base_up=0.5227 pred_up=0.7722 acc=0.4931 logloss=0.6943 auc=0.4775
2026-06-17 16:28:46 INFO crypto_research.ml_cpcv: [ml] OOS weekday Вс: n=4562 base_up=0.4765 pred_up=0.2429 acc=0.4901 logloss=0.6946 auc=0.4480
2026-06-17 16:28:47 INFO crypto_research.ml_oos_paths: [ml] OOS plot saved: /home_admin/crypto_bot/crypto_research/research_outputs/combined/dow_ema_sp/ml/plots/direction_dow_ema_49pairs_20220101_20240401_oos_prob.png (weekdays=7 calendar_days=813 rows=31966)
2026-06-17 16:28:49 INFO crypto_research.ml_oos_paths: [ml] OOS calibration plot saved: /home_admin/crypto_bot/crypto_research/research_outputs/combined/dow_ema_sp/ml/plots/direction_dow_ema_49pairs_20220101_20240401_oos_calibration.png (brier=0.2501 ece=0.0126 rows=31966)
2026-06-17 16:28:49 INFO crypto_research.ml_learning_curve: [ml] full train fit: rows=31966 n_estimators=12
2026-06-17 16:28:49 INFO crypto_research.ml_oos_paths: [ml] OOS plot saved: /home_admin/crypto_bot/crypto_research/research_outputs/combined/dow_ema_sp/ml/plots/direction_dow_ema_49pairs_20240401_20260531_oos_prob.png (weekdays=7 calendar_days=778 rows=38122)
2026-06-17 16:28:50 INFO crypto_research.ml_oos_paths: [ml] OOS calibration plot saved: /home_admin/crypto_bot/crypto_research/research_outputs/combined/dow_ema_sp/ml/plots/direction_dow_ema_49pairs_20240401_20260531_oos_calibration.png (brier=0.2490 ece=0.0271 rows=38122)
2026-06-17 16:28:52 INFO crypto_research.ml_oos_paths: [ml] Weekday×pair summary plot saved: /home_admin/crypto_bot/crypto_research/research_outputs/combined/dow_ema_sp/ml/plots/direction_dow_ema_49pairs_20240401_20260531_weekday_pair_summary.png (pairs=49 rows=38122)
2026-06-17 16:28:52 INFO crypto_research.ml_feature_predictive_plot: [ml] feature curve plot saved: /home_admin/crypto_bot/crypto_research/research_outputs/combined/dow_ema_sp/ml/plots/direction_dow_ema_49pairs_20240401_20260531_ema_dev_predictive.png (ema_dev_pair_norm)
2026-06-17 16:28:54 INFO crypto_research.ml_oos_paths: [ml] Weekday×pair summary plot saved: /home_admin/crypto_bot/crypto_research/research_outputs/combined/dow_ema_sp/ml/plots/direction_dow_ema_49pairs_20220101_20240401_weekday_pair_summary.png (pairs=49 rows=31966)
2026-06-17 16:28:54 INFO crypto_research.ml_oos_paths: [ml] ROC AUC comparison plot saved: /home_admin/crypto_bot/crypto_research/research_outputs/combined/dow_ema_sp/ml/plots/direction_dow_ema_49pairs_20220101_20260531_roc_auc.png
2026-06-17 16:28:58 INFO crypto_research.ml_research: [ml] train/test metrics saved: /home_admin/crypto_bot/crypto_research/research_outputs/combined/dow_ema_sp/ml/metrics/direction_dow_ema_49pairs_20220101_20260531_train_test.json
