=== Отчёт: эффекты дня недели ===
Пар: 49
Период теста (UTC): 2022-01-01 .. 2026-05-31
Фильтр пар: первая свеча не позже 2023-01-01 (UTC)
Пары: 1000luncusdt, aaveusdt, adausdt, algousdt, aliceusdt, apeusdt, api3usdt, aptusdt, atomusdt, avaxusdt, axsusdt
      bchusdt, bnbusdt, btcusdt, chzusdt, crvusdt, dashusdt, dogeusdt, dotusdt, dydxusdt, egldusdt, enjusdt
      etcusdt, ethusdt, filusdt, galausdt, gmtusdt, hbarusdt, icpusdt, injusdt, ldousdt, linkusdt, ltcusdt
      nearusdt, ontusdt, opusdt, paxgusdt, sandusdt, shib1000usdt, solusdt, storjusdt, stxusdt, trxusdt, uniusdt
      xlmusdt, xmrusdt, xrpusdt, zecusdt, zenusdt

=== Таблица по дням недели, % ===
День недели                    | Закрытие в плюсе | Рост close: сильный | Рост close: умеренный | Рост close: слабый | Закрытие в минусе | Падение close: слабое | Падение close: умеренное | Падение close: сильное | High ≥ порог роста | High > сильный рост | Low ≤ порог падения | Low < сильное падение
-------------------------------------------------------------------------------------------------------------------------------------------------------------------------------------------------------------------------------------------------------------------------------------------------------------
Пн (ср: росла +0.0%, n=10145)  |  50.7 (2/5) [36] |     14.8 (4/5) [46] |       21.6 (3/5) [31] |    14.3 (4/5) [40] |   49.0 (2/5) [38] |       14.0 (5/5) [38] |          19.9 (4/5) [42] |        15.2 (4/5) [43] |    70.7 (3/5) [46] |     31.7 (4/5) [47] |     73.6 (3/5) [44] |       34.3 (4/5) [48]
Вт (ср: падала -0.1%, n=10146) |  48.0 (2/5) [33] |     11.4 (2/5) [28] |       21.4 (3/5) [32] |    15.3 (4/5) [29] |   51.5 (2/5) [33] |       15.1 (4/5) [33] |          22.5 (2/5) [28] |        14.0 (2/5) [41] |    68.1 (2/5) [32] |     26.0 (3/5) [17] |     75.3 (4/5) [48] |       33.9 (3/5) [49]
Ср (ср: росла +0.3%, n=10147)  |  49.3 (2/5) [25] |     16.1 (5/5) [49] |       20.0 (3/5) [26] |    13.2 (5/5) [43] |   50.4 (2/5) [24] |       13.9 (5/5) [43] |          23.9 (4/5) [38] |        12.7 (1/5) [31] |    71.5 (5/5) [47] |     30.2 (5/5) [46] |     74.1 (4/5) [47] |       31.1 (3/5) [42]
Чт (ср: падала -0.4%, n=10118) |  43.9 (4/5) [47] |     10.5 (4/5) [43] |       18.4 (4/5) [37] |    15.0 (3/5) [35] |   55.8 (5/5) [46] |       15.8 (3/5) [24] |          24.9 (4/5) [41] |        15.1 (4/5) [45] |    66.6 (2/5) [35] |     24.6 (4/5) [37] |     75.4 (5/5) [48] |       33.4 (4/5) [45]
Пт (ср: росла +0.4%, n=10119)  |  54.8 (4/5) [48] |     14.7 (5/5) [44] |       23.0 (4/5) [43] |    17.1 (3/5) [32] |   44.8 (4/5) [47] |       13.6 (5/5) [44] |          17.5 (5/5) [48] |        13.7 (3/5) [32] |    72.0 (4/5) [48] |     29.2 (4/5) [42] |     67.9 (4/5) [42] |       30.3 (3/5) [28]
Сб (ср: росла +0.3%, n=10163)  |  51.7 (4/5) [41] |      8.9 (5/5) [47] |       20.4 (2/5) [25] |    22.4 (5/5) [49] |   47.6 (4/5) [40] |       22.4 (5/5) [48] |          17.6 (5/5) [45] |         7.6 (5/5) [49] |    61.9 (4/5) [47] |     19.8 (5/5) [47] |     57.7 (5/5) [49] |       17.6 (5/5) [49]
Вс (ср: падала -0.2%, n=10163) |  44.4 (4/5) [47] |      9.1 (5/5) [46] |       19.3 (4/5) [34] |    16.0 (2/5) [25] |   55.0 (4/5) [45] |       18.0 (4/5) [37] |          26.4 (5/5) [46] |        10.7 (4/5) [44] |    61.1 (5/5) [48] |     20.2 (5/5) [48] |     69.8 (4/5) [23] |       25.1 (4/5) [45]
BASE без условий (n=71001)     |             49.0 |                12.2 |                  20.6 |               16.2 |              50.6 |                  16.1 |                     21.8 |                   12.7 |               67.4 |                26.0 |                70.5 |                  29.4

=== Δ к BASE по дням недели (п.п.) ===
День недели                    | Закрытие в плюсе | Рост close: сильный | Рост close: умеренный | Рост close: слабый | Закрытие в минусе | Падение close: слабое | Падение close: умеренное | Падение close: сильное | High ≥ порог роста | High > сильный рост | Low ≤ порог падения | Low < сильное падение
-------------------------------------------------------------------------------------------------------------------------------------------------------------------------------------------------------------------------------------------------------------------------------------------------------------
Пн (ср: росла +0.0%, n=10145)  |  +1.7 (2/5) [36] |     +2.6 (4/5) [46] |       +1.0 (3/5) [31] |    -1.9 (4/5) [40] |   -1.6 (2/5) [38] |       -2.1 (5/5) [38] |          -1.9 (4/5) [42] |        +2.5 (4/5) [43] |    +3.3 (3/5) [46] |     +5.7 (4/5) [47] |     +3.1 (3/5) [44] |       +4.9 (4/5) [48]
Вт (ср: падала -0.1%, n=10146) |  -0.9 (2/5) [33] |     -0.8 (2/5) [28] |       +0.8 (3/5) [32] |    -0.9 (4/5) [29] |   +0.9 (2/5) [33] |       -1.0 (4/5) [33] |          +0.7 (2/5) [28] |        +1.3 (2/5) [41] |    +0.7 (2/5) [32] |     +0.0 (3/5) [17] |     +4.8 (4/5) [48] |       +4.6 (3/5) [49]
Ср (ср: росла +0.3%, n=10147)  |  +0.3 (2/5) [25] |     +3.9 (5/5) [49] |       -0.6 (3/5) [26] |    -3.0 (5/5) [43] |   -0.2 (2/5) [24] |       -2.2 (5/5) [43] |          +2.1 (4/5) [38] |        -0.0 (1/5) [31] |    +4.1 (5/5) [47] |     +4.2 (5/5) [46] |     +3.6 (4/5) [47] |       +1.7 (3/5) [42]
Чт (ср: падала -0.4%, n=10118) |  -5.1 (4/5) [47] |     -1.7 (4/5) [43] |       -2.2 (4/5) [37] |    -1.2 (3/5) [35] |   +5.2 (5/5) [46] |       -0.3 (3/5) [24] |          +3.1 (4/5) [41] |        +2.4 (4/5) [45] |    -0.8 (2/5) [35] |     -1.3 (4/5) [37] |     +4.8 (5/5) [48] |       +4.0 (4/5) [45]
Пт (ср: росла +0.4%, n=10119)  |  +5.8 (4/5) [48] |     +2.5 (5/5) [44] |       +2.4 (4/5) [43] |    +0.9 (3/5) [32] |   -5.8 (4/5) [47] |       -2.5 (5/5) [44] |          -4.3 (5/5) [48] |        +1.0 (3/5) [32] |    +4.6 (4/5) [48] |     +3.2 (4/5) [42] |     -2.6 (4/5) [42] |       +0.9 (3/5) [28]
Сб (ср: росла +0.3%, n=10163)  |  +2.7 (4/5) [41] |     -3.3 (5/5) [47] |       -0.2 (2/5) [25] |    +6.2 (5/5) [49] |   -3.0 (4/5) [40] |       +6.3 (5/5) [48] |          -4.2 (5/5) [45] |        -5.1 (5/5) [49] |    -5.5 (4/5) [47] |     -6.2 (5/5) [47] |    -12.9 (5/5) [49] |      -11.8 (5/5) [49]
Вс (ср: падала -0.2%, n=10163) |  -4.5 (4/5) [47] |     -3.2 (5/5) [46] |       -1.2 (4/5) [34] |    -0.2 (2/5) [25] |   +4.4 (4/5) [45] |       +1.9 (4/5) [37] |          +4.6 (5/5) [46] |        -2.0 (4/5) [44] |    -6.3 (5/5) [48] |     -5.7 (5/5) [48] |     -0.7 (4/5) [23] |       -4.3 (4/5) [45]

=== Пояснение к строкам таблицы ===

Строка, например «Ср (ср: росла +0.5%, n=8693)»:

  Ср              — день недели по UTC (Пн … Вс)
  ср: росла +0.5% — средняя дневная доходность (close−open)/open×100% по всем дням строки; «росла»/«падала» — по знаку среднего
  n=8693          — число дней в выборке (все пары × все календарные дни с этим weekday)

Пороги μ×0.5 / μ×1.5 в колонках — отдельно по каждой паре (среднее дней роста / падения после обрезки перцентилей 5–95%).

=== Пояснение к ячейкам таблиц ===

В ячейке, например 50.7 (2/5) [36]:

  50.7     — доля дней с условием колонки (%)
  (2/5)    — в Y годах с достаточной историей знак отклонения доли колонки от BASE совпал с общим; в X — совпал
  [36]     — 36 пар из отобранных, у которых на своих данных тот же знак Δ

Колонки close: сила роста/падения относительно μ×0.5 и μ×1.5 своей пары. Колонки High/Low: intraday-движение от open дня до тех же порогов.

Год в знаменатель (X/Y) попадает только если в этом году ≥ 40 дней для BASE (все дни выборки) и ≥ 15 дней для строки (день недели). Иначе год пропускают — мало данных, сравнение ненадёжное.

Для [пар] аналогично: ≥ 40 / ≥ 15 дней по каждой паре.

=== График dow_intraday_session_nav_49pairs_20220101_20260531.png ===

Cumulative Simple Return (%) — простая накопленная доходность в процентах (п.п.), без реинвестирования.
Каждый день weekday: фиксированный номинал (1×); R_t = Σ r_i, где r_i — дневной return (close−open)/open×100%.

