=== Отчёт: эффекты дня недели ===
Пар: 24
Период теста (UTC): 2022-01-01 .. 2026-05-31
Split: train
первая свеча не позже 2022-01-01 (UTC)
Пары: aaveusdt, adausdt, algousdt, aliceusdt, atomusdt, avaxusdt, bchusdt, bnbusdt, btcusdt, crvusdt, dogeusdt
      dotusdt, dydxusdt, enjusdt, ethusdt, filusdt, galausdt, linkusdt, ltcusdt, nearusdt, solusdt, uniusdt
      xrpusdt, zecusdt

=== Таблица по дням недели, % ===
День недели                   | Закрытие в плюсе | Рост close: сильный | Рост close: умеренный | Рост close: слабый | Закрытие в минусе | Падение close: слабое | Падение close: умеренное | Падение close: сильное | High ≥ порог роста | High > сильный рост | Low ≤ порог падения | Low < сильное падение
------------------------------------------------------------------------------------------------------------------------------------------------------------------------------------------------------------------------------------------------------------------------------------------------------------
Пн (ср: падала -0.0%, n=5520) |  50.7 (2/5) [17] |     14.8 (3/5) [23] |       21.1 (3/5) [16] |    14.9 (3/5) [20] |   49.0 (2/5) [18] |       14.1 (4/5) [19] |          19.7 (4/5) [21] |        15.2 (4/5) [21] |    70.5 (3/5) [23] |     31.3 (4/5) [24] |     73.4 (3/5) [23] |       34.4 (4/5) [24]
Вт (ср: падала -0.1%, n=5520) |  48.2 (3/5) [15] |     11.6 (1/5) [11] |       21.7 (3/5) [19] |    14.9 (4/5) [16] |   51.4 (3/5) [15] |       15.6 (4/5) [12] |          22.4 (2/5) [12] |        13.4 (2/5) [19] |    68.6 (2/5) [20] |     26.9 (3/5) [15] |     74.6 (4/5) [24] |       32.9 (3/5) [24]
Ср (ср: росла +0.2%, n=5520)  |  48.8 (3/5) [13] |     16.8 (5/5) [24] |       19.6 (3/5) [13] |    12.4 (4/5) [24] |   50.9 (3/5) [15] |       13.3 (5/5) [23] |          24.9 (5/5) [20] |        12.7 (2/5) [14] |    71.8 (5/5) [23] |     30.9 (5/5) [23] |     73.8 (4/5) [23] |       31.0 (3/5) [21]
Чт (ср: падала -0.3%, n=5496) |  44.9 (5/5) [22] |     10.8 (4/5) [22] |       18.4 (4/5) [18] |    15.6 (3/5) [15] |   54.8 (4/5) [21] |       14.6 (4/5) [17] |          25.0 (3/5) [19] |        15.2 (4/5) [23] |    67.0 (2/5) [15] |     24.8 (3/5) [17] |     75.2 (5/5) [24] |       33.4 (4/5) [23]
Пт (ср: росла +0.3%, n=5496)  |  53.8 (4/5) [24] |     14.1 (5/5) [20] |       22.4 (3/5) [22] |    17.3 (4/5) [15] |   45.8 (4/5) [24] |       13.6 (5/5) [22] |          18.0 (5/5) [24] |        14.2 (3/5) [21] |    71.1 (4/5) [24] |     28.3 (4/5) [19] |     68.3 (4/5) [20] |       30.5 (4/5) [19]
Сб (ср: росла +0.2%, n=5520)  |  51.9 (3/5) [21] |      8.7 (5/5) [24] |       19.9 (2/5) [13] |    23.3 (5/5) [24] |   47.4 (3/5) [21] |       22.6 (5/5) [24] |          17.7 (5/5) [23] |         7.1 (5/5) [24] |    62.0 (4/5) [24] |     18.7 (5/5) [24] |     56.9 (5/5) [24] |       16.5 (5/5) [24]
Вс (ср: падала -0.2%, n=5520) |  44.3 (5/5) [23] |      9.2 (5/5) [23] |       19.3 (4/5) [16] |    15.7 (2/5) [13] |   55.3 (5/5) [23] |       18.2 (4/5) [20] |          26.7 (5/5) [24] |        10.4 (4/5) [24] |    60.9 (5/5) [24] |     19.8 (5/5) [24] |     69.8 (2/5) [11] |       24.2 (4/5) [23]
BASE без условий (n=38592)    |             48.9 |                12.3 |                  20.3 |               16.3 |              50.7 |                  16.0 |                     22.1 |                   12.6 |               67.4 |                25.8 |                70.3 |                  29.0

=== Δ к BASE по дням недели (п.п.) ===
День недели                   | Закрытие в плюсе | Рост close: сильный | Рост close: умеренный | Рост close: слабый | Закрытие в минусе | Падение close: слабое | Падение close: умеренное | Падение close: сильное | High ≥ порог роста | High > сильный рост | Low ≤ порог падения | Low < сильное падение
------------------------------------------------------------------------------------------------------------------------------------------------------------------------------------------------------------------------------------------------------------------------------------------------------------
Пн (ср: падала -0.0%, n=5520) |  +1.8 (2/5) [17] |     +2.5 (3/5) [23] |       +0.8 (3/5) [16] |    -1.4 (3/5) [20] |   -1.7 (2/5) [18] |       -1.9 (4/5) [19] |          -2.3 (4/5) [21] |        +2.6 (4/5) [21] |    +3.1 (3/5) [23] |     +5.5 (4/5) [24] |     +3.1 (3/5) [23] |       +5.4 (4/5) [24]
Вт (ср: падала -0.1%, n=5520) |  -0.7 (3/5) [15] |     -0.7 (1/5) [11] |       +1.3 (3/5) [19] |    -1.4 (4/5) [16] |   +0.7 (3/5) [15] |       -0.4 (4/5) [12] |          +0.3 (2/5) [12] |        +0.8 (2/5) [19] |    +1.2 (2/5) [20] |     +1.1 (3/5) [15] |     +4.3 (4/5) [24] |       +3.9 (3/5) [24]
Ср (ср: росла +0.2%, n=5520)  |  -0.2 (3/5) [13] |     +4.5 (5/5) [24] |       -0.8 (3/5) [13] |    -3.9 (4/5) [24] |   +0.3 (3/5) [15] |       -2.7 (5/5) [23] |          +2.8 (5/5) [20] |        +0.1 (2/5) [14] |    +4.4 (5/5) [23] |     +5.1 (5/5) [23] |     +3.5 (4/5) [23] |       +2.0 (3/5) [21]
Чт (ср: падала -0.3%, n=5496) |  -4.1 (5/5) [22] |     -1.5 (4/5) [22] |       -1.9 (4/5) [18] |    -0.7 (3/5) [15] |   +4.1 (4/5) [21] |       -1.4 (4/5) [17] |          +3.0 (3/5) [19] |        +2.5 (4/5) [23] |    -0.4 (2/5) [15] |     -1.0 (3/5) [17] |     +4.9 (5/5) [24] |       +4.4 (4/5) [23]
Пт (ср: росла +0.3%, n=5496)  |  +4.9 (4/5) [24] |     +1.8 (5/5) [20] |       +2.1 (3/5) [22] |    +1.0 (4/5) [15] |   -4.8 (4/5) [24] |       -2.4 (5/5) [22] |          -4.1 (5/5) [24] |        +1.6 (3/5) [21] |    +3.7 (4/5) [24] |     +2.5 (4/5) [19] |     -2.0 (4/5) [20] |       +1.6 (4/5) [19]
Сб (ср: росла +0.2%, n=5520)  |  +3.0 (3/5) [21] |     -3.6 (5/5) [24] |       -0.4 (2/5) [13] |    +7.0 (5/5) [24] |   -3.3 (3/5) [21] |       +6.6 (5/5) [24] |          -4.4 (5/5) [23] |        -5.5 (5/5) [24] |    -5.4 (4/5) [24] |     -7.1 (5/5) [24] |    -13.4 (5/5) [24] |      -12.5 (5/5) [24]
Вс (ср: падала -0.2%, n=5520) |  -4.7 (5/5) [23] |     -3.1 (5/5) [23] |       -1.0 (4/5) [16] |    -0.6 (2/5) [13] |   +4.7 (5/5) [23] |       +2.2 (4/5) [20] |          +4.7 (5/5) [24] |        -2.2 (4/5) [24] |    -6.6 (5/5) [24] |     -6.0 (5/5) [24] |     -0.5 (2/5) [11] |       -4.8 (4/5) [23]

=== Пояснение к строкам таблицы ===

Строка, например «Ср (ср: росла +0.5%, n=8693)»:

  Ср              — день недели по UTC (Пн … Вс)
  ср: росла +0.5% — средняя дневная доходность (close−open)/open×100% по всем дням строки; «росла»/«падала» — по знаку среднего
  n=8693          — число дней в выборке (все пары × все календарные дни с этим weekday)

Пороги μ×0.5 / μ×1.5 в колонках — отдельно по каждой паре (среднее дней роста / падения после обрезки перцентилей 5–95%).

=== Пояснение к ячейкам таблиц ===

В ячейке, например 50.7 (2/5) [36]:

  50.7     — доля дней с условием колонки (%)
  (2/5)    — в Y годах с достаточной историей знак отклонения доли колонки от BASE совпал с общим; в X — совпал
  [36]     — 36 пар из отобранных, у которых на своих данных тот же знак Δ

Колонки close: сила роста/падения относительно μ×0.5 и μ×1.5 своей пары. Колонки High/Low: intraday-движение от open дня до тех же порогов.

Год в знаменатель (X/Y) попадает только если в этом году ≥ 40 дней для BASE (все дни выборки) и ≥ 15 дней для строки (день недели). Иначе год пропускают — мало данных, сравнение ненадёжное.

Для [пар] аналогично: ≥ 40 / ≥ 15 дней по каждой паре.

=== График dow_intraday_session_nav_24pairs_20220101_20260531_train.png ===

Cumulative Simple Return (%) — простая накопленная доходность в процентах (п.п.), без реинвестирования.
Каждый день weekday: фиксированный номинал (1×); R_t = Σ r_i, где r_i — дневной return (close−open)/open×100%.

