=== Отчёт: эффекты дня недели ===
Пар: 2
Период теста (UTC): 2024-01-01 .. 2024-01-31
Пары: btcusdt, ethusdt

=== Таблица по дням недели, % ===
День недели                 |  Закрытие в плюсе | Рост close: сильный | Рост close: умеренный | Рост close: слабый | Закрытие в минусе | Падение close: слабое | Падение close: умеренное | Падение close: сильное | High ≥ порог роста | High > сильный рост | Low ≤ порог падения | Low < сильное падение
-----------------------------------------------------------------------------------------------------------------------------------------------------------------------------------------------------------------------------------------------------------------------------------------------------------
Пн (ср: росла +1.8%, n=10)  |  80.0 (n/a) [n/a] |    50.0 (n/a) [n/a] |      30.0 (n/a) [n/a] |    0.0 (n/a) [n/a] |  20.0 (n/a) [n/a] |       0.0 (n/a) [n/a] |          0.0 (n/a) [n/a] |       20.0 (n/a) [n/a] |   80.0 (n/a) [n/a] |    80.0 (n/a) [n/a] |    50.0 (n/a) [n/a] |      20.0 (n/a) [n/a]
Вт (ср: росла +0.3%, n=10)  |  70.0 (n/a) [n/a] |    10.0 (n/a) [n/a] |      40.0 (n/a) [n/a] |   20.0 (n/a) [n/a] |  30.0 (n/a) [n/a] |      10.0 (n/a) [n/a] |         10.0 (n/a) [n/a] |       10.0 (n/a) [n/a] |  100.0 (n/a) [n/a] |    50.0 (n/a) [n/a] |    70.0 (n/a) [n/a] |      30.0 (n/a) [n/a]
Ср (ср: падала -0.2%, n=10) |  50.0 (n/a) [n/a] |    10.0 (n/a) [n/a] |      10.0 (n/a) [n/a] |   30.0 (n/a) [n/a] |  50.0 (n/a) [n/a] |      20.0 (n/a) [n/a] |         10.0 (n/a) [n/a] |       20.0 (n/a) [n/a] |   60.0 (n/a) [n/a] |    20.0 (n/a) [n/a] |    70.0 (n/a) [n/a] |      40.0 (n/a) [n/a]
Чт (ср: падала -0.1%, n=8)  |  37.5 (n/a) [n/a] |    12.5 (n/a) [n/a] |      25.0 (n/a) [n/a] |    0.0 (n/a) [n/a] |  62.5 (n/a) [n/a] |      37.5 (n/a) [n/a] |         12.5 (n/a) [n/a] |       12.5 (n/a) [n/a] |   50.0 (n/a) [n/a] |    50.0 (n/a) [n/a] |    62.5 (n/a) [n/a] |      25.0 (n/a) [n/a]
Пт (ср: падала -0.3%, n=8)  |  75.0 (n/a) [n/a] |    12.5 (n/a) [n/a] |      12.5 (n/a) [n/a] |   50.0 (n/a) [n/a] |  25.0 (n/a) [n/a] |       0.0 (n/a) [n/a] |          0.0 (n/a) [n/a] |       25.0 (n/a) [n/a] |   62.5 (n/a) [n/a] |    37.5 (n/a) [n/a] |    87.5 (n/a) [n/a] |      37.5 (n/a) [n/a]
Сб (ср: росла +0.1%, n=8)   |  50.0 (n/a) [n/a] |     0.0 (n/a) [n/a] |      12.5 (n/a) [n/a] |   37.5 (n/a) [n/a] |  50.0 (n/a) [n/a] |      37.5 (n/a) [n/a] |         12.5 (n/a) [n/a] |        0.0 (n/a) [n/a] |   37.5 (n/a) [n/a] |     0.0 (n/a) [n/a] |    62.5 (n/a) [n/a] |       0.0 (n/a) [n/a]
Вс (ср: падала -1.1%, n=8)  |   0.0 (n/a) [n/a] |     0.0 (n/a) [n/a] |       0.0 (n/a) [n/a] |    0.0 (n/a) [n/a] | 100.0 (n/a) [n/a] |      75.0 (n/a) [n/a] |          0.0 (n/a) [n/a] |       25.0 (n/a) [n/a] |   37.5 (n/a) [n/a] |     0.0 (n/a) [n/a] |    75.0 (n/a) [n/a] |      25.0 (n/a) [n/a]
BASE без условий (n=62)     |              53.2 |                14.5 |                  19.4 |               19.4 |              46.8 |                  24.2 |                      6.5 |                   16.1 |               62.9 |                35.5 |                67.7 |                  25.8

=== Δ к BASE по дням недели (п.п.) ===
День недели                 |  Закрытие в плюсе | Рост close: сильный | Рост close: умеренный | Рост close: слабый | Закрытие в минусе | Падение close: слабое | Падение close: умеренное | Падение close: сильное | High ≥ порог роста | High > сильный рост | Low ≤ порог падения | Low < сильное падение
-----------------------------------------------------------------------------------------------------------------------------------------------------------------------------------------------------------------------------------------------------------------------------------------------------------
Пн (ср: росла +1.8%, n=10)  | +26.8 (n/a) [n/a] |   +35.5 (n/a) [n/a] |     +10.6 (n/a) [n/a] |  -19.4 (n/a) [n/a] | -26.8 (n/a) [n/a] |     -24.2 (n/a) [n/a] |         -6.5 (n/a) [n/a] |       +3.9 (n/a) [n/a] |  +17.1 (n/a) [n/a] |   +44.5 (n/a) [n/a] |   -17.7 (n/a) [n/a] |      -5.8 (n/a) [n/a]
Вт (ср: росла +0.3%, n=10)  | +16.8 (n/a) [n/a] |    -4.5 (n/a) [n/a] |     +20.6 (n/a) [n/a] |   +0.6 (n/a) [n/a] | -16.8 (n/a) [n/a] |     -14.2 (n/a) [n/a] |         +3.5 (n/a) [n/a] |       -6.1 (n/a) [n/a] |  +37.1 (n/a) [n/a] |   +14.5 (n/a) [n/a] |    +2.3 (n/a) [n/a] |      +4.2 (n/a) [n/a]
Ср (ср: падала -0.2%, n=10) |  -3.2 (n/a) [n/a] |    -4.5 (n/a) [n/a] |      -9.4 (n/a) [n/a] |  +10.6 (n/a) [n/a] |  +3.2 (n/a) [n/a] |      -4.2 (n/a) [n/a] |         +3.5 (n/a) [n/a] |       +3.9 (n/a) [n/a] |   -2.9 (n/a) [n/a] |   -15.5 (n/a) [n/a] |    +2.3 (n/a) [n/a] |     +14.2 (n/a) [n/a]
Чт (ср: падала -0.1%, n=8)  | -15.7 (n/a) [n/a] |    -2.0 (n/a) [n/a] |      +5.6 (n/a) [n/a] |  -19.4 (n/a) [n/a] | +15.7 (n/a) [n/a] |     +13.3 (n/a) [n/a] |         +6.0 (n/a) [n/a] |       -3.6 (n/a) [n/a] |  -12.9 (n/a) [n/a] |   +14.5 (n/a) [n/a] |    -5.2 (n/a) [n/a] |      -0.8 (n/a) [n/a]
Пт (ср: падала -0.3%, n=8)  | +21.8 (n/a) [n/a] |    -2.0 (n/a) [n/a] |      -6.9 (n/a) [n/a] |  +30.6 (n/a) [n/a] | -21.8 (n/a) [n/a] |     -24.2 (n/a) [n/a] |         -6.5 (n/a) [n/a] |       +8.9 (n/a) [n/a] |   -0.4 (n/a) [n/a] |    +2.0 (n/a) [n/a] |   +19.8 (n/a) [n/a] |     +11.7 (n/a) [n/a]
Сб (ср: росла +0.1%, n=8)   |  -3.2 (n/a) [n/a] |   -14.5 (n/a) [n/a] |      -6.9 (n/a) [n/a] |  +18.1 (n/a) [n/a] |  +3.2 (n/a) [n/a] |     +13.3 (n/a) [n/a] |         +6.0 (n/a) [n/a] |      -16.1 (n/a) [n/a] |  -25.4 (n/a) [n/a] |   -35.5 (n/a) [n/a] |    -5.2 (n/a) [n/a] |     -25.8 (n/a) [n/a]
Вс (ср: падала -1.1%, n=8)  | -53.2 (n/a) [n/a] |   -14.5 (n/a) [n/a] |     -19.4 (n/a) [n/a] |  -19.4 (n/a) [n/a] | +53.2 (n/a) [n/a] |     +50.8 (n/a) [n/a] |         -6.5 (n/a) [n/a] |       +8.9 (n/a) [n/a] |  -25.4 (n/a) [n/a] |   -35.5 (n/a) [n/a] |    +7.3 (n/a) [n/a] |      -0.8 (n/a) [n/a]

=== Пояснение к строкам таблицы ===

Строка, например «Ср (ср: росла +0.5%, n=8693)»:

  Ср              — день недели по UTC (Пн … Вс)
  ср: росла +0.5% — средняя дневная доходность (close−open)/open×100% по всем дням строки; «росла»/«падала» — по знаку среднего
  n=8693          — число дней в выборке (все пары × все календарные дни с этим weekday)

Пороги μ×0.5 / μ×1.5 в колонках — отдельно по каждой паре (среднее дней роста / падения после обрезки перцентилей 5–95%).

=== Пояснение к ячейкам таблиц ===

В ячейке, например 50.7 (2/5) [36]:

  50.7     — доля дней с условием колонки (%)
  (2/5)    — в Y годах с достаточной историей знак отклонения доли колонки от BASE совпал с общим; в X — совпал
  [36]     — 36 пар из отобранных, у которых на своих данных тот же знак Δ

Колонки close: сила роста/падения относительно μ×0.5 и μ×1.5 своей пары. Колонки High/Low: intraday-движение от open дня до тех же порогов.

Год в знаменатель (X/Y) попадает только если в этом году ≥ 40 дней для BASE (все дни выборки) и ≥ 15 дней для строки (день недели). Иначе год пропускают — мало данных, сравнение ненадёжное.

Для [пар] аналогично: ≥ 40 / ≥ 15 дней по каждой паре.

=== График dow_intraday_session_nav_2pairs_20240101_20240131.png ===

Cumulative Simple Return (%) — простая накопленная доходность в процентах (п.п.), без реинвестирования.
Каждый день weekday: фиксированный номинал (1×); R_t = Σ r_i, где r_i — дневной return (close−open)/open×100%.

