=== Отчёт: rsi_period_screen (этап 0 — выбор периода RSI) ===
Пар: 49
Период скрининга (UTC, train): 2022-01-01 .. 2024-04-01
Кандидаты RSI: 5, 9, 14, 21, 50
Фильтр пар: первая свеча не позже 2023-01-01 (UTC)
Пары: 1000luncusdt, aaveusdt, adausdt, algousdt, aliceusdt, apeusdt, api3usdt, aptusdt, atomusdt, avaxusdt, axsusdt
      bchusdt, bnbusdt, btcusdt, chzusdt, crvusdt, dashusdt, dogeusdt, dotusdt, dydxusdt, egldusdt, enjusdt
      etcusdt, ethusdt, filusdt, galausdt, gmtusdt, hbarusdt, icpusdt, injusdt, ldousdt, linkusdt, ltcusdt
      nearusdt, ontusdt, opusdt, paxgusdt, sandusdt, shib1000usdt, solusdt, storjusdt, stxusdt, trxusdt, uniusdt
      xlmusdt, xmrusdt, xrpusdt, zecusdt, zenusdt

=== Сводка: стабильность по периодам RSI ===
Этап 0 — выбор периода RSI. Колонки: «Цена росла» и «Цена падала» (Δ к BASE, п.п.). Значимая ячейка = бакет×колонка с |Δ| ≥ 2 п.п. Индекс (равный вес 25%): ср.|Δ| (норм. к макс.), ср.кварталы %, ср.пары %, число значимых ячеек (норм. к макс.).

   # |   RSI |   ср.|Δ| |   Ср.кварт. |   Ср.пары |  Знач. |  Индекс%
---------------------------------------------------------------------
   1 |     9 |      4.2 |         94% |       84% |      4 |     89.5
   2 |    14 |      3.6 |         90% |       78% |      5 |     88.5
   3 |    21 |      3.8 |         95% |       80% |      4 |     86.8
   4 |    50 |      3.8 |         92% |       84% |      4 |     86.6
   5 |     5 |      3.9 |         89% |       83% |      4 |     86.2

Знач. — число значимых ячеек (бакет × колонка с |Δ| ≥ порога).

Рекомендация этапа 0: RSI(9) — индекс 89.5%, ср.|Δ| 4.2 п.п., ср.кварталы 94%, ср.пары 84%, значимых ячеек 4.
Дальше: исследования с выбранным периодом RSI (README).

=== Значимые ячейки: «Цена росла» / «Цена падала» (|Δ| ≥ порога) ===
RSI Wilder(N) по дневному close; 6 квантилей по RSI вчера (границы по выборке, без look-ahead на return). Бакеты b0–b5 — Q1 (низкий RSI) … Q6 (высокий RSI).
Формат: бакет | колонка | Δ п.п. | кварталы X/Y | пары N/M

--- RSI(9) ---
  b0 Q1 RSI ≤34.9 | Цена падала | -5.8 п.п. | кварталы 8/9 | пары 44/49
  b0 Q1 RSI ≤34.9 | Цена росла | +5.4 п.п. | кварталы 8/9 | пары 45/49
  b5 Q6 RSI >65.0 | Цена падала | +2.9 п.п. | кварталы 9/9 | пары 38/49
  b5 Q6 RSI >65.0 | Цена росла | -2.5 п.п. | кварталы 9/9 | пары 37/49

--- RSI(14) ---
  b0 Q1 RSI ≤37.6 | Цена падала | -5.5 п.п. | кварталы 9/9 | пары 46/49
  b0 Q1 RSI ≤37.6 | Цена росла | +5.1 п.п. | кварталы 9/9 | пары 45/49
  b3 Q4 RSI (48.2..54.1] | Цена падала | +2.2 п.п. | кварталы 7/10 | пары 32/49
  b5 Q6 RSI >62.0 | Цена падала | +2.8 п.п. | кварталы 9/10 | пары 34/49
  b5 Q6 RSI >62.0 | Цена росла | -2.4 п.п. | кварталы 9/10 | пары 33/49

--- RSI(21) ---
  b0 Q1 RSI ≤39.6 | Цена падала | -5.3 п.п. | кварталы 9/9 | пары 42/47
  b0 Q1 RSI ≤39.6 | Цена росла | +5.0 п.п. | кварталы 9/9 | пары 43/47
  b5 Q6 RSI >59.8 | Цена падала | +2.7 п.п. | кварталы 9/10 | пары 36/49
  b5 Q6 RSI >59.8 | Цена росла | -2.4 п.п. | кварталы 9/10 | пары 32/49

--- RSI(50) ---
  b0 Q1 RSI ≤42.6 | Цена падала | -4.0 п.п. | кварталы 9/9 | пары 36/39
  b0 Q1 RSI ≤42.6 | Цена росла | +3.7 п.п. | кварталы 8/9 | пары 36/39
  b5 Q6 RSI >56.1 | Цена падала | +3.9 п.п. | кварталы 8/9 | пары 38/49
  b5 Q6 RSI >56.1 | Цена росла | -3.5 п.п. | кварталы 8/9 | пары 37/49

--- RSI(5) ---
  b0 Q1 RSI ≤29.9 | Цена падала | -5.1 п.п. | кварталы 7/9 | пары 45/49
  b0 Q1 RSI ≤29.9 | Цена росла | +4.8 п.п. | кварталы 7/9 | пары 44/49
  b5 Q6 RSI >70.4 | Цена падала | +2.9 п.п. | кварталы 9/9 | пары 37/49
  b5 Q6 RSI >70.4 | Цена росла | -2.7 п.п. | кварталы 9/9 | пары 37/49

=== Графики ===
Индекс стабильности: /home_admin/crypto_bot/crypto_research/research_outputs/rsi/rsi_quantiles/statistics/plots/rsi_period_screen_stability_index_49pairs_rsi5_9_14_21_50_20220101_20240401.png
Ср. согласие материальных ячеек по годам: /home_admin/crypto_bot/crypto_research/research_outputs/rsi/rsi_quantiles/statistics/plots/rsi_period_screen_yearly_agreement_49pairs_rsi5_9_14_21_50_20220101_20240401.png

