=== Отчёт: rsi_spreads (RSI вчера → return сегодня) ===
Пар: 49
Период (UTC): 2022-01-01 .. 2026-05-31
Периоды RSI: 9
Фильтр пар: первая свеча не позже 2023-01-01 (UTC)
Пары: 1000luncusdt, aaveusdt, adausdt, algousdt, aliceusdt, apeusdt, api3usdt, aptusdt, atomusdt, avaxusdt, axsusdt
      bchusdt, bnbusdt, btcusdt, chzusdt, crvusdt, dashusdt, dogeusdt, dotusdt, dydxusdt, egldusdt, enjusdt
      etcusdt, ethusdt, filusdt, galausdt, gmtusdt, hbarusdt, icpusdt, injusdt, ldousdt, linkusdt, ltcusdt
      nearusdt, ontusdt, opusdt, paxgusdt, sandusdt, shib1000usdt, solusdt, storjusdt, stxusdt, trxusdt, uniusdt
      xlmusdt, xmrusdt, xrpusdt, zecusdt, zenusdt

Методика: RSI Wilder(N) по дневному close UTC; 6 квантилей по RSI вчера. Сегодняшний return = (close−open)/open×100%. Без look-ahead: границы квантилей по выборке, RSI считается только по истории пары.

=== Уровни RSI (вчера) ===
RSI Wilder(N) по дневному close UTC; pooled по всем парам и дням выборки.
RSI      |     mean |   median |      std |      min |      max |      n
------------------------------------------------------------------------
RSI(9  ) |     48.5 |     46.8 |     14.7 |      3.5 |    100.0 |  70431

=== RSI(9) вчера → return сегодня, % ===
RSI Wilder(9) по дневному close; 6 квантилей по RSI вчера. RSI Wilder(N) по дневному close; 6 квантилей по RSI вчера (границы по выборке, без look-ahead на return). Бакеты b0–b5 — Q1 (низкий RSI) … Q6 (высокий RSI). Колонки mean — пороги доходности своей пары.
В ячейке: (годы X/Y) — знак отклонения доли колонки от BASE совпал с общим (порог: 40/15 дн. в году, BASE/строка).
dev к EMA, %                                |                Цена росла |         Цена росла > mean |           Цена росла mean |         Цена росла < mean |               Цена падала |        Цена падала > mean |          Цена падала mean |        Цена падала < mean |        Цена росла до mean |       Цена была выше mean |       Цена падала до mean |       Цена была ниже mean
-------------------------------------------------------------------------------------------------------------------------------------------------------------------------------------------------------------------------------------------------------------------------------------------------------------------------------------------------------------------------------------------
Q1 RSI ≤34.5 (ср ret +0.3%, n=11739)        |           55.0 (5/5) [49] |           16.8 (1/5) [34] |           23.1 (5/5) [40] |           15.1 (4/5) [42] |           44.5 (5/5) [49] |           14.2 (4/5) [38] |           17.2 (5/5) [48] |           13.0 (3/5) [24] |           70.9 (4/5) [42] |           29.3 (4/5) [40] |           70.7 (2/5) [23] |           33.1 (4/5) [41]
Q2 RSI (34.5..40.9] (ср ret -0.2%, n=11738) |           48.5 (4/5) [23] |           18.3 (5/5) [40] |           21.1 (3/5) [25] |            9.2 (5/5) [46] |           51.0 (4/5) [22] |           17.7 (5/5) [36] |           21.8 (2/5) [18] |           11.5 (5/5) [38] |           63.7 (5/5) [41] |           20.3 (5/5) [47] |           67.8 (5/5) [42] |           26.9 (5/5) [38]
Q3 RSI (40.9..46.8] (ср ret -0.1%, n=11738) |           47.3 (4/5) [33] |           16.9 (4/5) [29] |           20.3 (1/5) [28] |           10.1 (4/5) [42] |           52.3 (4/5) [33] |           18.0 (4/5) [37] |           23.1 (5/5) [32] |           11.3 (4/5) [37] |           62.6 (5/5) [44] |           21.0 (4/5) [48] |           66.5 (5/5) [46] |           25.2 (5/5) [44]
Q4 RSI (46.8..53.8] (ср ret -0.1%, n=11739) |           47.0 (4/5) [36] |           16.0 (3/5) [26] |           20.2 (3/5) [24] |           10.8 (4/5) [33] |           52.6 (4/5) [37] |           16.7 (3/5) [26] |           23.7 (5/5) [37] |           12.2 (3/5) [27] |           64.6 (5/5) [39] |           22.4 (5/5) [41] |           68.2 (5/5) [38] |           25.7 (5/5) [45]
Q5 RSI (53.8..63.2] (ср ret -0.0%, n=11738) |           47.6 (3/5) [36] |           15.3 (4/5) [31] |           19.9 (4/5) [31] |           12.4 (3/5) [24] |           51.9 (4/5) [37] |           16.0 (2/5) [24] |           22.5 (4/5) [28] |           13.5 (3/5) [34] |           68.1 (3/5) [29] |           26.7 (3/5) [26] |           70.9 (3/5) [30] |           28.0 (3/5) [30]
Q6 RSI >63.2 (ср ret +0.3%, n=11739)        |           48.3 (3/5) [27] |           13.9 (4/5) [44] |           18.8 (5/5) [34] |           15.6 (4/5) [43] |           51.3 (3/5) [29] |           14.2 (4/5) [40] |           22.6 (4/5) [31] |           14.5 (5/5) [38] |           74.6 (5/5) [48] |           35.8 (5/5) [47] |           79.0 (5/5) [48] |           37.1 (5/5) [46]
-------------------------------------------------------------------------------------------------------------------------------------------------------------------------------------------------------------------------------------------------------------------------------------------------------------------------------------------------------------------------------------------
BASE без условий (n=70431)                  |                      49.0 |                      16.2 |                      20.6 |                      12.2 |                      50.6 |                      16.1 |                      21.8 |                      12.7 |                      67.4 |                      25.9 |                      70.5 |                      29.3

=== Δ к BASE: RSI(9) (п.п.) ===
dev к EMA, %                                |                Цена росла |         Цена росла > mean |           Цена росла mean |         Цена росла < mean |               Цена падала |        Цена падала > mean |          Цена падала mean |        Цена падала < mean |        Цена росла до mean |       Цена была выше mean |       Цена падала до mean |       Цена была ниже mean
-------------------------------------------------------------------------------------------------------------------------------------------------------------------------------------------------------------------------------------------------------------------------------------------------------------------------------------------------------------------------------------------
Q1 RSI ≤34.5 (ср ret +0.3%, n=11739)        |           +6.0 (5/5) [49] |           +0.6 (1/5) [34] |           +2.5 (5/5) [40] |           +2.9 (4/5) [42] |           -6.1 (5/5) [49] |           -1.9 (4/5) [38] |           -4.6 (5/5) [48] |           +0.4 (3/5) [24] |           +3.4 (4/5) [42] |           +3.4 (4/5) [40] |           +0.2 (2/5) [23] |           +3.8 (4/5) [41]
Q2 RSI (34.5..40.9] (ср ret -0.2%, n=11738) |           -0.4 (4/5) [23] |           +2.1 (5/5) [40] |           +0.5 (3/5) [25] |           -3.0 (5/5) [46] |           +0.4 (4/5) [22] |           +1.6 (5/5) [36] |           -0.0 (2/5) [18] |           -1.2 (5/5) [38] |           -3.7 (5/5) [41] |           -5.6 (5/5) [47] |           -2.8 (5/5) [42] |           -2.5 (5/5) [38]
Q3 RSI (40.9..46.8] (ср ret -0.1%, n=11738) |           -1.7 (4/5) [33] |           +0.7 (4/5) [29] |           -0.3 (1/5) [28] |           -2.1 (4/5) [42] |           +1.7 (4/5) [33] |           +1.9 (4/5) [37] |           +1.2 (5/5) [32] |           -1.4 (4/5) [37] |           -4.8 (5/5) [44] |           -4.9 (4/5) [48] |           -4.0 (5/5) [46] |           -4.1 (5/5) [44]
Q4 RSI (46.8..53.8] (ср ret -0.1%, n=11739) |           -2.0 (4/5) [36] |           -0.2 (3/5) [26] |           -0.3 (3/5) [24] |           -1.4 (4/5) [33] |           +2.0 (4/5) [37] |           +0.6 (3/5) [26] |           +1.9 (5/5) [37] |           -0.4 (3/5) [27] |           -2.9 (5/5) [39] |           -3.5 (5/5) [41] |           -2.3 (5/5) [38] |           -3.6 (5/5) [45]
Q5 RSI (53.8..63.2] (ср ret -0.0%, n=11738) |           -1.3 (3/5) [36] |           -0.9 (4/5) [31] |           -0.7 (4/5) [31] |           +0.2 (3/5) [24] |           +1.3 (4/5) [37] |           -0.1 (2/5) [24] |           +0.7 (4/5) [28] |           +0.8 (3/5) [34] |           +0.7 (3/5) [29] |           +0.8 (3/5) [26] |           +0.4 (3/5) [30] |           -1.4 (3/5) [30]
Q6 RSI >63.2 (ср ret +0.3%, n=11739)        |           -0.6 (3/5) [27] |           -2.3 (4/5) [44] |           -1.8 (5/5) [34] |           +3.4 (4/5) [43] |           +0.7 (3/5) [29] |           -1.9 (4/5) [40] |           +0.8 (4/5) [31] |           +1.8 (5/5) [38] |           +7.2 (5/5) [48] |           +9.8 (5/5) [47] |           +8.5 (5/5) [48] |           +7.8 (5/5) [46]

=== Пояснение к таблицам RSI ===

RSI Wilder(N) по дневному close; 6 квантилей по RSI вчера (границы по выборке, без look-ahead на return). Бакеты b0–b5 — Q1 (низкий RSI) … Q6 (высокий RSI).

  b0: Q1
  b1: Q2
  b2: Q3
  b3: Q4
  b4: Q5
  b5: Q6

Колонки — условные доли дневного return сегодня (close vs open и intraday high/low); пороги mean — отдельно по каждой паре (μ×0.5 / μ×1.5 дней роста и падения).

В ячейке (X/Y) [N]: X/Y — годы со согласованным знаком Δ к BASE; [N] — число пар с тем же знаком Δ.
