2026-06-22 14:21:15 INFO crypto_research.ml_research: [ml] log file: /home_admin/crypto_bot/crypto_research/research_outputs/combined/dow_ema_rsi_streak_vol/ml/direction_dow_ema_rsi_streak_vol_20220101_20260531.log
2026-06-22 14:21:15 INFO crypto_research.ml_dataset: [ml] pair filter: first_candle <= 2023-01-01 → 49 pairs
2026-06-22 14:21:33 INFO crypto_research.load: [1] Загрузка данных: пар=49 строк=46567998 ~1243.5 MB
2026-06-22 14:21:33 INFO crypto_research.load:   1000luncusdt: rows=656821 2022-12-31 .. 2024-04-01
2026-06-22 14:21:33 INFO crypto_research.load:   aaveusdt: rows=1182241 2022-01-01 .. 2024-04-01
2026-06-22 14:21:33 INFO crypto_research.load:   adausdt: rows=1182241 2022-01-01 .. 2024-04-01
2026-06-22 14:21:33 INFO crypto_research.load:   algousdt: rows=1182241 2022-01-01 .. 2024-04-01
2026-06-22 14:21:33 INFO crypto_research.load:   aliceusdt: rows=1182241 2022-01-01 .. 2024-04-01
2026-06-22 14:21:33 INFO crypto_research.load:   apeusdt: rows=656821 2022-12-31 .. 2024-04-01
2026-06-22 14:21:33 INFO crypto_research.load:   api3usdt: rows=1098270 2022-02-28 .. 2024-04-01
2026-06-22 14:21:33 INFO crypto_research.load:   aptusdt: rows=763033 2022-10-19 .. 2024-04-01
2026-06-22 14:21:33 INFO crypto_research.load:   atomusdt: rows=1182241 2022-01-01 .. 2024-04-01
2026-06-22 14:21:33 INFO crypto_research.load:   avaxusdt: rows=1182241 2022-01-01 .. 2024-04-01
2026-06-22 14:21:33 INFO crypto_research.load:   axsusdt: rows=656821 2022-12-31 .. 2024-04-01
2026-06-22 14:21:33 INFO crypto_research.load:   bchusdt: rows=1182241 2022-01-01 .. 2024-04-01
2026-06-22 14:21:33 INFO crypto_research.load:   bnbusdt: rows=1182241 2022-01-01 .. 2024-04-01
2026-06-22 14:21:33 INFO crypto_research.load:   btcusdt: rows=1182241 2022-01-01 .. 2024-04-01
2026-06-22 14:21:33 INFO crypto_research.load:   chzusdt: rows=656821 2022-12-31 .. 2024-04-01
2026-06-22 14:21:33 INFO crypto_research.load:   crvusdt: rows=1182241 2022-01-01 .. 2024-04-01
2026-06-22 14:21:33 INFO crypto_research.load:   dashusdt: rows=656821 2022-12-31 .. 2024-04-01
2026-06-22 14:21:33 INFO crypto_research.load:   dogeusdt: rows=1182241 2022-01-01 .. 2024-04-01
2026-06-22 14:21:33 INFO crypto_research.load:   dotusdt: rows=1182241 2022-01-01 .. 2024-04-01
2026-06-22 14:21:33 INFO crypto_research.load:   dydxusdt: rows=1182241 2022-01-01 .. 2024-04-01
2026-06-22 14:21:33 INFO crypto_research.load:   egldusdt: rows=656821 2022-12-31 .. 2024-04-01
2026-06-22 14:21:33 INFO crypto_research.load:   enjusdt: rows=1182241 2022-01-01 .. 2024-04-01
2026-06-22 14:21:33 INFO crypto_research.load:   etcusdt: rows=656821 2022-12-31 .. 2024-04-01
2026-06-22 14:21:33 INFO crypto_research.load:   ethusdt: rows=1182241 2022-01-01 .. 2024-04-01
2026-06-22 14:21:33 INFO crypto_research.load:   filusdt: rows=1182241 2022-01-01 .. 2024-04-01
2026-06-22 14:21:33 INFO crypto_research.load:   galausdt: rows=1182241 2022-01-01 .. 2024-04-01
2026-06-22 14:21:33 INFO crypto_research.load:   gmtusdt: rows=656821 2022-12-31 .. 2024-04-01
2026-06-22 14:21:33 INFO crypto_research.load:   hbarusdt: rows=656821 2022-12-31 .. 2024-04-01
2026-06-22 14:21:33 INFO crypto_research.load:   icpusdt: rows=656821 2022-12-31 .. 2024-04-01
2026-06-22 14:21:33 INFO crypto_research.load:   injusdt: rows=656821 2022-12-31 .. 2024-04-01
2026-06-22 14:21:33 INFO crypto_research.load:   ldousdt: rows=656821 2022-12-31 .. 2024-04-01
2026-06-22 14:21:33 INFO crypto_research.load:   linkusdt: rows=1182241 2022-01-01 .. 2024-04-01
2026-06-22 14:21:33 INFO crypto_research.load:   ltcusdt: rows=1182241 2022-01-01 .. 2024-04-01
2026-06-22 14:21:33 INFO crypto_research.load:   nearusdt: rows=1182241 2022-01-01 .. 2024-04-01
2026-06-22 14:21:33 INFO crypto_research.load:   ontusdt: rows=957048 2022-06-06 .. 2024-04-01
2026-06-22 14:21:33 INFO crypto_research.load:   opusdt: rows=656821 2022-12-31 .. 2024-04-01
2026-06-22 14:21:33 INFO crypto_research.load:   paxgusdt: rows=1076619 2022-03-15 .. 2024-04-01
2026-06-22 14:21:33 INFO crypto_research.load:   sandusdt: rows=656821 2022-12-31 .. 2024-04-01
2026-06-22 14:21:33 INFO crypto_research.load:   shib1000usdt: rows=656821 2022-12-31 .. 2024-04-01
2026-06-22 14:21:33 INFO crypto_research.load:   solusdt: rows=1182241 2022-01-01 .. 2024-04-01
2026-06-22 14:21:33 INFO crypto_research.load:   storjusdt: rows=656821 2022-12-31 .. 2024-04-01
2026-06-22 14:21:33 INFO crypto_research.load:   stxusdt: rows=656821 2022-12-31 .. 2024-04-01
2026-06-22 14:21:33 INFO crypto_research.load:   trxusdt: rows=656821 2022-12-31 .. 2024-04-01
2026-06-22 14:21:33 INFO crypto_research.load:   uniusdt: rows=1182241 2022-01-01 .. 2024-04-01
2026-06-22 14:21:33 INFO crypto_research.load:   xlmusdt: rows=656821 2022-12-31 .. 2024-04-01
2026-06-22 14:21:33 INFO crypto_research.load:   xmrusdt: rows=1162824 2022-01-14 .. 2024-04-01
2026-06-22 14:21:33 INFO crypto_research.load:   xrpusdt: rows=1182241 2022-01-01 .. 2024-04-01
2026-06-22 14:21:33 INFO crypto_research.load:   zecusdt: rows=1182241 2022-01-01 .. 2024-04-01
2026-06-22 14:21:33 INFO crypto_research.load:   zenusdt: rows=656821 2022-12-31 .. 2024-04-01
2026-06-22 14:21:35 INFO crypto_research.ml_dataset: [ml] pooled daily: pairs=49 rows=32407 period=2022-01-01..2024-04-01
2026-06-22 14:21:35 INFO crypto_research.ml_dataset: [ml] pair filter: first_candle <= 2023-01-01 → 49 pairs
2026-06-22 14:21:53 INFO crypto_research.load: [1] Загрузка данных: пар=49 строк=55515524 ~1482.4 MB
2026-06-22 14:21:53 INFO crypto_research.load:   1000luncusdt: rows=1133280 2024-04-01 .. 2026-05-27
2026-06-22 14:21:53 INFO crypto_research.load:   aaveusdt: rows=1132756 2024-04-01 .. 2026-05-27
2026-06-22 14:21:53 INFO crypto_research.load:   adausdt: rows=1132756 2024-04-01 .. 2026-05-27
2026-06-22 14:21:53 INFO crypto_research.load:   algousdt: rows=1132756 2024-04-01 .. 2026-05-27
2026-06-22 14:21:53 INFO crypto_research.load:   aliceusdt: rows=1132756 2024-04-01 .. 2026-05-27
2026-06-22 14:21:53 INFO crypto_research.load:   apeusdt: rows=1133280 2024-04-01 .. 2026-05-27
2026-06-22 14:21:53 INFO crypto_research.load:   api3usdt: rows=1132756 2024-04-01 .. 2026-05-27
2026-06-22 14:21:53 INFO crypto_research.load:   aptusdt: rows=1132756 2024-04-01 .. 2026-05-27
2026-06-22 14:21:53 INFO crypto_research.load:   atomusdt: rows=1132756 2024-04-01 .. 2026-05-27
2026-06-22 14:21:53 INFO crypto_research.load:   avaxusdt: rows=1132756 2024-04-01 .. 2026-05-27
2026-06-22 14:21:53 INFO crypto_research.load:   axsusdt: rows=1133280 2024-04-01 .. 2026-05-27
2026-06-22 14:21:53 INFO crypto_research.load:   bchusdt: rows=1132756 2024-04-01 .. 2026-05-27
2026-06-22 14:21:53 INFO crypto_research.load:   bnbusdt: rows=1132756 2024-04-01 .. 2026-05-27
2026-06-22 14:21:53 INFO crypto_research.load:   btcusdt: rows=1132756 2024-04-01 .. 2026-05-27
2026-06-22 14:21:53 INFO crypto_research.load:   chzusdt: rows=1133280 2024-04-01 .. 2026-05-27
2026-06-22 14:21:53 INFO crypto_research.load:   crvusdt: rows=1132756 2024-04-01 .. 2026-05-27
2026-06-22 14:21:53 INFO crypto_research.load:   dashusdt: rows=1133280 2024-04-01 .. 2026-05-27
2026-06-22 14:21:53 INFO crypto_research.load:   dogeusdt: rows=1132756 2024-04-01 .. 2026-05-27
2026-06-22 14:21:53 INFO crypto_research.load:   dotusdt: rows=1132756 2024-04-01 .. 2026-05-27
2026-06-22 14:21:53 INFO crypto_research.load:   dydxusdt: rows=1132756 2024-04-01 .. 2026-05-27
2026-06-22 14:21:53 INFO crypto_research.load:   egldusdt: rows=1133280 2024-04-01 .. 2026-05-27
2026-06-22 14:21:53 INFO crypto_research.load:   enjusdt: rows=1132756 2024-04-01 .. 2026-05-27
2026-06-22 14:21:53 INFO crypto_research.load:   etcusdt: rows=1133280 2024-04-01 .. 2026-05-27
2026-06-22 14:21:53 INFO crypto_research.load:   ethusdt: rows=1132756 2024-04-01 .. 2026-05-27
2026-06-22 14:21:53 INFO crypto_research.load:   filusdt: rows=1132756 2024-04-01 .. 2026-05-27
2026-06-22 14:21:53 INFO crypto_research.load:   galausdt: rows=1132756 2024-04-01 .. 2026-05-27
2026-06-22 14:21:53 INFO crypto_research.load:   gmtusdt: rows=1133280 2024-04-01 .. 2026-05-27
2026-06-22 14:21:53 INFO crypto_research.load:   hbarusdt: rows=1133280 2024-04-01 .. 2026-05-27
2026-06-22 14:21:53 INFO crypto_research.load:   icpusdt: rows=1133280 2024-04-01 .. 2026-05-27
2026-06-22 14:21:53 INFO crypto_research.load:   injusdt: rows=1133280 2024-04-01 .. 2026-05-27
2026-06-22 14:21:53 INFO crypto_research.load:   ldousdt: rows=1133280 2024-04-01 .. 2026-05-27
2026-06-22 14:21:53 INFO crypto_research.load:   linkusdt: rows=1132756 2024-04-01 .. 2026-05-27
2026-06-22 14:21:53 INFO crypto_research.load:   ltcusdt: rows=1132756 2024-04-01 .. 2026-05-27
2026-06-22 14:21:53 INFO crypto_research.load:   nearusdt: rows=1132756 2024-04-01 .. 2026-05-27
2026-06-22 14:21:53 INFO crypto_research.load:   ontusdt: rows=1132756 2024-04-01 .. 2026-05-27
2026-06-22 14:21:53 INFO crypto_research.load:   opusdt: rows=1133280 2024-04-01 .. 2026-05-27
2026-06-22 14:21:53 INFO crypto_research.load:   paxgusdt: rows=1132756 2024-04-01 .. 2026-05-27
2026-06-22 14:21:53 INFO crypto_research.load:   sandusdt: rows=1133280 2024-04-01 .. 2026-05-27
2026-06-22 14:21:53 INFO crypto_research.load:   shib1000usdt: rows=1133280 2024-04-01 .. 2026-05-27
2026-06-22 14:21:53 INFO crypto_research.load:   solusdt: rows=1132756 2024-04-01 .. 2026-05-27
2026-06-22 14:21:53 INFO crypto_research.load:   storjusdt: rows=1133280 2024-04-01 .. 2026-05-27
2026-06-22 14:21:53 INFO crypto_research.load:   stxusdt: rows=1133280 2024-04-01 .. 2026-05-27
2026-06-22 14:21:53 INFO crypto_research.load:   trxusdt: rows=1133280 2024-04-01 .. 2026-05-27
2026-06-22 14:21:53 INFO crypto_research.load:   uniusdt: rows=1132756 2024-04-01 .. 2026-05-27
2026-06-22 14:21:53 INFO crypto_research.load:   xlmusdt: rows=1133280 2024-04-01 .. 2026-05-27
2026-06-22 14:21:53 INFO crypto_research.load:   xmrusdt: rows=1132756 2024-04-01 .. 2026-05-27
2026-06-22 14:21:53 INFO crypto_research.load:   xrpusdt: rows=1132756 2024-04-01 .. 2026-05-27
2026-06-22 14:21:53 INFO crypto_research.load:   zecusdt: rows=1132756 2024-04-01 .. 2026-05-27
2026-06-22 14:21:53 INFO crypto_research.load:   zenusdt: rows=1133280 2024-04-01 .. 2026-05-27
2026-06-22 14:21:54 INFO crypto_research.ml_dataset: [ml] pooled daily: pairs=49 rows=38563 period=2024-04-01..2026-05-31
2026-06-22 14:21:54 INFO crypto_research.ml_ema_dev_norm: [ml] ema_dev_pair_norm bounds: pairs=49
2026-06-22 14:21:54 INFO crypto_research.ml_numeric_features: [ml] bounds ema_dev_pair_norm: pairs=49
2026-06-22 14:21:55 INFO crypto_research.ml_numeric_features: [ml] bounds rsi_pair_norm: pairs=49
2026-06-22 14:21:55 INFO crypto_research.ml_numeric_features: [ml] bounds streak_pair_norm: pairs=49
2026-06-22 14:21:55 INFO crypto_research.ml_dataset: [ml] ema_dev_pair_norm: min=-4.914 max=8.584 mean=-0.015
2026-06-22 14:21:55 INFO crypto_research.ml_dataset: [ml] rsi_pair_norm: min=-2.053 max=2.062 mean=-0.083
2026-06-22 14:21:55 INFO crypto_research.ml_dataset: [ml] streak_pair_norm: min=-3.000 max=4.333 mean=-0.016
2026-06-22 14:21:55 INFO crypto_research.ml_dataset: [ml] vol_log_rel_pair: min=-3.028 max=3.086 mean=-0.190
2026-06-22 14:21:55 INFO crypto_research.ml_dataset: [ml] dataset studies=['day_of_week_ml', 'ema_spreads_ml', 'rsi_spreads_ml', 'price_sequences_ml', 'volume_spreads_ml'] features=['pair_id', 'weekday_enc', 'ema_dev_pair_norm', 'rsi_pair_norm', 'streak_pair_norm', 'vol_log_rel_pair'] rows=29730 pairs=49 up_rate=0.501
2026-06-22 14:21:55 INFO crypto_research.ml_dataset: [ml] ema_dev_pair_norm: min=-4.918 max=15.840 mean=-0.076
2026-06-22 14:21:55 INFO crypto_research.ml_dataset: [ml] rsi_pair_norm: min=-1.864 max=2.022 mean=-0.155
2026-06-22 14:21:55 INFO crypto_research.ml_dataset: [ml] streak_pair_norm: min=-3.333 max=3.333 mean=-0.079
2026-06-22 14:21:55 INFO crypto_research.ml_dataset: [ml] vol_log_rel_pair: min=-3.068 max=3.133 mean=-0.200
2026-06-22 14:21:55 INFO crypto_research.ml_dataset: [ml] dataset studies=['day_of_week_ml', 'ema_spreads_ml', 'rsi_spreads_ml', 'price_sequences_ml', 'volume_spreads_ml'] features=['pair_id', 'weekday_enc', 'ema_dev_pair_norm', 'rsi_pair_norm', 'streak_pair_norm', 'vol_log_rel_pair'] rows=36047 pairs=49 up_rate=0.480
2026-06-22 14:21:55 INFO crypto_research.ml_research: Dataset columns (11): ['day_utc', 'pair', 'weekday', 'return_pct', 'direction_up', 'ema_dev_pair_norm', 'rsi_pair_norm', 'streak_pair_norm', 'vol_log_rel_pair', 'pair_id', 'weekday_enc']
2026-06-22 14:21:55 INFO crypto_research.ml_research: Dataset head (50 rows):
shape: (50, 11)
┌─────────────────────┬───────────┬─────────┬─────────────────────┬──────────────┬─────────────────────┬─────────────────────┬────────────────────┬────────────────────┬─────────┬─────────────┐
│ day_utc             ┆ pair      ┆ weekday ┆ return_pct          ┆ direction_up ┆ ema_dev_pair_norm   ┆ rsi_pair_norm       ┆ streak_pair_norm   ┆ vol_log_rel_pair   ┆ pair_id ┆ weekday_enc │
│ ---                 ┆ ---       ┆ ---     ┆ ---                 ┆ ---          ┆ ---                 ┆ ---                 ┆ ---                ┆ ---                ┆ ---     ┆ ---         │
│ datetime[μs, UTC]   ┆ str       ┆ i64     ┆ f64                 ┆ i8           ┆ f64                 ┆ f64                 ┆ f64                ┆ f64                ┆ cat     ┆ cat         │
╞═════════════════════╪═══════════╪═════════╪═════════════════════╪══════════════╪═════════════════════╪═════════════════════╪════════════════════╪════════════════════╪═════════╪═════════════╡
│ 2022-02-20 00:00:00 ┆ aaveusdt  ┆ 6       ┆ -6.091724013322457  ┆ 0            ┆ -0.6943953908599673 ┆ -0.7025783349718373 ┆ 0.3333333333333332 ┆ -0.969126530177240 ┆ 1       ┆ 6           │
│ UTC                 ┆           ┆         ┆                     ┆              ┆                     ┆                     ┆ 6                  ┆ 4                  ┆         ┆             │
│ 2022-02-20 00:00:00 ┆ adausdt   ┆ 6       ┆ -6.544873435265928  ┆ 0            ┆ -0.5814293148870262 ┆ -0.6143096725888517 ┆ 0.3333333333333332 ┆ -0.490359087810927 ┆ 2       ┆ 6           │
│ UTC                 ┆           ┆         ┆                     ┆              ┆                     ┆                     ┆ 6                  ┆ 5                  ┆         ┆             │
│ 2022-02-20 00:00:00 ┆ algousdt  ┆ 6       ┆ -6.225680211907596  ┆ 0            ┆ -0.2810025936054408 ┆ -0.4801455130728183 ┆ 0.1428571428571428 ┆ -0.503708449038664 ┆ 3       ┆ 6           │
│ UTC                 ┆           ┆         ┆                     ┆              ┆                     ┆                     ┆                    ┆ 6                  ┆         ┆             │
│ 2022-02-20 00:00:00 ┆ aliceusdt ┆ 6       ┆ -8.24675023083254   ┆ 0            ┆ -0.3555305564053559 ┆ -0.2105519419276172 ┆ -1                 ┆ -0.446417165487789 ┆ 4       ┆ 6           │
│ UTC                 ┆           ┆         ┆                     ┆              ┆                     ┆ 8                   ┆                    ┆ 54                 ┆         ┆             │
│ 2022-02-20 00:00:00 ┆ atomusdt  ┆ 6       ┆ -2.2876451881025512 ┆ 0            ┆ -0.3955075689647985 ┆ -0.4993529237034223 ┆ -1.333333333333333 ┆ -1.310887016405792 ┆ 8       ┆ 6           │
│ UTC                 ┆           ┆         ┆                     ┆              ┆ 5                   ┆                     ┆ 3                  ┆                    ┆         ┆             │
│ 2022-02-20 00:00:00 ┆ avaxusdt  ┆ 6       ┆ -9.10693783754543   ┆ 0            ┆ -0.0714246390029412 ┆ 0.01675423358629157 ┆ 0.4285714285714286 ┆ 0.0163616326885588 ┆ 9       ┆ 6           │
│ UTC                 ┆           ┆         ┆                     ┆              ┆ 1                   ┆ 8                   ┆                    ┆ 05                 ┆         ┆             │
│ 2022-02-20 00:00:00 ┆ bchusdt   ┆ 6       ┆ -3.014751207343168  ┆ 0            ┆ -0.4040648699194264 ┆ -0.3330839111726417 ┆ 0.3333333333333332 ┆ -0.903200575027855 ┆ 11      ┆ 6           │
│ UTC                 ┆           ┆         ┆                     ┆              ┆                     ┆                     ┆ 6                  ┆ 8                  ┆         ┆             │
│ 2022-02-20 00:00:00 ┆ bnbusdt   ┆ 6       ┆ -4.795891430483431  ┆ 0            ┆ -0.30343814715445   ┆ -0.3133627477827114 ┆ 0.3333333333333332 ┆ -0.723796444296282 ┆ 12      ┆ 6           │
│ UTC                 ┆           ┆         ┆                     ┆              ┆                     ┆ 5                   ┆ 6                  ┆ 9                  ┆         ┆             │
│ 2022-02-20 00:00:00 ┆ btcusdt   ┆ 6       ┆ -4.265674920127795  ┆ 0            ┆ -0.6407624657213268 ┆ -0.5082352437088417 ┆ 0.25               ┆ -0.517328329505883 ┆ 13      ┆ 6           │
│ UTC                 ┆           ┆         ┆                     ┆              ┆                     ┆                     ┆                    ┆ 1                  ┆         ┆             │
│ 2022-02-20 00:00:00 ┆ crvusdt   ┆ 6       ┆ -8.944543584109296  ┆ 0            ┆ -0.4244108530363327 ┆ -0.4876162623911656 ┆ -1                 ┆ -1.104749715113667 ┆ 15      ┆ 6           │
│ UTC                 ┆           ┆         ┆                     ┆              ┆                     ┆                     ┆                    ┆ 2                  ┆         ┆             │
│ 2022-02-20 00:00:00 ┆ dogeusdt  ┆ 6       ┆ -3.1227820774460615 ┆ 0            ┆ -0.283250230905535  ┆ -0.3757974405167819 ┆ 0.6666666666666667 ┆ -0.302248314043019 ┆ 17      ┆ 6           │
│ UTC                 ┆           ┆         ┆                     ┆              ┆                     ┆                     ┆                    ┆ 83                 ┆         ┆             │
│ 2022-02-20 00:00:00 ┆ dydxusdt  ┆ 6       ┆ -9.667197132266542  ┆ 0            ┆ -0.6347097383837632 ┆ -0.6054622668037717 ┆ -1.333333333333333 ┆ -1.225707261792047 ┆ 19      ┆ 6           │
│ UTC                 ┆           ┆         ┆                     ┆              ┆                     ┆                     ┆ 3                  ┆                    ┆         ┆             │
│ 2022-02-20 00:00:00 ┆ enjusdt   ┆ 6       ┆ -7.798857428709185  ┆ 0            ┆ -0.6587070053163545 ┆ -0.525379168647375  ┆ -1.285714285714285 ┆ -0.284623963769081 ┆ 21      ┆ 6           │
│ UTC                 ┆           ┆         ┆                     ┆              ┆                     ┆                     ┆ 6                  ┆ 4                  ┆         ┆             │
│ 2022-02-20 00:00:00 ┆ ethusdt   ┆ 6       ┆ -5.128199913792151  ┆ 0            ┆ -0.6576711899783877 ┆ -0.5671749447701278 ┆ -1                 ┆ -0.271027747021424 ┆ 23      ┆ 6           │
│ UTC                 ┆           ┆         ┆                     ┆              ┆                     ┆                     ┆                    ┆ 3                  ┆         ┆             │
│ 2022-02-20 00:00:00 ┆ filusdt   ┆ 6       ┆ -5.040802884812166  ┆ 0            ┆ -0.2537648381867465 ┆ -0.2620740013843908 ┆ -0.142857142857142 ┆ -0.414369488928641 ┆ 24      ┆ 6           │
│ UTC                 ┆           ┆         ┆                     ┆              ┆                     ┆ 5                   ┆ 9                  ┆ 7                  ┆         ┆             │
│ 2022-02-20 00:00:00 ┆ galausdt  ┆ 6       ┆ -11.126507466144046 ┆ 0            ┆ -0.5792090956435871 ┆ -0.1036583182280728 ┆ -1.333333333333333 ┆ -0.066203841698667 ┆ 25      ┆ 6           │
│ UTC                 ┆           ┆         ┆                     ┆              ┆                     ┆ 1                   ┆ 3                  ┆ 22                 ┆         ┆             │
│ 2022-02-20 00:00:00 ┆ linkusdt  ┆ 6       ┆ -5.943402043419263  ┆ 0            ┆ -0.4330395532316552 ┆ -0.482448439636854  ┆ 0.1428571428571428 ┆ -0.738987224430156 ┆ 31      ┆ 6           │
│ UTC                 ┆           ┆         ┆                     ┆              ┆                     ┆                     ┆                    ┆ 2                  ┆         ┆             │
│ 2022-02-20 00:00:00 ┆ ltcusdt   ┆ 6       ┆ -4.372669075914426  ┆ 0            ┆ -0.6157083037468053 ┆ -0.4832751661237576 ┆ 0.1428571428571428 ┆ -0.747699367436842 ┆ 32      ┆ 6           │
│ UTC                 ┆           ┆         ┆                     ┆              ┆                     ┆ 5                   ┆                    ┆ 8                  ┆         ┆             │
│ 2022-02-20 00:00:00 ┆ nearusdt  ┆ 6       ┆ -7.568969237759612  ┆ 0            ┆ -0.5430038681011953 ┆ -0.5999506196794147 ┆ -1                 ┆ -0.882159711525104 ┆ 33      ┆ 6           │
│ UTC                 ┆           ┆         ┆                     ┆              ┆                     ┆                     ┆                    ┆ 6                  ┆         ┆             │
│ 2022-02-20 00:00:00 ┆ solusdt   ┆ 6       ┆ -0.5918142355994085 ┆ 0            ┆ -0.475564607173609  ┆ -0.6381078350832072 ┆ 0.25               ┆ -0.295286096508586 ┆ 39      ┆ 6           │
│ UTC                 ┆           ┆         ┆                     ┆              ┆                     ┆                     ┆                    ┆ 5                  ┆         ┆             │
│ 2022-02-20 00:00:00 ┆ uniusdt   ┆ 6       ┆ -6.832240355604663  ┆ 0            ┆ -0.5976210763185437 ┆ -0.6012185590441173 ┆ -1.333333333333333 ┆ -0.261508533316129 ┆ 43      ┆ 6           │
│ UTC                 ┆           ┆         ┆                     ┆              ┆                     ┆                     ┆ 3                  ┆ 17                 ┆         ┆             │
│ 2022-02-20 00:00:00 ┆ xrpusdt   ┆ 6       ┆ -5.429755373506845  ┆ 0            ┆ 0.36945783881512484 ┆ 0.3200990847159664  ┆ 0.6666666666666667 ┆ 0.7871968230548426 ┆ 46      ┆ 6           │
│ UTC                 ┆           ┆         ┆                     ┆              ┆                     ┆                     ┆                    ┆                    ┆         ┆             │
│ 2022-02-20 00:00:00 ┆ zecusdt   ┆ 6       ┆ -4.058871975287023  ┆ 0            ┆ -0.3404017378908638 ┆ -0.2067061163180814 ┆ 0.25               ┆ -0.209019848401836 ┆ 47      ┆ 6           │
│ UTC                 ┆           ┆         ┆                     ┆              ┆                     ┆ 5                   ┆                    ┆ 46                 ┆         ┆             │
│ 2022-02-21 00:00:00 ┆ aaveusdt  ┆ 0       ┆ -6.3411057884529    ┆ 0            ┆ -0.9976975611340699 ┆ -0.9115173753491481 ┆ -0.333333333333333 ┆ -0.588085609377942 ┆ 1       ┆ 0           │
│ UTC                 ┆           ┆         ┆                     ┆              ┆                     ┆                     ┆ 37                 ┆ 6                  ┆         ┆             │
│ 2022-02-21 00:00:00 ┆ adausdt   ┆ 0       ┆ -7.991407967995058  ┆ 0            ┆ -1.073070709543148  ┆ -0.8709798446590324 ┆ -0.333333333333333 ┆ 0.0515688288094394 ┆ 2       ┆ 0           │
│ UTC                 ┆           ┆         ┆                     ┆              ┆                     ┆                     ┆ 37                 ┆ 36                 ┆         ┆             │
│ 2022-02-21 00:00:00 ┆ algousdt  ┆ 0       ┆ -7.113218861325893  ┆ 0            ┆ -0.6822725662982868 ┆ -0.7753908828941694 ┆ -0.428571428571428 ┆ -0.345434000345530 ┆ 3       ┆ 0           │
│ UTC                 ┆           ┆         ┆                     ┆              ┆                     ┆                     ┆ 6                  ┆ 73                 ┆         ┆             │
│ 2022-02-21 00:00:00 ┆ aliceusdt ┆ 0       ┆ -8.9171989998366    ┆ 0            ┆ -0.8363401648704818 ┆ -0.4866956688224527 ┆ -1.285714285714285 ┆ 0.1381683725377314 ┆ 4       ┆ 0           │
│ UTC                 ┆           ┆         ┆                     ┆              ┆                     ┆ 4                   ┆ 6                  ┆                    ┆         ┆             │
│ 2022-02-21 00:00:00 ┆ atomusdt  ┆ 0       ┆ -8.712340937154933  ┆ 0            ┆ -0.500841331835234  ┆ -0.6118240410581    ┆ -1.666666666666666 ┆ -0.583250554116845 ┆ 8       ┆ 0           │
│ UTC                 ┆           ┆         ┆                     ┆              ┆                     ┆                     ┆ 5                  ┆ 1                  ┆         ┆             │
│ 2022-02-21 00:00:00 ┆ avaxusdt  ┆ 0       ┆ -9.456668692617924  ┆ 0            ┆ -0.7524990138999502 ┆ -0.3473430532674056 ┆ -0.142857142857142 ┆ 0.0927522564294246 ┆ 9       ┆ 0           │
│ UTC                 ┆           ┆         ┆                     ┆              ┆                     ┆ 7                   ┆ 9                  ┆ 8                  ┆         ┆             │
│ 2022-02-21 00:00:00 ┆ bchusdt   ┆ 0       ┆ -6.464943183716127  ┆ 0            ┆ -0.6341936557114668 ┆ -0.5280971239546113 ┆ -0.333333333333333 ┆ -0.543390163366320 ┆ 11      ┆ 0           │
│ UTC                 ┆           ┆         ┆                     ┆              ┆                     ┆                     ┆ 37                 ┆ 2                  ┆         ┆             │
│ 2022-02-21 00:00:00 ┆ bnbusdt   ┆ 0       ┆ -6.286990472237754  ┆ 0            ┆ -0.87321313407577   ┆ -0.638103632867742  ┆ -0.333333333333333 ┆ -0.188374607620086 ┆ 12      ┆ 0           │
│ UTC                 ┆           ┆         ┆                     ┆              ┆                     ┆                     ┆ 37                 ┆ 87                 ┆         ┆             │
│ 2022-02-21 00:00:00 ┆ btcusdt   ┆ 0       ┆ -3.5288749837048625 ┆ 0            ┆ -1.1054804870107424 ┆ -0.769739060320304  ┆ -0.25              ┆ 0.2377474749795184 ┆ 13      ┆ 0           │
│ UTC                 ┆           ┆         ┆                     ┆              ┆                     ┆                     ┆                    ┆                    ┆         ┆             │
│ 2022-02-21 00:00:00 ┆ crvusdt   ┆ 0       ┆ -8.212184847183531  ┆ 0            ┆ -0.869431393507531  ┆ -0.7603282713038515 ┆ -1.285714285714285 ┆ -0.367645208531245 ┆ 15      ┆ 0           │
│ UTC                 ┆           ┆         ┆                     ┆              ┆                     ┆                     ┆ 6                  ┆ 2                  ┆         ┆             │
│ 2022-02-21 00:00:00 ┆ dogeusdt  ┆ 0       ┆ -6.227102428288845  ┆ 0            ┆ -0.5204801242246009 ┆ -0.5860988981301155 ┆ -0.333333333333333 ┆ -0.672545020411033 ┆ 17      ┆ 0           │
│ UTC                 ┆           ┆         ┆                     ┆              ┆                     ┆                     ┆ 37                 ┆ 8                  ┆         ┆             │
│ 2022-02-21 00:00:00 ┆ dotusdt   ┆ 0       ┆ -4.349104849665373  ┆ 0            ┆ -1.0243655120529362 ┆ -0.887529627719537  ┆ -0.333333333333333 ┆ -0.179275853469858 ┆ 18      ┆ 0           │
│ UTC                 ┆           ┆         ┆                     ┆              ┆                     ┆                     ┆ 37                 ┆ 55                 ┆         ┆             │
│ 2022-02-21 00:00:00 ┆ dydxusdt  ┆ 0       ┆ -6.842103149752137  ┆ 0            ┆ -1.1136009506002766 ┆ -0.9382337014697739 ┆ -1.666666666666666 ┆ -0.424086372406411 ┆ 19      ┆ 0           │
│ UTC                 ┆           ┆         ┆                     ┆              ┆                     ┆                     ┆ 5                  ┆ 4                  ┆         ┆             │
│ 2022-02-21 00:00:00 ┆ enjusdt   ┆ 0       ┆ -9.536252510032929  ┆ 0            ┆ -1.074211910461732  ┆ -0.7582630966371591 ┆ -1.571428571428571 ┆ -0.085366567012828 ┆ 21      ┆ 0           │
│ UTC                 ┆           ┆         ┆                     ┆              ┆                     ┆                     ┆ 4                  ┆ 7                  ┆         ┆             │
│ 2022-02-21 00:00:00 ┆ ethusdt   ┆ 0       ┆ -1.9869463615722893 ┆ 0            ┆ -1.0315467514616152 ┆ -0.7963164129814466 ┆ -1.25              ┆ 0.2684994209685171 ┆ 23      ┆ 0           │
│ UTC                 ┆           ┆         ┆                     ┆              ┆                     ┆                     ┆                    ┆                    ┆         ┆             │
│ 2022-02-21 00:00:00 ┆ filusdt   ┆ 0       ┆ -6.066737721347174  ┆ 0            ┆ -0.563001024596511  ┆ -0.4791678833581749 ┆ -0.428571428571428 ┆ -0.411650479824228 ┆ 24      ┆ 0           │
│ UTC                 ┆           ┆         ┆                     ┆              ┆                     ┆ 5                   ┆ 6                  ┆ 75                 ┆         ┆             │
│ 2022-02-21 00:00:00 ┆ galausdt  ┆ 0       ┆ -10.360950367343982 ┆ 0            ┆ -1.1964976128425169 ┆ -0.3626948769568900 ┆ -1.666666666666666 ┆ 0.3765010664366501 ┆ 25      ┆ 0           │
│ UTC                 ┆           ┆         ┆                     ┆              ┆                     ┆ 7                   ┆ 5                  ┆ 6                  ┆         ┆             │
│ 2022-02-21 00:00:00 ┆ linkusdt  ┆ 0       ┆ -7.559452519946048  ┆ 0            ┆ -0.8531982963156404 ┆ -0.7230740167024996 ┆ -0.428571428571428 ┆ -0.410298602112587 ┆ 31      ┆ 0           │
│ UTC                 ┆           ┆         ┆                     ┆              ┆                     ┆                     ┆ 6                  ┆ 84                 ┆         ┆             │
│ 2022-02-21 00:00:00 ┆ ltcusdt   ┆ 0       ┆ -7.171319832722559  ┆ 0            ┆ -0.9084268497850944 ┆ -0.7038015803634539 ┆ -0.428571428571428 ┆ -0.406731148377720 ┆ 32      ┆ 0           │
│ UTC                 ┆           ┆         ┆                     ┆              ┆                     ┆                     ┆ 6                  ┆ 4                  ┆         ┆             │
│ 2022-02-21 00:00:00 ┆ nearusdt  ┆ 0       ┆ -7.973276157402602  ┆ 0            ┆ -0.8955261228131198 ┆ -0.8099815887977764 ┆ -1.285714285714285 ┆ -0.653404059142710 ┆ 33      ┆ 0           │
│ UTC                 ┆           ┆         ┆                     ┆              ┆                     ┆                     ┆ 6                  ┆ 8                  ┆         ┆             │
│ 2022-02-21 00:00:00 ┆ solusdt   ┆ 0       ┆ -8.560717968024926  ┆ 0            ┆ -0.4223501329691992 ┆ -0.6583412011522276 ┆ -0.25              ┆ 0.5478987817412858 ┆ 39      ┆ 0           │
│ UTC                 ┆           ┆         ┆                     ┆              ┆ 7                   ┆                     ┆                    ┆                    ┆         ┆             │
│ 2022-02-21 00:00:00 ┆ uniusdt   ┆ 0       ┆ -8.896257463693809  ┆ 0            ┆ -1.0287543689813423 ┆ -0.8496319540412872 ┆ -1.666666666666666 ┆ 0.2996152895254910 ┆ 43      ┆ 0           │
│ UTC                 ┆           ┆         ┆                     ┆              ┆                     ┆                     ┆ 5                  ┆ 5                  ┆         ┆             │
│ 2022-02-21 00:00:00 ┆ xrpusdt   ┆ 0       ┆ -9.719355573099673  ┆ 0            ┆ -0.3573992680476147 ┆ -0.0285186322086703 ┆ -0.333333333333333 ┆ 0.6461000132071163 ┆ 46      ┆ 0           │
│ UTC                 ┆           ┆         ┆                     ┆              ┆                     ┆ 47                  ┆ 37                 ┆                    ┆         ┆             │
│ 2022-02-21 00:00:00 ┆ zecusdt   ┆ 0       ┆ -6.694564735783186  ┆ 0            ┆ -0.5705313403880451 ┆ -0.4234399810476791 ┆ -0.25              ┆ -0.169644113744332 ┆ 47      ┆ 0           │
│ UTC                 ┆           ┆         ┆                     ┆              ┆                     ┆                     ┆                    ┆ 75                 ┆         ┆             │
│ 2022-02-22 00:00:00 ┆ aaveusdt  ┆ 1       ┆ 4.591434938898346   ┆ 1            ┆ -1.257125721253436  ┆ -1.0823488735546536 ┆ -0.666666666666666 ┆ 0.0721617365912745 ┆ 1       ┆ 1           │
│ UTC                 ┆           ┆         ┆                     ┆              ┆                     ┆                     ┆ 7                  ┆                    ┆         ┆             │
│ 2022-02-22 00:00:00 ┆ adausdt   ┆ 1       ┆ 3.5839398114152434  ┆ 1            ┆ -1.5922740490201395 ┆ -1.0824319718823134 ┆ -0.666666666666666 ┆ 0.6174722915459159 ┆ 2       ┆ 1           │
│ UTC                 ┆           ┆         ┆                     ┆              ┆                     ┆                     ┆ 7                  ┆                    ┆         ┆             │
│ 2022-02-22 00:00:00 ┆ algousdt  ┆ 1       ┆ 3.5098880946590207  ┆ 1            ┆ -1.061197686755038  ┆ -1.0107463305855988 ┆ -0.714285714285714 ┆ 0.2506783373274378 ┆ 3       ┆ 1           │
│ UTC                 ┆           ┆         ┆                     ┆              ┆                     ┆                     ┆ 3                  ┆                    ┆         ┆             │
└─────────────────────┴───────────┴─────────┴─────────────────────┴──────────────┴─────────────────────┴─────────────────────┴────────────────────┴────────────────────┴─────────┴─────────────┘
2026-06-22 14:21:55 INFO crypto_research.ml_cpcv: [ml] X: shape=(29730, 6) columns=['pair_id', 'weekday_enc', 'ema_dev_pair_norm', 'rsi_pair_norm', 'streak_pair_norm', 'vol_log_rel_pair'] dtypes={'pair_id': 'category', 'weekday_enc': 'category', 'ema_dev_pair_norm': 'float64', 'rsi_pair_norm': 'float64', 'streak_pair_norm': 'float64', 'vol_log_rel_pair': 'float64'}
2026-06-22 14:21:55 INFO crypto_research.ml_cpcv: [ml] X head (3 rows):
  pair_id weekday_enc  ema_dev_pair_norm  rsi_pair_norm  streak_pair_norm  vol_log_rel_pair
0       1           6          -0.694395      -0.702578          0.333333         -0.969127
1       2           6          -0.581429      -0.614310          0.333333         -0.490359
2       3           6          -0.281003      -0.480146          0.142857         -0.503708
2026-06-22 14:21:55 INFO crypto_research.ml_cpcv: [ml] y (direction_up): shape=(29730,) dtype=int8 distribution={0: 14828, 1: 14902}
2026-06-22 14:21:55 INFO crypto_research.ml_cpcv: [ml] y head (3 values): [0, 0, 0]
2026-06-22 14:21:55 INFO crypto_research.ml_cpcv: [ml] CV: CombinatorialPurgedCV n_splits=7 n_test_groups=2 embargo_days=1 n_folds=C(7,2)=21 n_days=772
2026-06-22 14:21:55 INFO crypto_research.ml_cpcv: [ml] CV time range: 2022-02-20 00:00:00+00:00 .. 2024-04-01 00:00:00+00:00 (prediction_times=evaluation_times, purge=None)
2026-06-22 14:21:56 INFO crypto_research.ml_cpcv: [ml] CV day splits:
  fold1: train_days=549 test_days=222
  fold2: train_days=549 test_days=221
  fold3: train_days=549 test_days=221
  fold4: train_days=549 test_days=221
  fold5: train_days=549 test_days=221
  fold6: train_days=550 test_days=221
  fold7: train_days=550 test_days=221
  fold8: train_days=549 test_days=221
  fold9: train_days=549 test_days=221
  fold10: train_days=549 test_days=221
  fold11: train_days=550 test_days=221
  fold12: train_days=551 test_days=220
  fold13: train_days=550 test_days=220
  fold14: train_days=550 test_days=220
  fold15: train_days=551 test_days=220
  fold16: train_days=551 test_days=220
  fold17: train_days=550 test_days=220
  fold18: train_days=551 test_days=220
  fold19: train_days=551 test_days=220
  fold20: train_days=551 test_days=220
  fold21: train_days=552 test_days=220
2026-06-22 14:21:56 INFO crypto_research.ml_cpcv: [ml] fold 1/21 → model.fit: X_train=(23817, 6) y_train=(23817,) days=('2022-10-01 00:00:00+00:00', '2024-04-01 00:00:00+00:00') dist={0: 11812, 1: 12005}
2026-06-22 14:21:56 INFO crypto_research.ml_cpcv: [ml] fold 1/21 → model.predict: X_test=(5885, 6) y_test=(5885,) days=('2022-02-20 00:00:00+00:00', '2022-09-29 00:00:00+00:00') dist={0: 2995, 1: 2890}
2026-06-22 14:21:56 INFO crypto_research.ml_cpcv: [ml] fold 1 X_train head:
     pair_id weekday_enc  ema_dev_pair_norm  rsi_pair_norm  streak_pair_norm  vol_log_rel_pair
5913       1           5          -0.183580      -0.448514         -0.333333         -0.457102
5914       2           5          -0.244858      -0.542467         -0.333333         -0.165836
5915       3           5          -0.062716       0.151757         -0.428571          0.520864
2026-06-22 14:21:56 INFO crypto_research.ml_cpcv: [ml] fold 1 y_train head: [0, 0, 1]
2026-06-22 14:21:56 INFO crypto_research.ml_cpcv: [ml] fold 1 X_test head:
  pair_id weekday_enc  ema_dev_pair_norm  rsi_pair_norm  streak_pair_norm  vol_log_rel_pair
0       1           6          -0.694395      -0.702578          0.333333         -0.969127
1       2           6          -0.581429      -0.614310          0.333333         -0.490359
2       3           6          -0.281003      -0.480146          0.142857         -0.503708
2026-06-22 14:21:56 INFO crypto_research.ml_cpcv: [ml] fold 1 y_test head: [0, 0, 0]
2026-06-22 14:21:56 INFO crypto_research.ml_cpcv: [ml] fold 1/21 train=23817 test=5885 acc=0.5370 auc=0.5431
2026-06-22 14:21:56 INFO crypto_research.ml_cpcv: [ml] fold 2/21 → model.fit: X_train=(23740, 6) y_train=(23740,) days=('2022-06-12 00:00:00+00:00', '2024-04-01 00:00:00+00:00') dist={0: 11763, 1: 11977}
2026-06-22 14:21:56 INFO crypto_research.ml_cpcv: [ml] fold 2/21 → model.predict: X_test=(5934, 6) y_test=(5934,) days=('2022-02-20 00:00:00+00:00', '2023-01-17 00:00:00+00:00') dist={0: 3012, 1: 2922}
2026-06-22 14:21:56 INFO crypto_research.ml_cpcv: [ml] fold 2/21 train=23740 test=5934 acc=0.5254 auc=0.5338
2026-06-22 14:21:56 INFO crypto_research.ml_cpcv: [ml] fold 3/21 → model.fit: X_train=(22088, 6) y_train=(22088,) days=('2022-06-12 00:00:00+00:00', '2024-04-01 00:00:00+00:00') dist={0: 10825, 1: 11263}
2026-06-22 14:21:56 INFO crypto_research.ml_cpcv: [ml] fold 3/21 → model.predict: X_test=(7566, 6) y_test=(7566,) days=('2022-02-20 00:00:00+00:00', '2023-05-07 00:00:00+00:00') dist={0: 3930, 1: 3636}
2026-06-22 14:21:56 INFO crypto_research.ml_cpcv: [ml] fold 3/21 train=22088 test=7566 acc=0.5316 auc=0.5497
2026-06-22 14:21:56 INFO crypto_research.ml_cpcv: [ml] fold 4/21 → model.fit: X_train=(21475, 6) y_train=(21475,) days=('2022-06-12 00:00:00+00:00', '2024-04-01 00:00:00+00:00') dist={0: 10506, 1: 10969}
2026-06-22 14:21:56 INFO crypto_research.ml_cpcv: [ml] fold 4/21 → model.predict: X_test=(8182, 6) y_test=(8182,) days=('2022-02-20 00:00:00+00:00', '2023-08-25 00:00:00+00:00') dist={0: 4263, 1: 3919}
2026-06-22 14:21:56 INFO crypto_research.ml_cpcv: [ml] fold 4/21 train=21475 test=8182 acc=0.5346 auc=0.5597
2026-06-22 14:21:56 INFO crypto_research.ml_cpcv: [ml] fold 5/21 → model.fit: X_train=(21480, 6) y_train=(21480,) days=('2022-06-12 00:00:00+00:00', '2024-04-01 00:00:00+00:00') dist={0: 10901, 1: 10579}
2026-06-22 14:21:56 INFO crypto_research.ml_cpcv: [ml] fold 5/21 → model.predict: X_test=(8175, 6) y_test=(8175,) days=('2022-02-20 00:00:00+00:00', '2023-12-13 00:00:00+00:00') dist={0: 3890, 1: 4285}
2026-06-22 14:21:56 INFO crypto_research.ml_cpcv: [ml] fold 5/21 train=21480 test=8175 acc=0.5426 auc=0.5526
2026-06-22 14:21:56 INFO crypto_research.ml_cpcv: [ml] fold 6/21 → model.fit: X_train=(21480, 6) y_train=(21480,) days=('2022-06-12 00:00:00+00:00', '2023-12-13 00:00:00+00:00') dist={0: 10739, 1: 10741}
2026-06-22 14:21:56 INFO crypto_research.ml_cpcv: [ml] fold 6/21 → model.predict: X_test=(8223, 6) y_test=(8223,) days=('2022-02-20 00:00:00+00:00', '2024-04-01 00:00:00+00:00') dist={0: 4063, 1: 4160}
2026-06-22 14:21:56 INFO crypto_research.ml_cpcv: [ml] fold 6/21 train=21480 test=8223 acc=0.5232 auc=0.5296
2026-06-22 14:21:56 INFO crypto_research.ml_cpcv: [ml] fold 7/21 → model.fit: X_train=(23576, 6) y_train=(23576,) days=('2022-02-20 00:00:00+00:00', '2024-04-01 00:00:00+00:00') dist={0: 11724, 1: 11852}
2026-06-22 14:21:56 INFO crypto_research.ml_cpcv: [ml] fold 7/21 → model.predict: X_test=(6125, 6) y_test=(6125,) days=('2022-06-11 00:00:00+00:00', '2023-01-17 00:00:00+00:00') dist={0: 3077, 1: 3048}
2026-06-22 14:21:56 INFO crypto_research.ml_cpcv: [ml] fold 7/21 train=23576 test=6125 acc=0.5213 auc=0.5286
2026-06-22 14:21:56 INFO crypto_research.ml_cpcv: [ml] fold 8/21 → model.fit: X_train=(21896, 6) y_train=(21896,) days=('2022-02-20 00:00:00+00:00', '2024-04-01 00:00:00+00:00') dist={0: 10765, 1: 11131}
2026-06-22 14:21:56 INFO crypto_research.ml_cpcv: [ml] fold 8/21 → model.predict: X_test=(7757, 6) y_test=(7757,) days=('2022-06-11 00:00:00+00:00', '2023-05-07 00:00:00+00:00') dist={0: 3995, 1: 3762}
2026-06-22 14:21:56 INFO crypto_research.ml_cpcv: [ml] fold 8/21 train=21896 test=7757 acc=0.5356 auc=0.5524
2026-06-22 14:21:56 INFO crypto_research.ml_cpcv: [ml] fold 9/21 → model.fit: X_train=(21283, 6) y_train=(21283,) days=('2022-02-20 00:00:00+00:00', '2024-04-01 00:00:00+00:00') dist={0: 10446, 1: 10837}
2026-06-22 14:21:56 INFO crypto_research.ml_cpcv: [ml] fold 9/21 → model.predict: X_test=(8373, 6) y_test=(8373,) days=('2022-06-11 00:00:00+00:00', '2023-08-25 00:00:00+00:00') dist={0: 4328, 1: 4045}
2026-06-22 14:21:56 INFO crypto_research.ml_cpcv: [ml] fold 9/21 train=21283 test=8373 acc=0.5480 auc=0.5606
2026-06-22 14:21:56 INFO crypto_research.ml_cpcv: [ml] fold 10/21 → model.fit: X_train=(21288, 6) y_train=(21288,) days=('2022-02-20 00:00:00+00:00', '2024-04-01 00:00:00+00:00') dist={0: 10841, 1: 10447}
2026-06-22 14:21:56 INFO crypto_research.ml_cpcv: [ml] fold 10/21 → model.predict: X_test=(8366, 6) y_test=(8366,) days=('2022-06-11 00:00:00+00:00', '2023-12-13 00:00:00+00:00') dist={0: 3955, 1: 4411}
2026-06-22 14:21:57 INFO crypto_research.ml_cpcv: [ml] fold 10/21 train=21288 test=8366 acc=0.5097 auc=0.5272
2026-06-22 14:21:57 INFO crypto_research.ml_cpcv: [ml] fold 11/21 → model.fit: X_train=(21288, 6) y_train=(21288,) days=('2022-02-20 00:00:00+00:00', '2023-12-13 00:00:00+00:00') dist={0: 10679, 1: 10609}
2026-06-22 14:21:57 INFO crypto_research.ml_cpcv: [ml] fold 11/21 → model.predict: X_test=(8414, 6) y_test=(8414,) days=('2022-06-11 00:00:00+00:00', '2024-04-01 00:00:00+00:00') dist={0: 4128, 1: 4286}
2026-06-22 14:21:57 INFO crypto_research.ml_cpcv: [ml] fold 11/21 train=21288 test=8414 acc=0.4695 auc=0.4696
2026-06-22 14:21:57 INFO crypto_research.ml_cpcv: [ml] fold 12/21 → model.fit: X_train=(21875, 6) y_train=(21875,) days=('2022-02-20 00:00:00+00:00', '2024-04-01 00:00:00+00:00') dist={0: 10769, 1: 11106}
2026-06-22 14:21:57 INFO crypto_research.ml_cpcv: [ml] fold 12/21 → model.predict: X_test=(7806, 6) y_test=(7806,) days=('2022-09-30 00:00:00+00:00', '2023-05-07 00:00:00+00:00') dist={0: 4012, 1: 3794}
2026-06-22 14:21:57 INFO crypto_research.ml_cpcv: [ml] fold 12/21 train=21875 test=7806 acc=0.5095 auc=0.5142
2026-06-22 14:21:57 INFO crypto_research.ml_cpcv: [ml] fold 13/21 → model.fit: X_train=(21233, 6) y_train=(21233,) days=('2022-02-20 00:00:00+00:00', '2024-04-01 00:00:00+00:00') dist={0: 10423, 1: 10810}
2026-06-22 14:21:57 INFO crypto_research.ml_cpcv: [ml] fold 13/21 → model.predict: X_test=(8422, 6) y_test=(8422,) days=('2022-09-30 00:00:00+00:00', '2023-08-25 00:00:00+00:00') dist={0: 4345, 1: 4077}
2026-06-22 14:21:57 INFO crypto_research.ml_cpcv: [ml] fold 13/21 train=21233 test=8422 acc=0.5272 auc=0.5423
2026-06-22 14:21:57 INFO crypto_research.ml_cpcv: [ml] fold 14/21 → model.fit: X_train=(21238, 6) y_train=(21238,) days=('2022-02-20 00:00:00+00:00', '2024-04-01 00:00:00+00:00') dist={0: 10818, 1: 10420}
2026-06-22 14:21:57 INFO crypto_research.ml_cpcv: [ml] fold 14/21 → model.predict: X_test=(8415, 6) y_test=(8415,) days=('2022-09-30 00:00:00+00:00', '2023-12-13 00:00:00+00:00') dist={0: 3972, 1: 4443}
2026-06-22 14:21:57 INFO crypto_research.ml_cpcv: [ml] fold 14/21 train=21238 test=8415 acc=0.5171 auc=0.5319
2026-06-22 14:21:57 INFO crypto_research.ml_cpcv: [ml] fold 15/21 → model.fit: X_train=(21238, 6) y_train=(21238,) days=('2022-02-20 00:00:00+00:00', '2023-12-13 00:00:00+00:00') dist={0: 10656, 1: 10582}
2026-06-22 14:21:57 INFO crypto_research.ml_cpcv: [ml] fold 15/21 → model.predict: X_test=(8463, 6) y_test=(8463,) days=('2022-09-30 00:00:00+00:00', '2024-04-01 00:00:00+00:00') dist={0: 4145, 1: 4318}
2026-06-22 14:21:57 INFO crypto_research.ml_cpcv: [ml] fold 15/21 train=21238 test=8463 acc=0.5080 auc=0.5163
2026-06-22 14:21:57 INFO crypto_research.ml_cpcv: [ml] fold 16/21 → model.fit: X_train=(19630, 6) y_train=(19630,) days=('2022-02-20 00:00:00+00:00', '2024-04-01 00:00:00+00:00') dist={0: 9532, 1: 10098}
2026-06-22 14:21:57 INFO crypto_research.ml_cpcv: [ml] fold 16/21 → model.predict: X_test=(10054, 6) y_test=(10054,) days=('2023-01-18 00:00:00+00:00', '2023-08-25 00:00:00+00:00') dist={0: 5263, 1: 4791}
2026-06-22 14:21:57 INFO crypto_research.ml_cpcv: [ml] fold 16/21 train=19630 test=10054 acc=0.4950 auc=0.5214
2026-06-22 14:21:57 INFO crypto_research.ml_cpcv: [ml] fold 17/21 → model.fit: X_train=(19586, 6) y_train=(19586,) days=('2022-02-20 00:00:00+00:00', '2024-04-01 00:00:00+00:00') dist={0: 9880, 1: 9706}
2026-06-22 14:21:57 INFO crypto_research.ml_cpcv: [ml] fold 17/21 → model.predict: X_test=(10047, 6) y_test=(10047,) days=('2023-01-18 00:00:00+00:00', '2023-12-13 00:00:00+00:00') dist={0: 4890, 1: 5157}
2026-06-22 14:21:57 INFO crypto_research.ml_cpcv: [ml] fold 17/21 train=19586 test=10047 acc=0.5286 auc=0.5477
2026-06-22 14:21:57 INFO crypto_research.ml_cpcv: [ml] fold 18/21 → model.fit: X_train=(19586, 6) y_train=(19586,) days=('2022-02-20 00:00:00+00:00', '2023-12-13 00:00:00+00:00') dist={0: 9718, 1: 9868}
2026-06-22 14:21:57 INFO crypto_research.ml_cpcv: [ml] fold 18/21 → model.predict: X_test=(10095, 6) y_test=(10095,) days=('2023-01-18 00:00:00+00:00', '2024-04-01 00:00:00+00:00') dist={0: 5063, 1: 5032}
2026-06-22 14:21:57 INFO crypto_research.ml_cpcv: [ml] fold 18/21 train=19586 test=10095 acc=0.5230 auc=0.5374
2026-06-22 14:21:57 INFO crypto_research.ml_cpcv: [ml] fold 19/21 → model.fit: X_train=(19019, 6) y_train=(19019,) days=('2022-02-20 00:00:00+00:00', '2024-04-01 00:00:00+00:00') dist={0: 9594, 1: 9425}
2026-06-22 14:21:57 INFO crypto_research.ml_cpcv: [ml] fold 19/21 → model.predict: X_test=(10663, 6) y_test=(10663,) days=('2023-05-08 00:00:00+00:00', '2023-12-13 00:00:00+00:00') dist={0: 5223, 1: 5440}
2026-06-22 14:21:57 INFO crypto_research.ml_cpcv: [ml] fold 19/21 train=19019 test=10663 acc=0.5163 auc=0.5309
2026-06-22 14:21:57 INFO crypto_research.ml_cpcv: [ml] fold 20/21 → model.fit: X_train=(18973, 6) y_train=(18973,) days=('2022-02-20 00:00:00+00:00', '2023-12-13 00:00:00+00:00') dist={0: 9399, 1: 9574}
2026-06-22 14:21:57 INFO crypto_research.ml_cpcv: [ml] fold 20/21 → model.predict: X_test=(10711, 6) y_test=(10711,) days=('2023-05-08 00:00:00+00:00', '2024-04-01 00:00:00+00:00') dist={0: 5396, 1: 5315}
2026-06-22 14:21:57 INFO crypto_research.ml_cpcv: [ml] fold 20/21 train=18973 test=10711 acc=0.5470 auc=0.5621
2026-06-22 14:21:57 INFO crypto_research.ml_cpcv: [ml] fold 21/21 → model.fit: X_train=(19026, 6) y_train=(19026,) days=('2022-02-20 00:00:00+00:00', '2023-08-25 00:00:00+00:00') dist={0: 9805, 1: 9221}
2026-06-22 14:21:57 INFO crypto_research.ml_cpcv: [ml] fold 21/21 → model.predict: X_test=(10704, 6) y_test=(10704,) days=('2023-08-26 00:00:00+00:00', '2024-04-01 00:00:00+00:00') dist={0: 5023, 1: 5681}
2026-06-22 14:21:57 INFO crypto_research.ml_cpcv: [ml] fold 21/21 train=19026 test=10704 acc=0.4936 auc=0.5194
2026-06-22 14:21:57 INFO crypto_research.ml_cpcv: [ml] CPCV mean: folds=21 acc=0.5211 logloss=0.6943 auc=0.5348
2026-06-22 14:21:58 INFO crypto_research.ml_cpcv: [ml] OOS paths: rows=29730 cols=[time_ns, y_prob, y_true] folds_merged=21
2026-06-22 14:21:58 INFO crypto_research.ml_cpcv: [ml] OOS calibration: brier=0.2500 ece=0.0148
2026-06-22 14:21:58 INFO crypto_research.ml_cpcv: [ml] OOS weekday Пн: n=4265 base_up=0.4957 pred_up=0.4657 acc=0.4931 logloss=0.7020 auc=0.4768
2026-06-22 14:21:58 INFO crypto_research.ml_cpcv: [ml] OOS weekday Вт: n=4238 base_up=0.5085 pred_up=0.4648 acc=0.5533 logloss=0.6860 auc=0.5656
2026-06-22 14:21:58 INFO crypto_research.ml_cpcv: [ml] OOS weekday Ср: n=4239 base_up=0.4937 pred_up=0.4418 acc=0.5386 logloss=0.6934 auc=0.5333
2026-06-22 14:21:58 INFO crypto_research.ml_cpcv: [ml] OOS weekday Чт: n=4242 base_up=0.4658 pred_up=0.3411 acc=0.5410 logloss=0.6960 auc=0.5064
2026-06-22 14:21:58 INFO crypto_research.ml_cpcv: [ml] OOS weekday Пт: n=4246 base_up=0.5523 pred_up=0.8825 acc=0.5280 logloss=0.6915 auc=0.4812
2026-06-22 14:21:58 INFO crypto_research.ml_cpcv: [ml] OOS weekday Сб: n=4236 base_up=0.5205 pred_up=0.7257 acc=0.4884 logloss=0.6977 auc=0.4720
2026-06-22 14:21:58 INFO crypto_research.ml_cpcv: [ml] OOS weekday Вс: n=4264 base_up=0.4723 pred_up=0.2899 acc=0.5535 logloss=0.6853 auc=0.5690
2026-06-22 14:21:59 INFO crypto_research.ml_oos_paths: [ml] OOS plot saved: /home_admin/crypto_bot/crypto_research/research_outputs/combined/dow_ema_rsi_streak_vol/ml/plots/direction_dow_ema_rsi_streak_vol_49pairs_20220101_20240401_oos_prob.png (weekdays=7 calendar_days=772 rows=29730)
2026-06-22 14:22:00 INFO crypto_research.ml_oos_paths: [ml] OOS calibration plot saved: /home_admin/crypto_bot/crypto_research/research_outputs/combined/dow_ema_rsi_streak_vol/ml/plots/direction_dow_ema_rsi_streak_vol_49pairs_20220101_20240401_oos_calibration.png (brier=0.2500 ece=0.0148 rows=29730)
2026-06-22 14:22:00 INFO crypto_research.ml_learning_curve: [ml] early stopping (holdout): fit_rows=29730 eval_rows=36047 best_iteration=45 eval_logloss=0.6917
2026-06-22 14:22:00 INFO crypto_research.ml_learning_curve: [ml] learning curve saved: /home_admin/crypto_bot/crypto_research/research_outputs/combined/dow_ema_rsi_streak_vol/ml/plots/direction_dow_ema_rsi_streak_vol_49pairs_20220101_20260531_learning_curve.png (best_iter=45)
2026-06-22 14:22:00 INFO crypto_research.ml_learning_curve: [ml] learning curve log saved: /home_admin/crypto_bot/crypto_research/research_outputs/combined/dow_ema_rsi_streak_vol/ml/direction_dow_ema_rsi_streak_vol_49pairs_20220101_20260531_learning_curve.log (95 iterations)
2026-06-22 14:22:00 INFO crypto_research.ml_plot_registry: [ml] plot: oos_prob
2026-06-22 14:22:01 INFO crypto_research.ml_oos_paths: [ml] OOS plot saved: /home_admin/crypto_bot/crypto_research/research_outputs/combined/dow_ema_rsi_streak_vol/ml/plots/direction_dow_ema_rsi_streak_vol_49pairs_20240401_20260531_oos_prob.png (weekdays=7 calendar_days=737 rows=36047)
2026-06-22 14:22:01 INFO crypto_research.ml_plot_registry: [ml] plot: oos_calibration
2026-06-22 14:22:02 INFO crypto_research.ml_oos_paths: [ml] OOS calibration plot saved: /home_admin/crypto_bot/crypto_research/research_outputs/combined/dow_ema_rsi_streak_vol/ml/plots/direction_dow_ema_rsi_streak_vol_49pairs_20240401_20260531_oos_calibration.png (brier=0.2493 ece=0.0241 rows=36047)
2026-06-22 14:22:02 INFO crypto_research.ml_plot_registry: [ml] plot: weekday_pair_summary
2026-06-22 14:22:04 INFO crypto_research.ml_oos_paths: [ml] Weekday×pair summary plot saved: /home_admin/crypto_bot/crypto_research/research_outputs/combined/dow_ema_rsi_streak_vol/ml/plots/direction_dow_ema_rsi_streak_vol_49pairs_20240401_20260531_weekday_pair_summary.png (pairs=49 rows=36047)
2026-06-22 14:22:05 INFO crypto_research.ml_oos_paths: [ml] Weekday×pair summary plot saved: /home_admin/crypto_bot/crypto_research/research_outputs/combined/dow_ema_rsi_streak_vol/ml/plots/direction_dow_ema_rsi_streak_vol_49pairs_20220101_20240401_weekday_pair_summary.png (pairs=49 rows=29730)
2026-06-22 14:22:05 INFO crypto_research.ml_plot_registry: [ml] plot: roc_auc
2026-06-22 14:22:05 INFO crypto_research.ml_oos_paths: [ml] ROC AUC comparison plot saved: /home_admin/crypto_bot/crypto_research/research_outputs/combined/dow_ema_rsi_streak_vol/ml/plots/direction_dow_ema_rsi_streak_vol_49pairs_20220101_20260531_roc_auc.png
2026-06-22 14:22:05 INFO crypto_research.ml_plot_registry: [ml] plot: learning_curve
2026-06-22 14:22:05 INFO crypto_research.ml_plot_registry: [ml] plot: correlation_matrix_heatmap
2026-06-22 14:22:06 INFO crypto_research.ml_feature_diagnostic_plots: [ml] feature corr pair_id vs weekday_enc: 0.0001
2026-06-22 14:22:06 INFO crypto_research.ml_feature_diagnostic_plots: [ml] feature corr pair_id vs ema_dev_pair_norm: 0.0144
2026-06-22 14:22:06 INFO crypto_research.ml_feature_diagnostic_plots: [ml] feature corr pair_id vs rsi_pair_norm: 0.0039
2026-06-22 14:22:06 INFO crypto_research.ml_feature_diagnostic_plots: [ml] feature corr pair_id vs streak_pair_norm: -0.0029
2026-06-22 14:22:06 INFO crypto_research.ml_feature_diagnostic_plots: [ml] feature corr pair_id vs vol_log_rel_pair: -0.0075
2026-06-22 14:22:06 INFO crypto_research.ml_feature_diagnostic_plots: [ml] feature corr weekday_enc vs ema_dev_pair_norm: 0.0188
2026-06-22 14:22:06 INFO crypto_research.ml_feature_diagnostic_plots: [ml] feature corr weekday_enc vs rsi_pair_norm: 0.0160
2026-06-22 14:22:06 INFO crypto_research.ml_feature_diagnostic_plots: [ml] feature corr weekday_enc vs streak_pair_norm: 0.0359
2026-06-22 14:22:06 INFO crypto_research.ml_feature_diagnostic_plots: [ml] feature corr weekday_enc vs vol_log_rel_pair: -0.0730
2026-06-22 14:22:06 INFO crypto_research.ml_feature_diagnostic_plots: [ml] feature corr ema_dev_pair_norm vs rsi_pair_norm: 0.8526
2026-06-22 14:22:06 INFO crypto_research.ml_feature_diagnostic_plots: [ml] feature corr ema_dev_pair_norm vs streak_pair_norm: 0.5277
2026-06-22 14:22:06 INFO crypto_research.ml_feature_diagnostic_plots: [ml] feature corr ema_dev_pair_norm vs vol_log_rel_pair: 0.2183
2026-06-22 14:22:06 INFO crypto_research.ml_feature_diagnostic_plots: [ml] feature corr rsi_pair_norm vs streak_pair_norm: 0.4961
2026-06-22 14:22:06 INFO crypto_research.ml_feature_diagnostic_plots: [ml] feature corr rsi_pair_norm vs vol_log_rel_pair: 0.2278
2026-06-22 14:22:06 INFO crypto_research.ml_feature_diagnostic_plots: [ml] feature corr streak_pair_norm vs vol_log_rel_pair: 0.0510
2026-06-22 14:22:06 INFO crypto_research.ml_feature_diagnostic_plots: [ml] correlation matrix heatmap saved: /home_admin/crypto_bot/crypto_research/research_outputs/combined/dow_ema_rsi_streak_vol/ml/plots/direction_dow_ema_rsi_streak_vol_49pairs_20240401_20260531_correlation_matrix.png
2026-06-22 14:22:06 INFO crypto_research.ml_plot_registry: [ml] plot: shape_summary_plot
2026-06-22 14:22:06 INFO crypto_research.ml_shap_plots: [ml] SHAP subsample: 3000 / 36047 rows
2026-06-22 14:22:06 INFO crypto_research.ml_shap_plots: [ml] SHAP summary plot saved: /home_admin/crypto_bot/crypto_research/research_outputs/combined/dow_ema_rsi_streak_vol/ml/plots/direction_dow_ema_rsi_streak_vol_49pairs_20240401_20260531_shape_summary.png
2026-06-22 14:22:06 INFO crypto_research.ml_plot_registry: [ml] plot: feature_prob_dependence
2026-06-22 14:22:07 INFO crypto_research.ml_feature_dependence_plot: [ml] feature P(up) dependence plot saved: /home_admin/crypto_bot/crypto_research/research_outputs/combined/dow_ema_rsi_streak_vol/ml/plots/direction_dow_ema_rsi_streak_vol_49pairs_20240401_20260531_feature_prob_dependence.png (features=['weekday_enc', 'ema_dev_pair_norm', 'rsi_pair_norm', 'streak_pair_norm', 'vol_log_rel_pair'])
2026-06-22 14:22:07 INFO crypto_research.ml_plot_registry: [ml] plot: prob_return_dependence
2026-06-22 14:22:08 INFO crypto_research.ml_prob_return_dependence_plot: [ml] P(up) vs return plot saved: /home_admin/crypto_bot/crypto_research/research_outputs/combined/dow_ema_rsi_streak_vol/ml/plots/direction_dow_ema_rsi_streak_vol_49pairs_20240401_20260531_prob_return_dependence.png (train=29730 test=36047 t_long=0.5231616756122757 t_short=0.4736682095075285 edge=0.25% smooth=gauss σ=4)
2026-06-22 14:22:08 INFO crypto_research.ml_plot_registry: [ml] plot: p_up_density_split
2026-06-22 14:22:08 INFO crypto_research.ml_p_up_density_split_plot: [ml] P(up) density split plot saved: /home_admin/crypto_bot/crypto_research/research_outputs/combined/dow_ema_rsi_streak_vol/ml/plots/direction_dow_ema_rsi_streak_vol_49pairs_20220101_20240401_p_up_density_split.png (method=valley threshold=0.48046875 otsu=0.48828125 valley=0.48046875)
2026-06-22 14:22:12 INFO crypto_research.ml_research: [ml] auto compare_prob_cdf: ['dow_ema_rsi_streak', 'dow_ema_rsi_streak_vol']
2026-06-22 14:22:12 INFO crypto_research.ml_model_compare: [ml] compare dow_ema_rsi_streak thresholds from /home_admin/crypto_bot/crypto_research/research_outputs/combined/dow_ema_rsi_streak/ml/metrics/direction_dow_ema_rsi_streak_49pairs_20220101_20260531_train_test.json: t_long=0.5178 t_short=0.4603
2026-06-22 14:22:12 INFO crypto_research.ml_dataset: [ml] ema_dev_pair_norm: min=-4.918 max=15.840 mean=-0.087
2026-06-22 14:22:12 INFO crypto_research.ml_dataset: [ml] rsi_pair_norm: min=-1.864 max=2.022 mean=-0.170
2026-06-22 14:22:12 INFO crypto_research.ml_dataset: [ml] streak_pair_norm: min=-3.333 max=3.333 mean=-0.083
2026-06-22 14:22:12 INFO crypto_research.ml_dataset: [ml] dataset studies=['day_of_week_ml', 'ema_spreads_ml', 'rsi_spreads_ml', 'price_sequences_ml'] features=['pair_id', 'weekday_enc', 'ema_dev_pair_norm', 'rsi_pair_norm', 'streak_pair_norm'] rows=38001 pairs=49 up_rate=0.478
2026-06-22 14:22:12 INFO crypto_research.ml_model_compare_plot: [ml] compare plot saved: /home_admin/crypto_bot/crypto_research/research_outputs/combined/dow_ema_rsi_streak_vol/ml/plots/direction_dow_ema_rsi_streak_vol_49pairs_20220101_20260531_compare_prob_cdf.png
2026-06-22 14:22:12 INFO crypto_research.ml_research: [ml] train/test metrics saved: /home_admin/crypto_bot/crypto_research/research_outputs/combined/dow_ema_rsi_streak_vol/ml/metrics/direction_dow_ema_rsi_streak_vol_49pairs_20220101_20260531_train_test.json
2026-06-22 14:22:12 INFO crypto_research.ml_research: [ml] metrics summary saved: /home_admin/crypto_bot/crypto_research/research_outputs/combined/dow_ema_rsi_streak_vol/ml/metrics/direction_dow_ema_rsi_streak_vol_49pairs_20220101_20260531_metrics_summary.json
