=== Отчёт: volume_ema_period_screen (этап 0 — выбор периода EMA объёма) ===
Пар: 49
Период скрининга (UTC, train): 2022-01-01 .. 2024-04-01
Кандидаты EMA(volume): 5, 9, 12, 20, 50, 100, 200
Фильтр пар: первая свеча не позже 2023-01-01 (UTC)
Пары: 1000luncusdt, aaveusdt, adausdt, algousdt, aliceusdt, apeusdt, api3usdt, aptusdt, atomusdt, avaxusdt, axsusdt
      bchusdt, bnbusdt, btcusdt, chzusdt, crvusdt, dashusdt, dogeusdt, dotusdt, dydxusdt, egldusdt, enjusdt
      etcusdt, ethusdt, filusdt, galausdt, gmtusdt, hbarusdt, icpusdt, injusdt, ldousdt, linkusdt, ltcusdt
      nearusdt, ontusdt, opusdt, paxgusdt, sandusdt, shib1000usdt, solusdt, storjusdt, stxusdt, trxusdt, uniusdt
      xlmusdt, xmrusdt, xrpusdt, zecusdt, zenusdt

=== Сводка: стабильность по периодам EMA(volume) ===
Этап 0 — выбор периода EMA(volume). Колонки: «Цена росла» и «Цена падала» (Δ к BASE, п.п.). Значимая ячейка = бакет×колонка с |Δ| ≥ 1.5 п.п. Индекс (равный вес 25%): ср.|Δ| (норм. к макс.), ср.кварталы %, ср.пары %, число значимых ячеек (норм. к макс.).

   # |   EMA |   ср.|Δ| |   Ср.кварт. |   Ср.пары |  Знач. |  Индекс%
---------------------------------------------------------------------
   1 |    50 |      2.1 |         74% |       61% |      6 |     72.3
   2 |   200 |      3.9 |         71% |       64% |      2 |     67.1
   3 |    20 |      2.7 |         89% |       74% |      2 |     66.6
   4 |   100 |      3.3 |         75% |       69% |      2 |     65.8
   5 |    12 |      1.8 |         62% |       61% |      5 |     63.3
   6 |     9 |      1.6 |         56% |       59% |      2 |     47.6
   7 |     5 |      1.7 |         56% |       57% |      1 |     43.5

Знач. — число значимых ячеек (бакет × колонка с |Δ| ≥ порога).

Рекомендация этапа 0: EMA(volume,50) — индекс 72.3%, ср.|Δ| 2.1 п.п., ср.кварталы 74%, ср.пары 61%, значимых ячеек 6.

=== Значимые ячейки: «Цена росла» / «Цена падала» (|Δ| ≥ порога) ===
ln(day_volume/EMA(volume,N)) вчера; пороги q30/q70/q85/q95 per-pair на train. Бакеты — см. строки таблицы.
Формат: бакет | колонка | Δ п.п. | кварталы X/Y | пары N/M

--- EMA(volume,50) ---
  b2 HIGH(q70-q85) | Цена падала | -2.1 п.п. | кварталы 9/9 | пары 31/49
  b2 HIGH(q70-q85) | Цена росла | +2.1 п.п. | кварталы 8/9 | пары 33/49
  b3 VERY_HIGH(q85-q95) | Цена падала | -1.8 п.п. | кварталы 6/9 | пары 27/49
  b3 VERY_HIGH(q85-q95) | Цена росла | +2.1 п.п. | кварталы 6/9 | пары 26/49
  b4 SPIKE(>q95) | Цена падала | +2.3 п.п. | кварталы 6/9 | пары 30/49
  b4 SPIKE(>q95) | Цена росла | -2.2 п.п. | кварталы 5/9 | пары 31/49

--- EMA(volume,200) ---
  b4 SPIKE(>q95) | Цена падала | +3.9 п.п. | кварталы 5/7 | пары 19/29
  b4 SPIKE(>q95) | Цена росла | -3.8 п.п. | кварталы 5/7 | пары 18/29

--- EMA(volume,20) ---
  b2 HIGH(q70-q85) | Цена падала | -2.7 п.п. | кварталы 8/9 | пары 36/49
  b2 HIGH(q70-q85) | Цена росла | +2.7 п.п. | кварталы 8/9 | пары 37/49

--- EMA(volume,100) ---
  b4 SPIKE(>q95) | Цена падала | +3.4 п.п. | кварталы 6/8 | пары 35/49
  b4 SPIKE(>q95) | Цена росла | -3.1 п.п. | кварталы 6/8 | пары 33/49

--- EMA(volume,12) ---
  b2 HIGH(q70-q85) | Цена падала | -1.9 п.п. | кварталы 7/9 | пары 32/49
  b2 HIGH(q70-q85) | Цена росла | +1.9 п.п. | кварталы 8/9 | пары 32/49
  b3 VERY_HIGH(q85-q95) | Цена падала | -1.7 п.п. | кварталы 4/9 | пары 30/49
  b3 VERY_HIGH(q85-q95) | Цена росла | +1.8 п.п. | кварталы 4/9 | пары 30/49
  b4 SPIKE(>q95) | Цена падала | +1.7 п.п. | кварталы 5/9 | пары 25/49

--- EMA(volume,9) ---
  b3 VERY_HIGH(q85-q95) | Цена падала | -1.5 п.п. | кварталы 5/9 | пары 28/49
  b3 VERY_HIGH(q85-q95) | Цена росла | +1.7 п.п. | кварталы 5/9 | пары 30/49

--- EMA(volume,5) ---
  b3 VERY_HIGH(q85-q95) | Цена росла | +1.7 п.п. | кварталы 5/9 | пары 28/49

=== Графики ===
Индекс стабильности: /home_admin/crypto_bot/crypto_research/research_outputs/volume/volume_regimes/statistics/plots/volume_ema_period_screen_stability_index_49pairs_vol5_9_12_20_50_100_200_20220101_20240401.png
Ср. согласие материальных ячеек по годам: /home_admin/crypto_bot/crypto_research/research_outputs/volume/volume_regimes/statistics/plots/volume_ema_period_screen_yearly_agreement_49pairs_vol5_9_12_20_50_100_200_20220101_20240401.png

