=== Отчёт: ema_spreads (отклонение close от EMA) ===
Пар: 49
Период (UTC): 2022-01-01 .. 2026-05-31
Периоды EMA: 9
Фильтр пар: первая свеча не позже 2023-01-01 (UTC)
Пары: 1000luncusdt, aaveusdt, adausdt, algousdt, aliceusdt, apeusdt, api3usdt, aptusdt, atomusdt, avaxusdt, axsusdt
      bchusdt, bnbusdt, btcusdt, chzusdt, crvusdt, dashusdt, dogeusdt, dotusdt, dydxusdt, egldusdt, enjusdt
      etcusdt, ethusdt, filusdt, galausdt, gmtusdt, hbarusdt, icpusdt, injusdt, ldousdt, linkusdt, ltcusdt
      nearusdt, ontusdt, opusdt, paxgusdt, sandusdt, shib1000usdt, solusdt, storjusdt, stxusdt, trxusdt, uniusdt
      xlmusdt, xmrusdt, xrpusdt, zecusdt, zenusdt

Методика: dev вчера = (close−EMA)/EMA×100 на дневном close UTC; сегодняшний return = (close−open)/open×100%. 7 бакетов b0–b6 — диапазоны dev по порогам t1⁺/t2⁺/t1⁻/t2⁻/near своей пары. Без look-ahead: пороги и EMA считаются только по истории пары до текущего дня.

=== Отклонение close от EMA (%) ===
dev = (close − EMA) / EMA × 100 на дневном close UTC; периоды 9. Счёт по каждой паре отдельно; ниже — среднее по 49 парам.
Обрезка внутри каждой пары: перцентили 5–95% (как в блоке дней роста/падения). mean — со знаком; |dev| — средняя дистанция без знака.
EMA      |     mean |   median |    |dev| |      std |      min |      max |      n
-----------------------------------------------------------------------------------
EMA(9  ) |    -0.55 |    -0.78 |    +3.36 |    +4.08 |    -9.50 |    +9.34 |   1297

=== EMA(9) вчера → return сегодня, % ===
dev вчера = (close−EMA)/EMA×100; бакеты b0–b6 по порогам t1⁺/t2⁺/t1⁻/t2⁻/near своей пары (в % — индивидуально, в подписи строк не выводятся). Пороги t1⁺/t2⁺ — ⅓ и ⅔ квантили dev>0 пары; t1⁻/t2⁻ — ⅓ и ⅔ dev<0 (t1⁻ ≤ t2⁻); near = max(Q10(|dev|), 0.05%). Бакеты b0–b6 — см. строки таблицы. Колонки mean — пороги доходности своей пары.
В ячейке: (годы X/Y) — знак отклонения доли колонки от BASE совпал с общим (порог: 40/15 дн. в году, BASE/строка).
dev к EMA, %                             |                Цена росла |         Цена росла > mean |           Цена росла mean |         Цена росла < mean |               Цена падала |        Цена падала > mean |          Цена падала mean |        Цена падала < mean |        Цена росла до mean |       Цена была выше mean |       Цена падала до mean |       Цена была ниже mean
----------------------------------------------------------------------------------------------------------------------------------------------------------------------------------------------------------------------------------------------------------------------------------------------------------------------------------------------------------------------------------------
dev > t2⁺ (ср ret +0.1%, n=12708)        |           46.4 (4/5) [37] |           13.1 (5/5) [45] |           17.7 (5/5) [43] |           15.5 (5/5) [46] |           53.3 (4/5) [39] |           14.2 (3/5) [39] |           22.9 (4/5) [31] |           16.2 (5/5) [45] |           74.7 (5/5) [48] |           36.3 (5/5) [49] |           80.8 (5/5) [49] |           38.4 (5/5) [48]
t1⁺ < dev ≤ t2⁺ (ср ret +0.0%, n=9169)   |           48.3 (3/5) [27] |           15.6 (3/5) [26] |           20.8 (2/5) [26] |           12.0 (3/5) [29] |           51.2 (3/5) [28] |           15.4 (3/5) [32] |           23.3 (5/5) [36] |           12.5 (2/5) [24] |           67.1 (3/5) [24] |           25.8 (2/5) [12] |           70.0 (3/5) [24] |           26.8 (3/5) [36]
near < dev ≤ t1⁺ (ср ret -0.1%, n=6127)  |           47.2 (4/5) [32] |           15.6 (2/5) [31] |           21.1 (2/5) [25] |           10.5 (5/5) [35] |           52.2 (4/5) [35] |           16.7 (4/5) [24] |           24.9 (5/5) [39] |           10.6 (5/5) [38] |           63.1 (5/5) [39] |           22.3 (5/5) [41] |           65.4 (5/5) [45] |           23.8 (5/5) [45]
|dev| ≤ near (ср ret -0.1%, n=6364)      |           47.5 (4/5) [29] |           17.6 (3/5) [32] |           20.3 (3/5) [26] |            9.6 (5/5) [40] |           52.0 (4/5) [29] |           19.1 (5/5) [38] |           22.5 (4/5) [28] |           10.4 (5/5) [39] |           61.5 (5/5) [45] |           19.8 (5/5) [49] |           64.0 (5/5) [46] |           21.2 (5/5) [49]
t2⁻ ≤ dev < −near (ср ret -0.0%, n=8712) |            49.0 (1/5) [6] |           19.0 (5/5) [41] |           20.2 (4/5) [27] |            9.8 (5/5) [41] |           50.5 (2/5) [22] |           18.8 (5/5) [38] |           21.9 (1/5) [11] |            9.8 (5/5) [47] |           60.1 (5/5) [46] |           19.3 (5/5) [49] |           63.1 (5/5) [49] |           21.0 (5/5) [49]
t1⁻ ≤ dev < t2⁻ (ср ret -0.1%, n=11966)  |            49.0 (1/5) [5] |           19.5 (5/5) [45] |           20.5 (2/5) [10] |            9.0 (5/5) [46] |           50.5 (3/5) [27] |           18.3 (4/5) [37] |           21.5 (1/5) [28] |           10.7 (4/5) [43] |           62.4 (5/5) [46] |           18.4 (5/5) [48] |           66.5 (5/5) [44] |           24.8 (5/5) [46]
dev < t1⁻ (ср ret +0.2%, n=15514)        |           52.7 (5/5) [48] |           14.5 (4/5) [39] |           22.9 (5/5) [43] |           15.2 (4/5) [48] |           46.9 (5/5) [47] |           13.4 (5/5) [45] |           18.8 (5/5) [48] |           14.8 (4/5) [42] |           73.7 (5/5) [49] |           31.0 (4/5) [47] |           74.5 (5/5) [46] |           37.2 (5/5) [49]
----------------------------------------------------------------------------------------------------------------------------------------------------------------------------------------------------------------------------------------------------------------------------------------------------------------------------------------------------------------------------------------
BASE без условий (n=70560)               |                      49.0 |                      16.2 |                      20.6 |                      12.2 |                      50.6 |                      16.1 |                      21.8 |                      12.7 |                      67.4 |                      25.9 |                      70.5 |                      29.3

=== Δ к BASE: EMA(9) (п.п.) ===
dev к EMA, %                             |                Цена росла |         Цена росла > mean |           Цена росла mean |         Цена росла < mean |               Цена падала |        Цена падала > mean |          Цена падала mean |        Цена падала < mean |        Цена росла до mean |       Цена была выше mean |       Цена падала до mean |       Цена была ниже mean
----------------------------------------------------------------------------------------------------------------------------------------------------------------------------------------------------------------------------------------------------------------------------------------------------------------------------------------------------------------------------------------
dev > t2⁺ (ср ret +0.1%, n=12708)        |           -2.6 (4/5) [37] |           -3.0 (5/5) [45] |           -2.8 (5/5) [43] |           +3.3 (5/5) [46] |           +2.7 (4/5) [39] |           -1.9 (3/5) [39] |           +1.1 (4/5) [31] |           +3.6 (5/5) [45] |           +7.3 (5/5) [48] |          +10.3 (5/5) [49] |          +10.2 (5/5) [49] |           +9.0 (5/5) [48]
t1⁺ < dev ≤ t2⁺ (ср ret +0.0%, n=9169)   |           -0.6 (3/5) [27] |           -0.6 (3/5) [26] |           +0.3 (2/5) [26] |           -0.3 (3/5) [29] |           +0.6 (3/5) [28] |           -0.7 (3/5) [32] |           +1.5 (5/5) [36] |           -0.1 (2/5) [24] |           -0.3 (3/5) [24] |           -0.1 (2/5) [12] |           -0.6 (3/5) [24] |           -2.5 (3/5) [36]
near < dev ≤ t1⁺ (ср ret -0.1%, n=6127)  |           -1.7 (4/5) [32] |           -0.5 (2/5) [31] |           +0.6 (2/5) [25] |           -1.7 (5/5) [35] |           +1.6 (4/5) [35] |           +0.6 (4/5) [24] |           +3.1 (5/5) [39] |           -2.1 (5/5) [38] |           -4.3 (5/5) [39] |           -3.6 (5/5) [41] |           -5.2 (5/5) [45] |           -5.6 (5/5) [45]
|dev| ≤ near (ср ret -0.1%, n=6364)      |           -1.5 (4/5) [29] |           +1.4 (3/5) [32] |           -0.3 (3/5) [26] |           -2.6 (5/5) [40] |           +1.4 (4/5) [29] |           +3.0 (5/5) [38] |           +0.7 (4/5) [28] |           -2.3 (5/5) [39] |           -5.9 (5/5) [45] |           -6.2 (5/5) [49] |           -6.5 (5/5) [46] |           -8.1 (5/5) [49]
t2⁻ ≤ dev < −near (ср ret -0.0%, n=8712) |            -0.0 (1/5) [6] |           +2.8 (5/5) [41] |           -0.4 (4/5) [27] |           -2.4 (5/5) [41] |           -0.1 (2/5) [22] |           +2.7 (5/5) [38] |           +0.1 (1/5) [11] |           -2.9 (5/5) [47] |           -7.3 (5/5) [46] |           -6.6 (5/5) [49] |           -7.4 (5/5) [49] |           -8.4 (5/5) [49]
t1⁻ ≤ dev < t2⁻ (ср ret -0.1%, n=11966)  |            +0.0 (1/5) [5] |           +3.3 (5/5) [45] |           -0.1 (2/5) [10] |           -3.2 (5/5) [46] |           -0.1 (3/5) [27] |           +2.2 (4/5) [37] |           -0.4 (1/5) [28] |           -2.0 (4/5) [43] |           -5.0 (5/5) [46] |           -7.5 (5/5) [48] |           -4.1 (5/5) [44] |           -4.5 (5/5) [46]
dev < t1⁻ (ср ret +0.2%, n=15514)        |           +3.7 (5/5) [48] |           -1.6 (4/5) [39] |           +2.4 (5/5) [43] |           +3.0 (4/5) [48] |           -3.7 (5/5) [47] |           -2.7 (5/5) [45] |           -3.1 (5/5) [48] |           +2.1 (4/5) [42] |           +6.3 (5/5) [49] |           +5.1 (4/5) [47] |           +4.0 (5/5) [46] |           +7.8 (5/5) [49]

=== Пояснение к таблицам EMA ===

Пороги t1⁺/t2⁺ — ⅓ и ⅔ квантили dev>0 пары; t1⁻/t2⁻ — ⅓ и ⅔ dev<0 (t1⁻ ≤ t2⁻); near = max(Q10(|dev|), 0.05%). Бакеты b0–b6 — см. строки таблицы.

  b0: dev > t2⁺
  b1: t1⁺ < dev ≤ t2⁺
  b2: near < dev ≤ t1⁺
  b3: |dev| ≤ near
  b4: t2⁻ ≤ dev < −near
  b5: t1⁻ ≤ dev < t2⁻
  b6: dev < t1⁻

Колонки — условные доли дневного return сегодня (close vs open и intraday high/low); пороги mean — отдельно по каждой паре (μ×0.5 / μ×1.5 дней роста и падения).

В ячейке (X/Y) [N]: X/Y — годы со согласованным знаком Δ к BASE; [N] — число пар с тем же знаком Δ.
