=== Отчёт: ema_spreads (отклонение close от EMA) ===
Пар: 49
Период (UTC): 2022-01-01 .. 2026-05-31
Периоды EMA: 9, 12, 20, 50, 100, 200
Фильтр пар: первая свеча не позже 2023-01-01 (UTC)
Пары: 1000luncusdt, aaveusdt, adausdt, algousdt, aliceusdt, apeusdt, api3usdt, aptusdt, atomusdt, avaxusdt, axsusdt
      bchusdt, bnbusdt, btcusdt, chzusdt, crvusdt, dashusdt, dogeusdt, dotusdt, dydxusdt, egldusdt, enjusdt
      etcusdt, ethusdt, filusdt, galausdt, gmtusdt, hbarusdt, icpusdt, injusdt, ldousdt, linkusdt, ltcusdt
      nearusdt, ontusdt, opusdt, paxgusdt, sandusdt, shib1000usdt, solusdt, storjusdt, stxusdt, trxusdt, uniusdt
      xlmusdt, xmrusdt, xrpusdt, zecusdt, zenusdt

Методика: dev вчера = (close−EMA)/EMA×100 на дневном close UTC; сегодняшний return = (close−open)/open×100%. 7 строк условия — третили отклонения >0 и <0 внутри каждой пары + полоса «у EMA». Без look-ahead: пороги и EMA считаются только по истории пары до текущего дня.

=== Отклонение close от EMA (%) ===
dev = (close − EMA) / EMA × 100 на дневном close UTC; периоды 9, 12, 20, 50, 100, 200. Счёт по каждой паре отдельно; ниже — среднее по 49 парам.
Обрезка внутри каждой пары: перцентили 5–95% (как в блоке дней роста/падения). mean — со знаком; |dev| — средняя дистанция без знака.
EMA      |     mean |   median |    |dev| |      std |      min |      max |      n
-----------------------------------------------------------------------------------
EMA(9  ) |    -0.56 |    -0.78 |    +3.37 |    +4.08 |    -9.52 |    +9.36 |   1297
EMA(12 ) |    -0.77 |    -1.10 |    +4.05 |    +4.87 |   -11.27 |   +11.31 |   1294
EMA(20 ) |    -1.34 |    -1.89 |    +5.58 |    +6.59 |   -15.03 |   +15.55 |   1288
EMA(50 ) |    -3.34 |    -4.35 |    +9.57 |   +10.82 |   -24.02 |   +25.46 |   1260
EMA(100) |    -6.37 |    -8.27 |   +14.43 |   +15.23 |   -33.19 |   +36.38 |   1216
EMA(200) |   -10.28 |   -13.84 |   +21.37 |   +20.79 |   -42.29 |   +49.98 |   1126

=== EMA(9) вчера → return сегодня, % ===
dev вчера = (close−EMA)/EMA×100; 7 строк: 3 выше / у EMA / 3 ниже. Границы третилей свои у каждой пары (в подписи % не указаны). Колонки mean — пороги доходности своей пары.
В ячейке: (годы X/Y) — знак отклонения доли колонки от BASE совпал с общим (порог: 40/15 дн. в году, BASE/строка).
Отклонение EMA                            |                Цена росла |         Цена росла > mean |           Цена росла mean |         Цена росла < mean |               Цена падала |        Цена падала > mean |          Цена падала mean |        Цена падала < mean |        Цена росла до mean |       Цена была выше mean |       Цена падала до mean |       Цена была ниже mean
-----------------------------------------------------------------------------------------------------------------------------------------------------------------------------------------------------------------------------------------------------------------------------------------------------------------------------------------------------------------------------------------
Сильно выше EMA (ср ret +0.1%, n=12704)   |           46.5 (4/5) [37] |           15.5 (5/5) [46] |           17.8 (5/5) [43] |           13.2 (5/5) [45] |           53.3 (4/5) [39] |           14.1 (3/5) [40] |           22.9 (4/5) [31] |           16.2 (5/5) [45] |           74.8 (5/5) [48] |           36.3 (5/5) [49] |           80.7 (5/5) [49] |           38.3 (5/5) [48]
Выше EMA (средне) (ср ret +0.0%, n=9160)  |           48.2 (3/5) [27] |           11.9 (3/5) [29] |           20.8 (1/5) [26] |           15.5 (3/5) [28] |           51.3 (3/5) [28] |           15.5 (3/5) [33] |           23.3 (5/5) [36] |           12.5 (2/5) [25] |           67.1 (3/5) [24] |           25.8 (2/5) [23] |           70.0 (3/5) [24] |           26.9 (3/5) [36]
Чуть выше EMA (ср ret -0.1%, n=6126)      |           47.4 (4/5) [34] |           10.5 (5/5) [34] |           21.1 (3/5) [26] |           15.7 (2/5) [31] |           52.1 (4/5) [35] |           16.7 (4/5) [23] |           24.8 (5/5) [38] |           10.6 (5/5) [37] |           63.1 (5/5) [39] |           22.3 (5/5) [41] |           65.3 (5/5) [45] |           23.6 (5/5) [44]
У EMA (ср ret -0.1%, n=6364)              |           47.3 (4/5) [31] |            9.6 (5/5) [40] |           20.2 (3/5) [28] |           17.5 (3/5) [32] |           52.1 (4/5) [29] |           19.2 (5/5) [37] |           22.6 (4/5) [29] |           10.3 (5/5) [39] |           61.5 (5/5) [45] |           19.8 (5/5) [48] |           64.1 (5/5) [46] |           21.2 (5/5) [49]
Чуть ниже EMA (ср ret -0.0%, n=8708)      |            48.9 (1/5) [6] |            9.7 (5/5) [41] |           20.2 (4/5) [26] |           19.0 (5/5) [41] |            50.5 (1/5) [5] |           18.9 (5/5) [38] |           21.9 (0/5) [12] |            9.8 (5/5) [46] |           60.0 (5/5) [46] |           19.3 (5/5) [49] |           63.1 (5/5) [49] |           21.0 (5/5) [49]
Ниже EMA (средне) (ср ret -0.1%, n=11974) |            49.0 (1/5) [4] |            9.0 (5/5) [46] |           20.5 (2/5) [10] |           19.5 (5/5) [45] |           50.4 (3/5) [27] |           18.3 (4/5) [37] |           21.5 (1/5) [28] |           10.7 (4/5) [43] |           62.5 (5/5) [45] |           18.5 (5/5) [48] |           66.5 (5/5) [44] |           24.8 (5/5) [46]
Сильно ниже EMA (ср ret +0.2%, n=15524)   |           52.7 (5/5) [48] |           15.2 (4/5) [48] |           22.9 (5/5) [43] |           14.5 (4/5) [39] |           46.9 (5/5) [47] |           13.4 (5/5) [45] |           18.7 (5/5) [48] |           14.8 (4/5) [42] |           73.7 (5/5) [49] |           31.0 (4/5) [47] |           74.5 (5/5) [46] |           37.1 (5/5) [49]
-----------------------------------------------------------------------------------------------------------------------------------------------------------------------------------------------------------------------------------------------------------------------------------------------------------------------------------------------------------------------------------------
BASE без условий (n=70560)                |                      49.0 |                      12.2 |                      20.6 |                      16.2 |                      50.6 |                      16.1 |                      21.8 |                      12.7 |                      67.4 |                      25.9 |                      70.5 |                      29.3

=== Δ к BASE: EMA(9) (п.п.) ===
Отклонение EMA                            |                Цена росла |         Цена росла > mean |           Цена росла mean |         Цена росла < mean |               Цена падала |        Цена падала > mean |          Цена падала mean |        Цена падала < mean |        Цена росла до mean |       Цена была выше mean |       Цена падала до mean |       Цена была ниже mean
-----------------------------------------------------------------------------------------------------------------------------------------------------------------------------------------------------------------------------------------------------------------------------------------------------------------------------------------------------------------------------------------
Сильно выше EMA (ср ret +0.1%, n=12704)   |           -2.5 (4/5) [37] |           +3.3 (5/5) [46] |           -2.8 (5/5) [43] |           -3.0 (5/5) [45] |           +2.7 (4/5) [39] |           -2.0 (3/5) [40] |           +1.1 (4/5) [31] |           +3.5 (5/5) [45] |           +7.3 (5/5) [48] |          +10.4 (5/5) [49] |          +10.2 (5/5) [49] |           +9.0 (5/5) [48]
Выше EMA (средне) (ср ret +0.0%, n=9160)  |           -0.7 (3/5) [27] |           -0.3 (3/5) [29] |           +0.3 (1/5) [26] |           -0.7 (3/5) [28] |           +0.7 (3/5) [28] |           -0.6 (3/5) [33] |           +1.5 (5/5) [36] |           -0.1 (2/5) [25] |           -0.4 (3/5) [24] |           -0.1 (2/5) [23] |           -0.5 (3/5) [24] |           -2.4 (3/5) [36]
Чуть выше EMA (ср ret -0.1%, n=6126)      |           -1.6 (4/5) [34] |           -1.7 (5/5) [34] |           +0.6 (3/5) [26] |           -0.5 (2/5) [31] |           +1.5 (4/5) [35] |           +0.6 (4/5) [23] |           +3.0 (5/5) [38] |           -2.1 (5/5) [37] |           -4.3 (5/5) [39] |           -3.6 (5/5) [41] |           -5.2 (5/5) [45] |           -5.7 (5/5) [44]
У EMA (ср ret -0.1%, n=6364)              |           -1.6 (4/5) [31] |           -2.6 (5/5) [40] |           -0.4 (3/5) [28] |           +1.3 (3/5) [32] |           +1.5 (4/5) [29] |           +3.1 (5/5) [37] |           +0.8 (4/5) [29] |           -2.3 (5/5) [39] |           -5.9 (5/5) [45] |           -6.2 (5/5) [48] |           -6.5 (5/5) [46] |           -8.1 (5/5) [49]
Чуть ниже EMA (ср ret -0.0%, n=8708)      |            -0.0 (1/5) [6] |           -2.5 (5/5) [41] |           -0.4 (4/5) [26] |           +2.8 (5/5) [41] |            -0.1 (1/5) [5] |           +2.7 (5/5) [38] |           +0.0 (0/5) [12] |           -2.8 (5/5) [46] |           -7.4 (5/5) [46] |           -6.7 (5/5) [49] |           -7.4 (5/5) [49] |           -8.3 (5/5) [49]
Ниже EMA (средне) (ср ret -0.1%, n=11974) |            +0.1 (1/5) [4] |           -3.2 (5/5) [46] |           -0.1 (2/5) [10] |           +3.3 (5/5) [45] |           -0.2 (3/5) [27] |           +2.2 (4/5) [37] |           -0.3 (1/5) [28] |           -2.0 (4/5) [43] |           -5.0 (5/5) [45] |           -7.5 (5/5) [48] |           -4.0 (5/5) [44] |           -4.5 (5/5) [46]
Сильно ниже EMA (ср ret +0.2%, n=15524)   |           +3.8 (5/5) [48] |           +3.0 (4/5) [48] |           +2.4 (5/5) [43] |           -1.6 (4/5) [39] |           -3.7 (5/5) [47] |           -2.7 (5/5) [45] |           -3.1 (5/5) [48] |           +2.1 (4/5) [42] |           +6.3 (5/5) [49] |           +5.1 (4/5) [47] |           +3.9 (5/5) [46] |           +7.8 (5/5) [49]

=== EMA(12) вчера → return сегодня, % ===
dev вчера = (close−EMA)/EMA×100; 7 строк: 3 выше / у EMA / 3 ниже. Границы третилей свои у каждой пары (в подписи % не указаны). Колонки mean — пороги доходности своей пары.
В ячейке: (годы X/Y) — знак отклонения доли колонки от BASE совпал с общим (порог: 40/15 дн. в году, BASE/строка).
Отклонение EMA                            |                Цена росла |         Цена росла > mean |           Цена росла mean |         Цена росла < mean |               Цена падала |        Цена падала > mean |          Цена падала mean |        Цена падала < mean |        Цена росла до mean |       Цена была выше mean |       Цена падала до mean |       Цена была ниже mean
-----------------------------------------------------------------------------------------------------------------------------------------------------------------------------------------------------------------------------------------------------------------------------------------------------------------------------------------------------------------------------------------
Сильно выше EMA (ср ret +0.2%, n=12439)   |           46.8 (5/5) [38] |           16.0 (5/5) [46] |           17.7 (5/5) [42] |           13.1 (5/5) [45] |           52.9 (5/5) [39] |           13.8 (3/5) [44] |           22.8 (4/5) [33] |           16.3 (5/5) [45] |           75.4 (5/5) [49] |           37.1 (5/5) [49] |           80.8 (5/5) [49] |           39.2 (5/5) [48]
Выше EMA (средне) (ср ret -0.0%, n=8897)  |           48.0 (3/5) [28] |           11.8 (3/5) [27] |           20.8 (2/5) [23] |           15.4 (3/5) [30] |           51.5 (3/5) [26] |           16.0 (3/5) [27] |           22.9 (4/5) [33] |           12.7 (3/5) [13] |           67.4 (0/5) [14] |           25.9 (2/5) [10] |           70.8 (3/5) [27] |           26.8 (4/5) [35]
Чуть выше EMA (ср ret -0.0%, n=5964)      |           48.1 (3/5) [27] |           11.0 (4/5) [32] |           21.1 (3/5) [30] |           16.0 (2/5) [27] |           51.4 (3/5) [27] |           16.6 (2/5) [20] |           23.6 (5/5) [35] |           11.2 (4/5) [32] |           64.3 (5/5) [37] |           22.2 (5/5) [37] |           65.7 (5/5) [42] |           24.1 (5/5) [44]
У EMA (ср ret -0.1%, n=6364)              |           47.3 (4/5) [34] |            9.9 (5/5) [39] |           20.1 (3/5) [26] |           17.3 (3/5) [28] |           52.2 (4/5) [36] |           18.2 (4/5) [37] |           23.7 (4/5) [36] |           10.3 (5/5) [41] |           60.9 (5/5) [47] |           20.0 (5/5) [46] |           64.5 (5/5) [44] |           21.5 (5/5) [49]
Чуть ниже EMA (ср ret -0.1%, n=8825)      |           48.0 (3/5) [27] |            9.1 (5/5) [46] |           20.0 (4/5) [29] |           18.9 (5/5) [38] |           51.5 (3/5) [26] |           19.3 (5/5) [42] |           22.2 (2/5) [28] |           10.0 (5/5) [46] |           59.5 (5/5) [48] |           18.5 (5/5) [49] |           62.5 (5/5) [48] |           21.0 (5/5) [49]
Ниже EMA (средне) (ср ret -0.1%, n=12188) |           48.2 (3/5) [29] |            8.7 (5/5) [47] |           20.6 (4/5) [18] |           18.9 (5/5) [44] |           51.2 (3/5) [28] |           18.3 (4/5) [40] |           22.3 (4/5) [24] |           10.6 (4/5) [46] |           61.6 (5/5) [47] |           18.2 (5/5) [49] |           66.7 (5/5) [44] |           24.7 (5/5) [45]
Сильно ниже EMA (ср ret +0.2%, n=15736)   |           53.1 (5/5) [48] |           15.1 (4/5) [46] |           23.0 (5/5) [43] |           15.0 (4/5) [35] |           46.5 (5/5) [48] |           13.6 (5/5) [45] |           18.4 (5/5) [48] |           14.4 (4/5) [40] |           73.7 (5/5) [48] |           30.9 (4/5) [47] |           74.1 (5/5) [45] |           36.4 (5/5) [49]
-----------------------------------------------------------------------------------------------------------------------------------------------------------------------------------------------------------------------------------------------------------------------------------------------------------------------------------------------------------------------------------------
BASE без условий (n=70413)                |                      48.9 |                      12.2 |                      20.6 |                      16.2 |                      50.6 |                      16.1 |                      21.8 |                      12.7 |                      67.4 |                      25.9 |                      70.5 |                      29.3

=== Δ к BASE: EMA(12) (п.п.) ===
Отклонение EMA                            |                Цена росла |         Цена росла > mean |           Цена росла mean |         Цена росла < mean |               Цена падала |        Цена падала > mean |          Цена падала mean |        Цена падала < mean |        Цена росла до mean |       Цена была выше mean |       Цена падала до mean |       Цена была ниже mean
-----------------------------------------------------------------------------------------------------------------------------------------------------------------------------------------------------------------------------------------------------------------------------------------------------------------------------------------------------------------------------------------
Сильно выше EMA (ср ret +0.2%, n=12439)   |           -2.1 (5/5) [38] |           +3.8 (5/5) [46] |           -2.9 (5/5) [42] |           -3.1 (5/5) [45] |           +2.3 (5/5) [39] |           -2.3 (3/5) [44] |           +1.0 (4/5) [33] |           +3.6 (5/5) [45] |           +8.0 (5/5) [49] |          +11.2 (5/5) [49] |          +10.3 (5/5) [49] |           +9.8 (5/5) [48]
Выше EMA (средне) (ср ret -0.0%, n=8897)  |           -0.9 (3/5) [28] |           -0.4 (3/5) [27] |           +0.3 (2/5) [23] |           -0.8 (3/5) [30] |           +0.9 (3/5) [26] |           -0.2 (3/5) [27] |           +1.1 (4/5) [33] |           -0.0 (3/5) [13] |           +0.0 (0/5) [14] |           -0.0 (2/5) [10] |           +0.3 (3/5) [27] |           -2.5 (4/5) [35]
Чуть выше EMA (ср ret -0.0%, n=5964)      |           -0.8 (3/5) [27] |           -1.2 (4/5) [32] |           +0.5 (3/5) [30] |           -0.1 (2/5) [27] |           +0.7 (3/5) [27] |           +0.5 (2/5) [20] |           +1.7 (5/5) [35] |           -1.5 (4/5) [32] |           -3.1 (5/5) [37] |           -3.7 (5/5) [37] |           -4.9 (5/5) [42] |           -5.2 (5/5) [44]
У EMA (ср ret -0.1%, n=6364)              |           -1.6 (4/5) [34] |           -2.3 (5/5) [39] |           -0.5 (3/5) [26] |           +1.1 (3/5) [28] |           +1.6 (4/5) [36] |           +2.1 (4/5) [37] |           +1.9 (4/5) [36] |           -2.4 (5/5) [41] |           -6.5 (5/5) [47] |           -5.9 (5/5) [46] |           -6.0 (5/5) [44] |           -7.9 (5/5) [49]
Чуть ниже EMA (ср ret -0.1%, n=8825)      |           -0.9 (3/5) [27] |           -3.1 (5/5) [46] |           -0.6 (4/5) [29] |           +2.7 (5/5) [38] |           +0.9 (3/5) [26] |           +3.2 (5/5) [42] |           +0.3 (2/5) [28] |           -2.6 (5/5) [46] |           -7.9 (5/5) [48] |           -7.4 (5/5) [49] |           -8.1 (5/5) [48] |           -8.3 (5/5) [49]
Ниже EMA (средне) (ср ret -0.1%, n=12188) |           -0.7 (3/5) [29] |           -3.5 (5/5) [47] |           +0.0 (4/5) [18] |           +2.7 (5/5) [44] |           +0.6 (3/5) [28] |           +2.2 (4/5) [40] |           +0.5 (4/5) [24] |           -2.1 (4/5) [46] |           -5.8 (5/5) [47] |           -7.7 (5/5) [49] |           -3.9 (5/5) [44] |           -4.6 (5/5) [45]
Сильно ниже EMA (ср ret +0.2%, n=15736)   |           +4.2 (5/5) [48] |           +2.9 (4/5) [46] |           +2.5 (5/5) [43] |           -1.1 (4/5) [35] |           -4.2 (5/5) [48] |           -2.5 (5/5) [45] |           -3.4 (5/5) [48] |           +1.8 (4/5) [40] |           +6.3 (5/5) [48] |           +5.0 (4/5) [47] |           +3.5 (5/5) [45] |           +7.1 (5/5) [49]

=== EMA(20) вчера → return сегодня, % ===
dev вчера = (close−EMA)/EMA×100; 7 строк: 3 выше / у EMA / 3 ниже. Границы третилей свои у каждой пары (в подписи % не указаны). Колонки mean — пороги доходности своей пары.
В ячейке: (годы X/Y) — знак отклонения доли колонки от BASE совпал с общим (порог: 40/15 дн. в году, BASE/строка).
Отклонение EMA                            |                Цена росла |         Цена росла > mean |           Цена росла mean |         Цена росла < mean |               Цена падала |        Цена падала > mean |          Цена падала mean |        Цена падала < mean |        Цена росла до mean |       Цена была выше mean |       Цена падала до mean |       Цена была ниже mean
-----------------------------------------------------------------------------------------------------------------------------------------------------------------------------------------------------------------------------------------------------------------------------------------------------------------------------------------------------------------------------------------
Сильно выше EMA (ср ret +0.2%, n=11994)   |           47.3 (4/5) [30] |           16.6 (5/5) [48] |           17.8 (5/5) [39] |           12.9 (5/5) [46] |           52.4 (4/5) [32] |           13.3 (5/5) [43] |           22.8 (4/5) [32] |           16.4 (5/5) [45] |           76.2 (5/5) [49] |           38.3 (5/5) [49] |           81.0 (5/5) [49] |           40.5 (5/5) [48]
Выше EMA (средне) (ср ret +0.0%, n=8490)  |           48.1 (3/5) [27] |           12.3 (3/5) [24] |           20.2 (4/5) [27] |           15.6 (2/5) [28] |           51.5 (3/5) [30] |           16.4 (3/5) [25] |           22.7 (3/5) [26] |           12.5 (2/5) [22] |           68.0 (3/5) [27] |            25.9 (2/5) [9] |           71.9 (4/5) [34] |           26.6 (4/5) [39]
Чуть выше EMA (ср ret -0.0%, n=5470)      |           48.7 (3/5) [26] |           10.8 (4/5) [30] |           21.4 (4/5) [26] |           16.5 (2/5) [23] |           50.7 (3/5) [10] |           17.6 (4/5) [32] |            21.7 (5/5) [9] |           11.3 (4/5) [30] |           65.3 (4/5) [34] |           22.5 (4/5) [39] |           65.0 (5/5) [44] |           23.6 (5/5) [42]
У EMA (ср ret -0.1%, n=6315)              |           46.9 (4/5) [36] |            9.5 (5/5) [41] |           20.6 (5/5) [12] |           16.8 (3/5) [31] |           52.8 (4/5) [36] |           18.0 (3/5) [32] |           23.7 (3/5) [37] |           11.1 (5/5) [34] |           61.2 (5/5) [44] |           19.4 (5/5) [47] |           65.7 (5/5) [42] |           22.7 (5/5) [48]
Чуть ниже EMA (ср ret -0.1%, n=9261)      |           47.7 (4/5) [30] |            9.1 (5/5) [45] |           19.7 (4/5) [31] |           18.9 (5/5) [39] |           51.7 (4/5) [29] |           18.7 (5/5) [40] |           22.9 (4/5) [32] |           10.1 (5/5) [46] |           59.5 (5/5) [49] |           18.5 (5/5) [49] |           62.6 (5/5) [48] |           21.4 (5/5) [49]
Ниже EMA (средне) (ср ret -0.2%, n=12496) |           47.7 (3/5) [30] |            8.5 (5/5) [46] |           20.8 (2/5) [24] |           18.5 (4/5) [43] |           51.7 (3/5) [28] |           18.6 (5/5) [41] |           22.3 (2/5) [25] |           10.8 (5/5) [43] |           60.4 (5/5) [46] |           17.7 (5/5) [49] |           66.2 (5/5) [46] |           24.6 (5/5) [47]
Сильно ниже EMA (ср ret +0.2%, n=15995)   |           53.2 (5/5) [49] |           14.9 (4/5) [46] |           22.9 (5/5) [43] |           15.3 (4/5) [32] |           46.4 (5/5) [49] |           13.6 (5/5) [46] |           19.0 (5/5) [45] |           13.9 (4/5) [36] |           73.4 (5/5) [48] |           30.8 (4/5) [47] |           73.4 (5/5) [45] |           34.9 (5/5) [48]
-----------------------------------------------------------------------------------------------------------------------------------------------------------------------------------------------------------------------------------------------------------------------------------------------------------------------------------------------------------------------------------------
BASE без условий (n=70021)                |                      48.9 |                      12.2 |                      20.6 |                      16.2 |                      50.6 |                      16.2 |                      21.8 |                      12.6 |                      67.3 |                      25.8 |                      70.5 |                      29.3

=== Δ к BASE: EMA(20) (п.п.) ===
Отклонение EMA                            |                Цена росла |         Цена росла > mean |           Цена росла mean |         Цена росла < mean |               Цена падала |        Цена падала > mean |          Цена падала mean |        Цена падала < mean |        Цена росла до mean |       Цена была выше mean |       Цена падала до mean |       Цена была ниже mean
-----------------------------------------------------------------------------------------------------------------------------------------------------------------------------------------------------------------------------------------------------------------------------------------------------------------------------------------------------------------------------------------
Сильно выше EMA (ср ret +0.2%, n=11994)   |           -1.7 (4/5) [30] |           +4.4 (5/5) [48] |           -2.8 (5/5) [39] |           -3.3 (5/5) [46] |           +1.8 (4/5) [32] |           -2.9 (5/5) [43] |           +0.9 (4/5) [32] |           +3.8 (5/5) [45] |           +8.8 (5/5) [49] |          +12.4 (5/5) [49] |          +10.6 (5/5) [49] |          +11.3 (5/5) [48]
Выше EMA (средне) (ср ret +0.0%, n=8490)  |           -0.9 (3/5) [27] |           +0.1 (3/5) [24] |           -0.4 (4/5) [27] |           -0.6 (2/5) [28] |           +0.9 (3/5) [30] |           +0.3 (3/5) [25] |           +0.8 (3/5) [26] |           -0.2 (2/5) [22] |           +0.7 (3/5) [27] |            +0.1 (2/5) [9] |           +1.4 (4/5) [34] |           -2.7 (4/5) [39]
Чуть выше EMA (ср ret -0.0%, n=5470)      |           -0.2 (3/5) [26] |           -1.4 (4/5) [30] |           +0.9 (4/5) [26] |           +0.3 (2/5) [23] |           +0.1 (3/5) [10] |           +1.4 (4/5) [32] |            -0.1 (5/5) [9] |           -1.3 (4/5) [30] |           -2.0 (4/5) [34] |           -3.3 (4/5) [39] |           -5.5 (5/5) [44] |           -5.7 (5/5) [42]
У EMA (ср ret -0.1%, n=6315)              |           -2.1 (4/5) [36] |           -2.7 (5/5) [41] |           +0.0 (5/5) [12] |           +0.6 (3/5) [31] |           +2.2 (4/5) [36] |           +1.8 (3/5) [32] |           +1.9 (3/5) [37] |           -1.5 (5/5) [34] |           -6.2 (5/5) [44] |           -6.5 (5/5) [47] |           -4.8 (5/5) [42] |           -6.5 (5/5) [48]
Чуть ниже EMA (ср ret -0.1%, n=9261)      |           -1.2 (4/5) [30] |           -3.1 (5/5) [45] |           -0.8 (4/5) [31] |           +2.7 (5/5) [39] |           +1.0 (4/5) [29] |           +2.5 (5/5) [40] |           +1.1 (4/5) [32] |           -2.6 (5/5) [46] |           -7.8 (5/5) [49] |           -7.3 (5/5) [49] |           -7.9 (5/5) [48] |           -7.9 (5/5) [49]
Ниже EMA (средне) (ср ret -0.2%, n=12496) |           -1.2 (3/5) [30] |           -3.7 (5/5) [46] |           +0.2 (2/5) [24] |           +2.3 (4/5) [43] |           +1.1 (3/5) [28] |           +2.5 (5/5) [41] |           +0.5 (2/5) [25] |           -1.8 (5/5) [43] |           -6.9 (5/5) [46] |           -8.1 (5/5) [49] |           -4.2 (5/5) [46] |           -4.7 (5/5) [47]
Сильно ниже EMA (ср ret +0.2%, n=15995)   |           +4.2 (5/5) [49] |           +2.8 (4/5) [46] |           +2.3 (5/5) [43] |           -0.9 (4/5) [32] |           -4.2 (5/5) [49] |           -2.6 (5/5) [46] |           -2.9 (5/5) [45] |           +1.2 (4/5) [36] |           +6.1 (5/5) [48] |           +5.0 (4/5) [47] |           +3.0 (5/5) [45] |           +5.7 (5/5) [48]

=== EMA(50) вчера → return сегодня, % ===
dev вчера = (close−EMA)/EMA×100; 7 строк: 3 выше / у EMA / 3 ниже. Границы третилей свои у каждой пары (в подписи % не указаны). Колонки mean — пороги доходности своей пары.
В ячейке: (годы X/Y) — знак отклонения доли колонки от BASE совпал с общим (порог: 40/15 дн. в году, BASE/строка).
Отклонение EMA                            |                Цена росла |         Цена росла > mean |           Цена росла mean |         Цена росла < mean |               Цена падала |        Цена падала > mean |          Цена падала mean |        Цена падала < mean |        Цена росла до mean |       Цена была выше mean |       Цена падала до mean |       Цена была ниже mean
-----------------------------------------------------------------------------------------------------------------------------------------------------------------------------------------------------------------------------------------------------------------------------------------------------------------------------------------------------------------------------------------
Сильно выше EMA (ср ret +0.2%, n=11010)   |           46.8 (5/5) [31] |           17.2 (4/5) [46] |           17.7 (5/5) [41] |           11.9 (5/5) [48] |           52.9 (5/5) [34] |           13.1 (4/5) [45] |           22.4 (3/5) [26] |           17.4 (5/5) [48] |           76.0 (5/5) [48] |           38.3 (5/5) [49] |           81.3 (5/5) [49] |           42.7 (5/5) [48]
Выше EMA (средне) (ср ret +0.1%, n=7557)  |           49.1 (2/5) [26] |           12.9 (3/5) [28] |           20.8 (2/5) [26] |           15.5 (2/5) [33] |           50.5 (2/5) [25] |           15.8 (2/5) [28] |           22.0 (2/5) [11] |           12.7 (2/5) [29] |           69.4 (5/5) [36] |           27.4 (4/5) [36] |           72.3 (5/5) [37] |           28.7 (4/5) [20]
Чуть выше EMA (ср ret -0.0%, n=4636)      |           47.9 (4/5) [34] |           10.5 (3/5) [38] |           21.7 (3/5) [31] |           15.6 (3/5) [30] |           51.7 (4/5) [37] |           17.4 (4/5) [28] |           23.0 (5/5) [33] |           11.2 (4/5) [28] |           65.6 (3/5) [28] |           22.3 (4/5) [37] |           68.8 (4/5) [25] |           24.8 (5/5) [35]
У EMA (ср ret -0.2%, n=6195)              |           47.2 (5/5) [30] |            9.4 (5/5) [39] |           20.7 (3/5) [11] |           17.2 (4/5) [30] |           52.5 (5/5) [31] |           17.3 (4/5) [25] |           23.6 (5/5) [34] |           11.6 (3/5) [28] |           62.6 (5/5) [41] |           19.8 (5/5) [45] |           67.4 (5/5) [34] |           24.7 (5/5) [43]
Чуть ниже EMA (ср ret -0.1%, n=9764)      |           48.1 (3/5) [28] |            8.7 (4/5) [45] |           20.9 (4/5) [29] |           18.5 (4/5) [40] |           51.4 (3/5) [26] |           18.9 (5/5) [42] |           22.6 (3/5) [27] |            9.9 (5/5) [45] |           60.2 (5/5) [49] |           18.3 (5/5) [48] |           63.8 (5/5) [49] |           21.7 (5/5) [49]
Ниже EMA (средне) (ср ret -0.1%, n=12968) |           49.2 (2/5) [27] |            8.8 (5/5) [48] |           21.0 (2/5) [29] |           19.5 (5/5) [43] |           50.2 (2/5) [29] |           18.9 (5/5) [41] |           21.1 (2/5) [28] |           10.1 (5/5) [44] |           61.3 (5/5) [48] |           18.7 (5/5) [48] |           64.7 (5/5) [47] |           22.7 (5/5) [47]
Сильно ниже EMA (ср ret +0.1%, n=16421)   |           51.1 (5/5) [43] |           14.0 (4/5) [44] |           21.6 (5/5) [33] |           15.5 (3/5) [29] |           48.5 (5/5) [44] |           14.3 (5/5) [44] |           20.9 (3/5) [35] |           13.2 (1/5) [25] |           70.8 (5/5) [45] |           29.0 (3/5) [42] |           71.9 (3/5) [34] |           32.6 (3/5) [44]
-----------------------------------------------------------------------------------------------------------------------------------------------------------------------------------------------------------------------------------------------------------------------------------------------------------------------------------------------------------------------------------------
BASE без условий (n=68551)                |                      48.8 |                      12.0 |                      20.6 |                      16.3 |                      50.7 |                      16.3 |                      21.9 |                      12.5 |                      67.1 |                      25.6 |                      70.3 |                      29.1

=== Δ к BASE: EMA(50) (п.п.) ===
Отклонение EMA                            |                Цена росла |         Цена росла > mean |           Цена росла mean |         Цена росла < mean |               Цена падала |        Цена падала > mean |          Цена падала mean |        Цена падала < mean |        Цена росла до mean |       Цена была выше mean |       Цена падала до mean |       Цена была ниже mean
-----------------------------------------------------------------------------------------------------------------------------------------------------------------------------------------------------------------------------------------------------------------------------------------------------------------------------------------------------------------------------------------
Сильно выше EMA (ср ret +0.2%, n=11010)   |           -2.0 (5/5) [31] |           +5.2 (4/5) [46] |           -2.9 (5/5) [41] |           -4.3 (5/5) [48] |           +2.2 (5/5) [34] |           -3.2 (4/5) [45] |           +0.4 (3/5) [26] |           +4.9 (5/5) [48] |           +8.9 (5/5) [48] |          +12.7 (5/5) [49] |          +11.0 (5/5) [49] |          +13.6 (5/5) [48]
Выше EMA (средне) (ср ret +0.1%, n=7557)  |           +0.3 (2/5) [26] |           +0.9 (3/5) [28] |           +0.2 (2/5) [26] |           -0.8 (2/5) [33] |           -0.2 (2/5) [25] |           -0.5 (2/5) [28] |           +0.1 (2/5) [11] |           +0.2 (2/5) [29] |           +2.3 (5/5) [36] |           +1.9 (4/5) [36] |           +2.0 (5/5) [37] |           -0.4 (4/5) [20]
Чуть выше EMA (ср ret -0.0%, n=4636)      |           -1.0 (4/5) [34] |           -1.5 (3/5) [38] |           +1.1 (3/5) [31] |           -0.6 (3/5) [30] |           +0.9 (4/5) [37] |           +1.1 (4/5) [28] |           +1.1 (5/5) [33] |           -1.3 (4/5) [28] |           -1.5 (3/5) [28] |           -3.2 (4/5) [37] |           -1.6 (4/5) [25] |           -4.3 (5/5) [35]
У EMA (ср ret -0.2%, n=6195)              |           -1.7 (5/5) [30] |           -2.6 (5/5) [39] |           +0.1 (3/5) [11] |           +0.9 (4/5) [30] |           +1.8 (5/5) [31] |           +1.0 (4/5) [25] |           +1.6 (5/5) [34] |           -0.9 (3/5) [28] |           -4.5 (5/5) [41] |           -5.7 (5/5) [45] |           -2.9 (5/5) [34] |           -4.5 (5/5) [43]
Чуть ниже EMA (ср ret -0.1%, n=9764)      |           -0.7 (3/5) [28] |           -3.3 (4/5) [45] |           +0.3 (4/5) [29] |           +2.3 (4/5) [40] |           +0.7 (3/5) [26] |           +2.6 (5/5) [42] |           +0.7 (3/5) [27] |           -2.6 (5/5) [45] |           -6.9 (5/5) [49] |           -7.2 (5/5) [48] |           -6.6 (5/5) [49] |           -7.4 (5/5) [49]
Ниже EMA (средне) (ср ret -0.1%, n=12968) |           +0.4 (2/5) [27] |           -3.2 (5/5) [48] |           +0.4 (2/5) [29] |           +3.2 (5/5) [43] |           -0.6 (2/5) [29] |           +2.7 (5/5) [41] |           -0.8 (2/5) [28] |           -2.4 (5/5) [44] |           -5.8 (5/5) [48] |           -6.9 (5/5) [48] |           -5.6 (5/5) [47] |           -6.4 (5/5) [47]
Сильно ниже EMA (ср ret +0.1%, n=16421)   |           +2.2 (5/5) [43] |           +2.0 (4/5) [44] |           +1.0 (5/5) [33] |           -0.8 (3/5) [29] |           -2.3 (5/5) [44] |           -2.0 (5/5) [44] |           -1.0 (3/5) [35] |           +0.7 (1/5) [25] |           +3.7 (5/5) [45] |           +3.4 (3/5) [42] |           +1.6 (3/5) [34] |           +3.5 (3/5) [44]

=== EMA(100) вчера → return сегодня, % ===
dev вчера = (close−EMA)/EMA×100; 7 строк: 3 выше / у EMA / 3 ниже. Границы третилей свои у каждой пары (в подписи % не указаны). Колонки mean — пороги доходности своей пары.
В ячейке: (годы X/Y) — знак отклонения доли колонки от BASE совпал с общим (порог: 40/15 дн. в году, BASE/строка).
Отклонение EMA                            |                Цена росла |         Цена росла > mean |           Цена росла mean |         Цена росла < mean |               Цена падала |        Цена падала > mean |          Цена падала mean |        Цена падала < mean |        Цена росла до mean |       Цена была выше mean |       Цена падала до mean |       Цена была ниже mean
-----------------------------------------------------------------------------------------------------------------------------------------------------------------------------------------------------------------------------------------------------------------------------------------------------------------------------------------------------------------------------------------
Сильно выше EMA (ср ret +0.1%, n=9988)    |           47.1 (4/5) [35] |           17.3 (5/5) [48] |           17.5 (5/5) [44] |           12.3 (5/5) [49] |           52.7 (4/5) [38] |           12.5 (5/5) [45] |           22.0 (1/5) [15] |           18.2 (5/5) [48] |           75.2 (5/5) [47] |           37.5 (5/5) [49] |           80.5 (5/5) [49] |           43.3 (5/5) [49]
Выше EMA (средне) (ср ret +0.2%, n=6678)  |           49.8 (3/5) [28] |           13.5 (3/5) [34] |           21.5 (4/5) [31] |           14.8 (4/5) [32] |           49.9 (3/5) [26] |           15.6 (2/5) [31] |           21.2 (1/5) [29] |           13.0 (4/5) [31] |           69.3 (4/5) [35] |           27.7 (4/5) [37] |           72.1 (5/5) [39] |           29.9 (4/5) [30]
Чуть выше EMA (ср ret +0.0%, n=3995)      |            48.9 (1/5) [8] |           11.0 (3/5) [27] |           21.4 (4/5) [30] |            16.4 (1/5) [9] |            50.7 (0/5) [7] |           17.5 (3/5) [21] |            22.0 (1/5) [7] |           11.2 (3/5) [24] |           65.0 (4/5) [21] |           23.1 (3/5) [26] |           68.2 (3/5) [20] |           26.2 (3/5) [30]
У EMA (ср ret -0.1%, n=5972)              |           48.5 (3/5) [25] |           10.1 (5/5) [35] |           22.3 (4/5) [35] |           16.2 (3/5) [27] |           51.1 (4/5) [26] |           17.3 (2/5) [25] |           23.0 (3/5) [29] |           10.8 (4/5) [35] |           66.0 (3/5) [22] |           21.7 (5/5) [38] |           69.2 (2/5) [25] |           25.1 (5/5) [35]
Чуть ниже EMA (ср ret -0.1%, n=9909)      |           48.0 (4/5) [27] |            9.0 (5/5) [42] |           20.5 (2/5) [10] |           18.6 (4/5) [39] |           51.5 (3/5) [25] |           18.6 (5/5) [38] |           23.2 (5/5) [29] |            9.7 (4/5) [44] |           62.0 (4/5) [43] |           19.4 (5/5) [43] |           66.3 (4/5) [43] |           22.7 (5/5) [47]
Ниже EMA (средне) (ср ret -0.2%, n=13131) |           47.7 (3/5) [36] |            8.5 (5/5) [49] |           20.4 (3/5) [25] |           18.8 (5/5) [38] |           51.7 (3/5) [34] |           19.2 (5/5) [45] |           21.6 (2/5) [30] |           10.9 (4/5) [39] |           60.6 (5/5) [48] |           18.7 (5/5) [48] |           64.9 (5/5) [47] |           23.2 (5/5) [48]
Сильно ниже EMA (ср ret +0.2%, n=16428)   |           51.0 (5/5) [43] |           13.4 (4/5) [35] |           21.2 (4/5) [30] |           16.5 (4/5) [23] |           48.5 (5/5) [43] |           15.2 (5/5) [38] |           21.3 (3/5) [31] |           12.0 (4/5) [31] |           69.4 (5/5) [42] |           27.5 (3/5) [34] |           70.2 (2/5) [12] |           29.8 (3/5) [26]
-----------------------------------------------------------------------------------------------------------------------------------------------------------------------------------------------------------------------------------------------------------------------------------------------------------------------------------------------------------------------------------------
BASE без условий (n=66101)                |                      48.8 |                      11.9 |                      20.5 |                      16.4 |                      50.7 |                      16.5 |                      22.0 |                      12.3 |                      66.8 |                      25.3 |                      70.1 |                      28.8

=== Δ к BASE: EMA(100) (п.п.) ===
Отклонение EMA                            |                Цена росла |         Цена росла > mean |           Цена росла mean |         Цена росла < mean |               Цена падала |        Цена падала > mean |          Цена падала mean |        Цена падала < mean |        Цена росла до mean |       Цена была выше mean |       Цена падала до mean |       Цена была ниже mean
-----------------------------------------------------------------------------------------------------------------------------------------------------------------------------------------------------------------------------------------------------------------------------------------------------------------------------------------------------------------------------------------
Сильно выше EMA (ср ret +0.1%, n=9988)    |           -1.8 (4/5) [35] |           +5.4 (5/5) [48] |           -3.0 (5/5) [44] |           -4.1 (5/5) [49] |           +2.0 (4/5) [38] |           -4.0 (5/5) [45] |           +0.1 (1/5) [15] |           +5.9 (5/5) [48] |           +8.4 (5/5) [47] |          +12.3 (5/5) [49] |          +10.4 (5/5) [49] |          +14.5 (5/5) [49]
Выше EMA (средне) (ср ret +0.2%, n=6678)  |           +1.0 (3/5) [28] |           +1.6 (3/5) [34] |           +1.0 (4/5) [31] |           -1.6 (4/5) [32] |           -0.9 (3/5) [26] |           -0.8 (2/5) [31] |           -0.8 (1/5) [29] |           +0.7 (4/5) [31] |           +2.4 (4/5) [35] |           +2.4 (4/5) [37] |           +2.1 (5/5) [39] |           +1.1 (4/5) [30]
Чуть выше EMA (ср ret +0.0%, n=3995)      |            +0.1 (1/5) [8] |           -0.9 (3/5) [27] |           +0.9 (4/5) [30] |            +0.0 (1/5) [9] |            -0.0 (0/5) [7] |           +1.0 (3/5) [21] |            +0.1 (1/5) [7] |           -1.1 (3/5) [24] |           -1.9 (4/5) [21] |           -2.2 (3/5) [26] |           -1.9 (3/5) [20] |           -2.7 (3/5) [30]
У EMA (ср ret -0.1%, n=5972)              |           -0.3 (3/5) [25] |           -1.8 (5/5) [35] |           +1.8 (4/5) [35] |           -0.3 (3/5) [27] |           +0.4 (4/5) [26] |           +0.8 (2/5) [25] |           +1.0 (3/5) [29] |           -1.5 (4/5) [35] |           -0.8 (3/5) [22] |           -3.6 (5/5) [38] |           -0.9 (2/5) [25] |           -3.7 (5/5) [35]
Чуть ниже EMA (ср ret -0.1%, n=9909)      |           -0.8 (4/5) [27] |           -2.9 (5/5) [42] |           -0.0 (2/5) [10] |           +2.2 (4/5) [39] |           +0.8 (3/5) [25] |           +2.2 (5/5) [38] |           +1.3 (5/5) [29] |           -2.6 (4/5) [44] |           -4.8 (4/5) [43] |           -5.9 (5/5) [43] |           -3.8 (4/5) [43] |           -6.1 (5/5) [47]
Ниже EMA (средне) (ср ret -0.2%, n=13131) |           -1.1 (3/5) [36] |           -3.4 (5/5) [49] |           -0.1 (3/5) [25] |           +2.3 (5/5) [38] |           +1.0 (3/5) [34] |           +2.7 (5/5) [45] |           -0.3 (2/5) [30] |           -1.4 (4/5) [39] |           -6.2 (5/5) [48] |           -6.6 (5/5) [48] |           -5.2 (5/5) [47] |           -5.7 (5/5) [48]
Сильно ниже EMA (ср ret +0.2%, n=16428)   |           +2.2 (5/5) [43] |           +1.4 (4/5) [35] |           +0.7 (4/5) [30] |           +0.1 (4/5) [23] |           -2.2 (5/5) [43] |           -1.3 (5/5) [38] |           -0.6 (3/5) [31] |           -0.3 (4/5) [31] |           +2.6 (5/5) [42] |           +2.2 (3/5) [34] |           +0.1 (2/5) [12] |           +1.0 (3/5) [26]

=== EMA(200) вчера → return сегодня, % ===
dev вчера = (close−EMA)/EMA×100; 7 строк: 3 выше / у EMA / 3 ниже. Границы третилей свои у каждой пары (в подписи % не указаны). Колонки mean — пороги доходности своей пары.
В ячейке: (годы X/Y) — знак отклонения доли колонки от BASE совпал с общим (порог: 40/15 дн. в году, BASE/строка).
Отклонение EMA                            |                Цена росла |         Цена росла > mean |           Цена росла mean |         Цена росла < mean |               Цена падала |        Цена падала > mean |          Цена падала mean |        Цена падала < mean |        Цена росла до mean |       Цена была выше mean |       Цена падала до mean |       Цена была ниже mean
-----------------------------------------------------------------------------------------------------------------------------------------------------------------------------------------------------------------------------------------------------------------------------------------------------------------------------------------------------------------------------------------
Сильно выше EMA (ср ret +0.1%, n=8867)    |           47.5 (3/4) [33] |           17.1 (4/4) [49] |           17.6 (4/4) [43] |           12.7 (4/4) [48] |           52.4 (3/4) [34] |           12.7 (4/4) [47] |           21.4 (3/4) [26] |           18.3 (4/4) [49] |           74.6 (4/4) [47] |           37.1 (4/4) [49] |           80.3 (4/4) [49] |           42.7 (4/4) [49]
Выше EMA (средне) (ср ret +0.1%, n=5787)  |           49.7 (2/5) [16] |           13.3 (2/5) [33] |           21.2 (1/5) [29] |           15.2 (3/5) [32] |           49.9 (2/5) [19] |           15.3 (4/5) [37] |           22.0 (2/5) [24] |           12.6 (4/5) [32] |           68.3 (2/5) [36] |           26.6 (3/5) [32] |           71.3 (3/5) [29] |           31.2 (4/5) [36]
Чуть выше EMA (ср ret +0.1%, n=3355)      |           50.2 (2/5) [20] |           11.1 (3/5) [20] |           21.3 (2/5) [19] |           17.8 (3/5) [18] |           49.3 (2/5) [19] |           16.9 (3/5) [18] |           20.7 (3/5) [21] |           11.7 (2/5) [18] |            66.6 (2/5) [5] |           23.6 (2/5) [18] |           66.9 (3/5) [19] |           26.0 (2/5) [22]
У EMA (ср ret -0.1%, n=5531)              |           48.9 (3/5) [10] |           12.0 (3/5) [25] |           21.1 (2/5) [30] |           15.8 (4/5) [31] |            50.8 (3/5) [7] |           16.1 (3/5) [26] |           21.9 (1/5) [24] |           12.7 (4/5) [25] |           67.8 (3/5) [30] |           25.7 (3/5) [28] |           70.6 (4/5) [28] |           28.6 (4/5) [27]
Чуть ниже EMA (ср ret -0.1%, n=9595)      |           46.9 (5/5) [31] |            9.7 (5/5) [37] |           20.9 (2/5) [27] |           16.4 (4/5) [24] |           52.7 (5/5) [33] |           18.2 (3/5) [36] |           23.4 (4/5) [30] |           11.1 (2/5) [33] |           63.4 (5/5) [37] |           20.9 (3/5) [42] |           68.8 (3/5) [29] |           25.6 (3/5) [40]
Ниже EMA (средне) (ср ret -0.0%, n=12477) |           49.1 (2/5) [30] |            9.8 (4/5) [39] |           21.3 (2/5) [28] |           18.0 (3/5) [37] |           50.4 (2/5) [30] |           18.0 (4/5) [34] |           22.1 (3/5) [27] |           10.2 (4/5) [40] |           63.5 (4/5) [37] |           20.9 (4/5) [41] |           65.6 (4/5) [42] |           24.2 (4/5) [44]
Сильно ниже EMA (ср ret +0.2%, n=15589)   |           50.1 (5/5) [35] |           11.2 (2/5) [30] |           20.7 (4/5) [26] |           18.1 (5/5) [40] |           49.4 (5/5) [35] |           17.3 (3/5) [29] |           22.5 (2/5) [23] |            9.5 (5/5) [44] |           65.6 (3/5) [27] |           23.7 (3/5) [35] |           67.0 (5/5) [42] |           24.5 (5/5) [43]
-----------------------------------------------------------------------------------------------------------------------------------------------------------------------------------------------------------------------------------------------------------------------------------------------------------------------------------------------------------------------------------------
BASE без условий (n=61201)                |                      48.9 |                      11.8 |                      20.5 |                      16.5 |                      50.7 |                      16.6 |                      22.2 |                      11.9 |                      66.6 |                      25.1 |                      69.7 |                      28.3

=== Δ к BASE: EMA(200) (п.п.) ===
Отклонение EMA                            |                Цена росла |         Цена росла > mean |           Цена росла mean |         Цена росла < mean |               Цена падала |        Цена падала > mean |          Цена падала mean |        Цена падала < mean |        Цена росла до mean |       Цена была выше mean |       Цена падала до mean |       Цена была ниже mean
-----------------------------------------------------------------------------------------------------------------------------------------------------------------------------------------------------------------------------------------------------------------------------------------------------------------------------------------------------------------------------------------
Сильно выше EMA (ср ret +0.1%, n=8867)    |           -1.4 (3/4) [33] |           +5.3 (4/4) [49] |           -2.9 (4/4) [43] |           -3.8 (4/4) [48] |           +1.7 (3/4) [34] |           -3.9 (4/4) [47] |           -0.8 (3/4) [26] |           +6.4 (4/4) [49] |           +7.9 (4/4) [47] |          +12.0 (4/4) [49] |          +10.7 (4/4) [49] |          +14.4 (4/4) [49]
Выше EMA (средне) (ср ret +0.1%, n=5787)  |           +0.8 (2/5) [16] |           +1.5 (2/5) [33] |           +0.7 (1/5) [29] |           -1.4 (3/5) [32] |           -0.8 (2/5) [19] |           -1.3 (4/5) [37] |           -0.2 (2/5) [24] |           +0.7 (4/5) [32] |           +1.7 (2/5) [36] |           +1.5 (3/5) [32] |           +1.7 (3/5) [29] |           +2.8 (4/5) [36]
Чуть выше EMA (ср ret +0.1%, n=3355)      |           +1.3 (2/5) [20] |           -0.7 (3/5) [20] |           +0.7 (2/5) [19] |           +1.3 (3/5) [18] |           -1.4 (2/5) [19] |           +0.3 (3/5) [18] |           -1.5 (3/5) [21] |           -0.1 (2/5) [18] |            -0.1 (2/5) [5] |           -1.5 (2/5) [18] |           -2.7 (3/5) [19] |           -2.3 (2/5) [22]
У EMA (ср ret -0.1%, n=5531)              |           +0.0 (3/5) [10] |           +0.2 (3/5) [25] |           +0.6 (2/5) [30] |           -0.7 (4/5) [31] |            +0.0 (3/5) [7] |           -0.5 (3/5) [26] |           -0.3 (1/5) [24] |           +0.9 (4/5) [25] |           +1.2 (3/5) [30] |           +0.6 (3/5) [28] |           +0.9 (4/5) [28] |           +0.3 (4/5) [27]
Чуть ниже EMA (ср ret -0.1%, n=9595)      |           -2.0 (5/5) [31] |           -2.1 (5/5) [37] |           +0.3 (2/5) [27] |           -0.2 (4/5) [24] |           +2.0 (5/5) [33] |           +1.6 (3/5) [36] |           +1.2 (4/5) [30] |           -0.8 (2/5) [33] |           -3.2 (5/5) [37] |           -4.1 (3/5) [42] |           -0.8 (3/5) [29] |           -2.7 (3/5) [40]
Ниже EMA (средне) (ср ret -0.0%, n=12477) |           +0.2 (2/5) [30] |           -2.0 (4/5) [39] |           +0.8 (2/5) [28] |           +1.5 (3/5) [37] |           -0.3 (2/5) [30] |           +1.4 (4/5) [34] |           -0.1 (3/5) [27] |           -1.7 (4/5) [40] |           -3.2 (4/5) [37] |           -4.2 (4/5) [41] |           -4.1 (4/5) [42] |           -4.1 (4/5) [44]
Сильно ниже EMA (ср ret +0.2%, n=15589)   |           +1.2 (5/5) [35] |           -0.6 (2/5) [30] |           +0.2 (4/5) [26] |           +1.6 (5/5) [40] |           -1.4 (5/5) [35] |           +0.7 (3/5) [29] |           +0.3 (2/5) [23] |           -2.4 (5/5) [44] |           -1.0 (3/5) [27] |           -1.4 (3/5) [35] |           -2.7 (5/5) [42] |           -3.8 (5/5) [43]

=== Пояснение к таблицам EMA ===

Строки «Сильно выше / Выше / … / Сильно ниже EMA» — бакет вчерашнего dev относительно третилей положительных и отрицательных отклонений своей пары.

Колонки — условные доли дневного return сегодня (close vs open и intraday high/low); пороги mean — отдельно по каждой паре (μ×0.5 / μ×1.5 дней роста и падения).

В ячейке (X/Y) [N]: X/Y — годы со согласованным знаком Δ к BASE; [N] — число пар с тем же знаком Δ.
