=== Отчёт: ema_period_screen (этап 0 — выбор периода EMA) ===
Пар: 49
Период (UTC): 2022-01-01 .. 2026-05-31
Кандидаты EMA: 5, 9, 12, 20, 50, 100, 200
Фильтр пар: первая свеча не позже 2023-01-01 (UTC)
Пары: 1000luncusdt, aaveusdt, adausdt, algousdt, aliceusdt, apeusdt, api3usdt, aptusdt, atomusdt, avaxusdt, axsusdt
      bchusdt, bnbusdt, btcusdt, chzusdt, crvusdt, dashusdt, dogeusdt, dotusdt, dydxusdt, egldusdt, enjusdt
      etcusdt, ethusdt, filusdt, galausdt, gmtusdt, hbarusdt, icpusdt, injusdt, ldousdt, linkusdt, ltcusdt
      nearusdt, ontusdt, opusdt, paxgusdt, sandusdt, shib1000usdt, solusdt, storjusdt, stxusdt, trxusdt, uniusdt
      xlmusdt, xmrusdt, xrpusdt, zecusdt, zenusdt

=== Сводка: стабильность по периодам EMA ===
Этап 0 — выбор периода EMA. Колонки: «Цена росла» и «Цена падала» (Δ к BASE, п.п.). Значимая ячейка = бакет×колонка с |Δ| ≥ 1.5 п.п. Индекс (равный вес 25%): ср.|Δ| (норм. к макс.), ср.годы %, ср.пары %, число значимых ячеек (норм. к макс.).

   # |   EMA |   ср.|Δ| |   Ср.годы |   Ср.пары |  Знач. |  Индекс%
-------------------------------------------------------------------
   1 |     5 |      3.4 |      100% |       92% |      4 |     87.2
   2 |    12 |      2.7 |       93% |       83% |      6 |     85.4
   3 |     9 |      2.5 |       86% |       78% |      7 |     84.3
   4 |    20 |      2.7 |       87% |       78% |      6 |     82.5
   5 |    50 |      2.1 |      100% |       74% |      5 |     76.6
   6 |   100 |      2.0 |       90% |       80% |      4 |     71.6
   7 |   200 |      1.7 |       93% |       66% |      3 |     63.0

Знач. — число значимых ячеек (бакет × колонка с |Δ| ≥ порога).

Рекомендация этапа 0: EMA(5) — индекс 87.2%, ср.|Δ| 3.4 п.п., ср.годы 100%, ср.пары 92%, значимых ячеек 4.
Дальше: ema_spreads с выбранным --ema-periods и проверки train/val (README).

=== Значимые ячейки: «Цена росла» / «Цена падала» (|Δ| ≥ порога) ===
Пороги t1⁺/t2⁺ — ⅓ и ⅔ квантили dev>0 пары; t1⁻/t2⁻ — ⅓ и ⅔ dev<0 (t1⁻ ≤ t2⁻); near = max(Q10(|dev|), 0.05%). Бакеты b0–b6 — см. строки таблицы.
Формат: бакет | колонка | Δ п.п. | годы X/Y | пары N/M

--- EMA(5) ---
  b0 dev > t2⁺ | Цена падала | +3.5 п.п. | годы 5/5 | пары 42/49
  b0 dev > t2⁺ | Цена росла | -3.4 п.п. | годы 5/5 | пары 42/49
  b6 dev < t1⁻ | Цена падала | -3.3 п.п. | годы 5/5 | пары 48/49
  b6 dev < t1⁻ | Цена росла | +3.4 п.п. | годы 5/5 | пары 48/49

--- EMA(12) ---
  b0 dev > t2⁺ | Цена падала | +2.3 п.п. | годы 5/5 | пары 39/49
  b0 dev > t2⁺ | Цена росла | -2.1 п.п. | годы 5/5 | пары 38/49
  b3 |dev| ≤ near | Цена падала | +1.7 п.п. | годы 4/5 | пары 37/49
  b3 |dev| ≤ near | Цена росла | -1.7 п.п. | годы 4/5 | пары 35/49
  b6 dev < t1⁻ | Цена падала | -4.2 п.п. | годы 5/5 | пары 48/49
  b6 dev < t1⁻ | Цена росла | +4.2 п.п. | годы 5/5 | пары 48/49

--- EMA(9) ---
  b0 dev > t2⁺ | Цена падала | +2.7 п.п. | годы 4/5 | пары 39/49
  b0 dev > t2⁺ | Цена росла | -2.6 п.п. | годы 4/5 | пары 37/49
  b2 near < dev ≤ t1⁺ | Цена падала | +1.6 п.п. | годы 4/5 | пары 35/49
  b2 near < dev ≤ t1⁺ | Цена росла | -1.7 п.п. | годы 4/5 | пары 32/49
  b3 |dev| ≤ near | Цена росла | -1.5 п.п. | годы 4/5 | пары 29/49
  b6 dev < t1⁻ | Цена падала | -3.7 п.п. | годы 5/5 | пары 47/49
  b6 dev < t1⁻ | Цена росла | +3.7 п.п. | годы 5/5 | пары 48/49

--- EMA(20) ---
  b0 dev > t2⁺ | Цена падала | +1.9 п.п. | годы 4/5 | пары 32/49
  b0 dev > t2⁺ | Цена росла | -1.7 п.п. | годы 4/5 | пары 30/49
  b3 |dev| ≤ near | Цена падала | +2.2 п.п. | годы 4/5 | пары 35/49
  b3 |dev| ≤ near | Цена росла | -2.1 п.п. | годы 4/5 | пары 35/49
  b6 dev < t1⁻ | Цена падала | -4.2 п.п. | годы 5/5 | пары 49/49
  b6 dev < t1⁻ | Цена росла | +4.2 п.п. | годы 5/5 | пары 49/49

--- EMA(50) ---
  b0 dev > t2⁺ | Цена падала | +2.2 п.п. | годы 5/5 | пары 32/49
  b0 dev > t2⁺ | Цена росла | -2.0 п.п. | годы 5/5 | пары 29/49
  b3 |dev| ≤ near | Цена падала | +1.7 п.п. | годы 5/5 | пары 31/49
  b6 dev < t1⁻ | Цена падала | -2.3 п.п. | годы 5/5 | пары 45/49
  b6 dev < t1⁻ | Цена росла | +2.3 п.п. | годы 5/5 | пары 44/49

--- EMA(100) ---
  b0 dev > t2⁺ | Цена падала | +1.9 п.п. | годы 4/5 | пары 37/49
  b0 dev > t2⁺ | Цена росла | -1.7 п.п. | годы 4/5 | пары 35/49
  b6 dev < t1⁻ | Цена падала | -2.3 п.п. | годы 5/5 | пары 42/49
  b6 dev < t1⁻ | Цена росла | +2.2 п.п. | годы 5/5 | пары 42/49

--- EMA(200) ---
  b0 dev > t2⁺ | Цена падала | +1.7 п.п. | годы 4/5 | пары 34/49
  b4 t2⁻ ≤ dev < −near | Цена падала | +1.7 п.п. | годы 5/5 | пары 32/47
  b4 t2⁻ ≤ dev < −near | Цена росла | -1.7 п.п. | годы 5/5 | пары 29/47

=== Графики ===
Индекс стабильности: /home_admin/crypto_bot/crypto_research/research_outputs/ema/ema_spreads/statistics/plots/ema_period_screen_stability_index_49pairs_ema5_9_12_20_50_100_200_20220101_20260531.png
Ср. согласие материальных ячеек по годам: /home_admin/crypto_bot/crypto_research/research_outputs/ema/ema_spreads/statistics/plots/ema_period_screen_yearly_agreement_49pairs_ema5_9_12_20_50_100_200_20220101_20260531.png

