=== Отчёт: ema_spreads (отклонение close от EMA) ===
Пар: 49
Период (UTC): 2024-04-01 .. 2026-05-31
Периоды EMA: 20
Фильтр пар: первая свеча не позже 2023-01-01 (UTC)
Пары: 1000luncusdt, aaveusdt, adausdt, algousdt, aliceusdt, apeusdt, api3usdt, aptusdt, atomusdt, avaxusdt, axsusdt
      bchusdt, bnbusdt, btcusdt, chzusdt, crvusdt, dashusdt, dogeusdt, dotusdt, dydxusdt, egldusdt, enjusdt
      etcusdt, ethusdt, filusdt, galausdt, gmtusdt, hbarusdt, icpusdt, injusdt, ldousdt, linkusdt, ltcusdt
      nearusdt, ontusdt, opusdt, paxgusdt, sandusdt, shib1000usdt, solusdt, storjusdt, stxusdt, trxusdt, uniusdt
      xlmusdt, xmrusdt, xrpusdt, zecusdt, zenusdt

Методика: dev вчера = (close−EMA)/EMA×100 на дневном close UTC; сегодняшний return = (close−open)/open×100%. 7 строк условия — третили отклонения >0 и <0 внутри каждой пары + полоса «у EMA». Без look-ahead: пороги и EMA считаются только по истории пары до текущего дня.

=== Отклонение close от EMA (%) ===
dev = (close − EMA) / EMA × 100 на дневном close UTC; периоды 20. Счёт по каждой паре отдельно; ниже — среднее по 49 парам.
Обрезка внутри каждой пары: перцентили 5–95% (как в блоке дней роста/падения). mean — со знаком; |dev| — средняя дистанция без знака.
EMA      |     mean |   median |    |dev| |      std |      min |      max |      n
-----------------------------------------------------------------------------------
EMA(20 ) |    -1.91 |    -2.47 |    +5.65 |    +6.45 |   -14.84 |   +15.28 |    693

=== EMA(20) вчера → return сегодня, % ===
dev вчера = (close−EMA)/EMA×100; 7 строк: 3 выше / у EMA / 3 ниже. Границы третилей свои у каждой пары (в подписи % не указаны). Колонки mean — пороги доходности своей пары.
В ячейке: (годы X/Y) — знак отклонения доли колонки от BASE совпал с общим (порог: 40/15 дн. в году, BASE/строка).
Отклонение EMA                           |                Цена росла |         Цена росла > mean |           Цена росла mean |         Цена росла < mean |               Цена падала |        Цена падала > mean |          Цена падала mean |        Цена падала < mean |        Цена росла до mean |       Цена была выше mean |       Цена падала до mean |       Цена была ниже mean
----------------------------------------------------------------------------------------------------------------------------------------------------------------------------------------------------------------------------------------------------------------------------------------------------------------------------------------------------------------------------------------
Сильно выше EMA (ср ret +0.2%, n=6131)   |           47.5 (1/3) [28] |           13.6 (3/3) [36] |           17.9 (3/3) [39] |           16.0 (3/3) [42] |           52.4 (1/3) [27] |           13.6 (3/3) [38] |           22.6 (2/3) [26] |           16.2 (3/3) [43] |           73.4 (3/3) [46] |           36.0 (3/3) [47] |           80.6 (3/3) [49] |           38.3 (3/3) [46]
Выше EMA (средне) (ср ret -0.2%, n=4257) |           46.0 (2/3) [31] |           16.3 (3/3) [25] |           18.9 (2/3) [32] |           10.8 (2/3) [35] |           53.8 (2/3) [33] |           16.9 (3/3) [29] |           24.0 (1/3) [26] |           12.8 (1/3) [26] |           64.6 (3/3) [32] |           22.8 (3/3) [35] |           71.0 (2/3) [34] |           25.4 (3/3) [34]
Чуть выше EMA (ср ret -0.1%, n=2588)     |           47.6 (1/3) [28] |           16.8 (2/3) [24] |           20.9 (3/3) [26] |            9.9 (3/3) [35] |           52.2 (1/3) [27] |           17.1 (2/3) [28] |            23.4 (2/3) [8] |           11.7 (3/3) [29] |           63.9 (3/3) [36] |           20.6 (3/3) [41] |           65.6 (3/3) [35] |           24.7 (3/3) [36]
У EMA (ср ret -0.2%, n=3430)             |           45.8 (2/3) [32] |           16.6 (1/3) [29] |           19.6 (3/3) [31] |            9.5 (3/3) [36] |           54.0 (2/3) [32] |           17.6 (2/3) [31] |           25.6 (2/3) [31] |           10.9 (3/3) [33] |           62.4 (3/3) [40] |           18.7 (3/3) [44] |           66.4 (3/3) [40] |           23.3 (3/3) [45]
Чуть ниже EMA (ср ret -0.2%, n=5321)     |           47.0 (2/3) [25] |           17.6 (3/3) [34] |           18.8 (3/3) [32] |           10.6 (3/3) [39] |           52.8 (2/3) [25] |           17.1 (3/3) [33] |           24.8 (3/3) [28] |           10.9 (3/3) [36] |           62.8 (3/3) [41] |           19.6 (3/3) [46] |           65.0 (3/3) [44] |           22.6 (3/3) [47]
Ниже EMA (средне) (ср ret -0.3%, n=7021) |           44.9 (3/3) [38] |           16.2 (2/3) [25] |           19.9 (2/3) [30] |            8.8 (3/3) [45] |           54.9 (3/3) [38] |           18.4 (3/3) [38] |           25.4 (2/3) [33] |           11.1 (3/3) [39] |           61.7 (3/3) [42] |           18.2 (3/3) [49] |           67.8 (3/3) [38] |           25.1 (3/3) [43]
Сильно ниже EMA (ср ret +0.3%, n=8915)   |           52.9 (3/3) [47] |           14.9 (3/3) [29] |           23.4 (3/3) [43] |           14.6 (3/3) [43] |           47.0 (3/3) [47] |           13.7 (3/3) [42] |           20.4 (3/3) [47] |           12.9 (2/3) [26] |           74.0 (3/3) [47] |           31.3 (3/3) [46] |           71.8 (2/3) [30] |           34.0 (3/3) [47]
----------------------------------------------------------------------------------------------------------------------------------------------------------------------------------------------------------------------------------------------------------------------------------------------------------------------------------------------------------------------------------------
BASE без условий (n=37663)               |                      47.9 |                      15.7 |                      20.2 |                      12.0 |                      51.9 |                      16.0 |                      23.4 |                      12.5 |                      67.2 |                      25.1 |                      70.5 |                      28.8

=== Δ к BASE: EMA(20) (п.п.) ===
Отклонение EMA                           |                Цена росла |         Цена росла > mean |           Цена росла mean |         Цена росла < mean |               Цена падала |        Цена падала > mean |          Цена падала mean |        Цена падала < mean |        Цена росла до mean |       Цена была выше mean |       Цена падала до mean |       Цена была ниже mean
----------------------------------------------------------------------------------------------------------------------------------------------------------------------------------------------------------------------------------------------------------------------------------------------------------------------------------------------------------------------------------------
Сильно выше EMA (ср ret +0.2%, n=6131)   |           -0.4 (1/3) [28] |           -2.2 (3/3) [36] |           -2.3 (3/3) [39] |           +4.0 (3/3) [42] |           +0.4 (1/3) [27] |           -2.4 (3/3) [38] |           -0.8 (2/3) [26] |           +3.6 (3/3) [43] |           +6.2 (3/3) [46] |          +10.9 (3/3) [47] |          +10.1 (3/3) [49] |           +9.4 (3/3) [46]
Выше EMA (средне) (ср ret -0.2%, n=4257) |           -1.9 (2/3) [31] |           +0.5 (3/3) [25] |           -1.3 (2/3) [32] |           -1.2 (2/3) [35] |           +1.9 (2/3) [33] |           +0.9 (3/3) [29] |           +0.6 (1/3) [26] |           +0.3 (1/3) [26] |           -2.6 (3/3) [32] |           -2.3 (3/3) [35] |           +0.5 (2/3) [34] |           -3.5 (3/3) [34]
Чуть выше EMA (ср ret -0.1%, n=2588)     |           -0.3 (1/3) [28] |           +1.1 (2/3) [24] |           +0.7 (3/3) [26] |           -2.1 (3/3) [35] |           +0.2 (1/3) [27] |           +1.1 (2/3) [28] |            -0.0 (2/3) [8] |           -0.8 (3/3) [29] |           -3.3 (3/3) [36] |           -4.5 (3/3) [41] |           -4.9 (3/3) [35] |           -4.1 (3/3) [36]
У EMA (ср ret -0.2%, n=3430)             |           -2.1 (2/3) [32] |           +0.9 (1/3) [29] |           -0.6 (3/3) [31] |           -2.4 (3/3) [36] |           +2.1 (2/3) [32] |           +1.6 (2/3) [31] |           +2.2 (2/3) [31] |           -1.6 (3/3) [33] |           -4.8 (3/3) [40] |           -6.4 (3/3) [44] |           -4.1 (3/3) [40] |           -5.5 (3/3) [45]
Чуть ниже EMA (ср ret -0.2%, n=5321)     |           -0.9 (2/3) [25] |           +1.8 (3/3) [34] |           -1.4 (3/3) [32] |           -1.4 (3/3) [39] |           +0.9 (2/3) [25] |           +1.1 (3/3) [33] |           +1.4 (3/3) [28] |           -1.6 (3/3) [36] |           -4.4 (3/3) [41] |           -5.5 (3/3) [46] |           -5.5 (3/3) [44] |           -6.2 (3/3) [47]
Ниже EMA (средне) (ср ret -0.3%, n=7021) |           -3.0 (3/3) [38] |           +0.4 (2/3) [25] |           -0.3 (2/3) [30] |           -3.1 (3/3) [45] |           +3.0 (3/3) [38] |           +2.5 (3/3) [38] |           +2.0 (2/3) [33] |           -1.5 (3/3) [39] |           -5.5 (3/3) [42] |           -6.9 (3/3) [49] |           -2.8 (3/3) [38] |           -3.7 (3/3) [43]
Сильно ниже EMA (ср ret +0.3%, n=8915)   |           +5.0 (3/3) [47] |           -0.9 (3/3) [29] |           +3.2 (3/3) [43] |           +2.6 (3/3) [43] |           -4.9 (3/3) [47] |           -2.3 (3/3) [42] |           -3.0 (3/3) [47] |           +0.3 (2/3) [26] |           +6.8 (3/3) [47] |           +6.2 (3/3) [46] |           +1.3 (2/3) [30] |           +5.1 (3/3) [47]

=== Пояснение к таблицам EMA ===

Строки «Сильно выше / Выше / … / Сильно ниже EMA» — бакет вчерашнего dev относительно третилей положительных и отрицательных отклонений своей пары.

Колонки — условные доли дневного return сегодня (close vs open и intraday high/low); пороги mean — отдельно по каждой паре (μ×0.5 / μ×1.5 дней роста и падения).

В ячейке (X/Y) [N]: X/Y — годы со согласованным знаком Δ к BASE; [N] — число пар с тем же знаком Δ.
